Archive member included to satisfy reference by file (symbol)

C:/ST/STM32CubeIDE_1.16.1/STM32CubeIDE/plugins/com.st.stm32cube.ide.mcu.externaltools.gnu-tools-for-stm32.12.3.rel1.win32_1.0.200.202406191623/tools/bin/../lib/gcc/arm-none-eabi/12.3.1/../../../../arm-none-eabi/lib/thumb/v7e-m+fp/hard\libc_nano.a(libc_a-exit.o)
                              C:/ST/STM32CubeIDE_1.16.1/STM32CubeIDE/plugins/com.st.stm32cube.ide.mcu.externaltools.gnu-tools-for-stm32.12.3.rel1.win32_1.0.200.202406191623/tools/bin/../lib/gcc/arm-none-eabi/12.3.1/../../../../arm-none-eabi/lib/thumb/v7e-m+fp/hard/crt0.o (exit)
C:/ST/STM32CubeIDE_1.16.1/STM32CubeIDE/plugins/com.st.stm32cube.ide.mcu.externaltools.gnu-tools-for-stm32.12.3.rel1.win32_1.0.200.202406191623/tools/bin/../lib/gcc/arm-none-eabi/12.3.1/../../../../arm-none-eabi/lib/thumb/v7e-m+fp/hard\libc_nano.a(libc_a-nano-vfprintf_float.o)
                              (_printf_float)
C:/ST/STM32CubeIDE_1.16.1/STM32CubeIDE/plugins/com.st.stm32cube.ide.mcu.externaltools.gnu-tools-for-stm32.12.3.rel1.win32_1.0.200.202406191623/tools/bin/../lib/gcc/arm-none-eabi/12.3.1/../../../../arm-none-eabi/lib/thumb/v7e-m+fp/hard\libc_nano.a(libc_a-nano-vfprintf_i.o)
                              C:/ST/STM32CubeIDE_1.16.1/STM32CubeIDE/plugins/com.st.stm32cube.ide.mcu.externaltools.gnu-tools-for-stm32.12.3.rel1.win32_1.0.200.202406191623/tools/bin/../lib/gcc/arm-none-eabi/12.3.1/../../../../arm-none-eabi/lib/thumb/v7e-m+fp/hard\libc_nano.a(libc_a-nano-vfprintf_float.o) (_printf_common)
C:/ST/STM32CubeIDE_1.16.1/STM32CubeIDE/plugins/com.st.stm32cube.ide.mcu.externaltools.gnu-tools-for-stm32.12.3.rel1.win32_1.0.200.202406191623/tools/bin/../lib/gcc/arm-none-eabi/12.3.1/../../../../arm-none-eabi/lib/thumb/v7e-m+fp/hard\libc_nano.a(libc_a-fflush.o)
                              ./BlueNRG_MS/App/sample_service.o (fflush)
C:/ST/STM32CubeIDE_1.16.1/STM32CubeIDE/plugins/com.st.stm32cube.ide.mcu.externaltools.gnu-tools-for-stm32.12.3.rel1.win32_1.0.200.202406191623/tools/bin/../lib/gcc/arm-none-eabi/12.3.1/../../../../arm-none-eabi/lib/thumb/v7e-m+fp/hard\libc_nano.a(libc_a-findfp.o)
                              C:/ST/STM32CubeIDE_1.16.1/STM32CubeIDE/plugins/com.st.stm32cube.ide.mcu.externaltools.gnu-tools-for-stm32.12.3.rel1.win32_1.0.200.202406191623/tools/bin/../lib/gcc/arm-none-eabi/12.3.1/../../../../arm-none-eabi/lib/thumb/v7e-m+fp/hard\libc_nano.a(libc_a-fflush.o) (__sglue)
C:/ST/STM32CubeIDE_1.16.1/STM32CubeIDE/plugins/com.st.stm32cube.ide.mcu.externaltools.gnu-tools-for-stm32.12.3.rel1.win32_1.0.200.202406191623/tools/bin/../lib/gcc/arm-none-eabi/12.3.1/../../../../arm-none-eabi/lib/thumb/v7e-m+fp/hard\libc_nano.a(libc_a-fwalk.o)
                              C:/ST/STM32CubeIDE_1.16.1/STM32CubeIDE/plugins/com.st.stm32cube.ide.mcu.externaltools.gnu-tools-for-stm32.12.3.rel1.win32_1.0.200.202406191623/tools/bin/../lib/gcc/arm-none-eabi/12.3.1/../../../../arm-none-eabi/lib/thumb/v7e-m+fp/hard\libc_nano.a(libc_a-fflush.o) (_fwalk_sglue)
C:/ST/STM32CubeIDE_1.16.1/STM32CubeIDE/plugins/com.st.stm32cube.ide.mcu.externaltools.gnu-tools-for-stm32.12.3.rel1.win32_1.0.200.202406191623/tools/bin/../lib/gcc/arm-none-eabi/12.3.1/../../../../arm-none-eabi/lib/thumb/v7e-m+fp/hard\libc_nano.a(libc_a-printf.o)
                              ./BlueNRG_MS/App/app_bluenrg_ms.o (printf)
C:/ST/STM32CubeIDE_1.16.1/STM32CubeIDE/plugins/com.st.stm32cube.ide.mcu.externaltools.gnu-tools-for-stm32.12.3.rel1.win32_1.0.200.202406191623/tools/bin/../lib/gcc/arm-none-eabi/12.3.1/../../../../arm-none-eabi/lib/thumb/v7e-m+fp/hard\libc_nano.a(libc_a-putchar.o)
                              ./BlueNRG_MS/App/sample_service.o (putchar)
C:/ST/STM32CubeIDE_1.16.1/STM32CubeIDE/plugins/com.st.stm32cube.ide.mcu.externaltools.gnu-tools-for-stm32.12.3.rel1.win32_1.0.200.202406191623/tools/bin/../lib/gcc/arm-none-eabi/12.3.1/../../../../arm-none-eabi/lib/thumb/v7e-m+fp/hard\libc_nano.a(libc_a-puts.o)
                              ./BlueNRG_MS/App/app_bluenrg_ms.o (puts)
C:/ST/STM32CubeIDE_1.16.1/STM32CubeIDE/plugins/com.st.stm32cube.ide.mcu.externaltools.gnu-tools-for-stm32.12.3.rel1.win32_1.0.200.202406191623/tools/bin/../lib/gcc/arm-none-eabi/12.3.1/../../../../arm-none-eabi/lib/thumb/v7e-m+fp/hard\libc_nano.a(libc_a-sprintf.o)
                              ./BlueNRG_MS/App/app_bluenrg_ms.o (sprintf)
C:/ST/STM32CubeIDE_1.16.1/STM32CubeIDE/plugins/com.st.stm32cube.ide.mcu.externaltools.gnu-tools-for-stm32.12.3.rel1.win32_1.0.200.202406191623/tools/bin/../lib/gcc/arm-none-eabi/12.3.1/../../../../arm-none-eabi/lib/thumb/v7e-m+fp/hard\libc_nano.a(libc_a-stdio.o)
                              C:/ST/STM32CubeIDE_1.16.1/STM32CubeIDE/plugins/com.st.stm32cube.ide.mcu.externaltools.gnu-tools-for-stm32.12.3.rel1.win32_1.0.200.202406191623/tools/bin/../lib/gcc/arm-none-eabi/12.3.1/../../../../arm-none-eabi/lib/thumb/v7e-m+fp/hard\libc_nano.a(libc_a-findfp.o) (__sread)
[...]
Memory Configuration

Name             Origin             Length             Attributes
RAM              0x20000000         0x00018000         xrw
FLASH            0x08000000         0x00080000         xr
*default*        0x00000000         0xffffffff

Linker script and memory map

LOAD C:/ST/STM32CubeIDE_1.16.1/STM32CubeIDE/plugins/com.st.stm32cube.ide.mcu.externaltools.gnu-tools-for-stm32.12.3.rel1.win32_1.0.200.202406191623/tools/bin/../lib/gcc/arm-none-eabi/12.3.1/thumb/v7e-m+fp/hard/crti.o
LOAD C:/ST/STM32CubeIDE_1.16.1/STM32CubeIDE/plugins/com.st.stm32cube.ide.mcu.externaltools.gnu-tools-for-stm32.12.3.rel1.win32_1.0.200.202406191623/tools/bin/../lib/gcc/arm-none-eabi/12.3.1/thumb/v7e-m+fp/hard/crtbegin.o
LOAD C:/ST/STM32CubeIDE_1.16.1/STM32CubeIDE/plugins/com.st.stm32cube.ide.mcu.externaltools.gnu-tools-for-stm32.12.3.rel1.win32_1.0.200.202406191623/tools/bin/../lib/gcc/arm-none-eabi/12.3.1/../../../../arm-none-eabi/lib/thumb/v7e-m+fp/hard/crt0.o
LOAD ./BlueNRG_MS/App/app_bluenrg_ms.o
LOAD ./BlueNRG_MS/App/sample_service.o
LOAD ./BlueNRG_MS/Target/hci_tl_interface.o
LOAD ./Core/Src/AS7421.o
LOAD ./Core/Src/i2c.o
LOAD ./Core/Src/main.o
LOAD ./Core/Src/mux.o
LOAD ./Core/Src/stm32f4xx_hal_msp.o
LOAD ./Core/Src/stm32f4xx_it.o
LOAD ./Core/Src/stm32f4xx_nucleo_bus.o
LOAD ./Core/Src/syscalls.o
LOAD ./Core/Src/sysmem.o
LOAD ./Core/Src/system_stm32f4xx.o
LOAD ./Core/Src/uart.o
LOAD ./Core/Startup/startup_stm32f401retx.o
LOAD ./Drivers/BSP/STM32F4xx_Nucleo/stm32f4xx_nucleo.o
LOAD ./Drivers/STM32F4xx_HAL_Driver/Src/stm32f4xx_hal.o
LOAD ./Drivers/STM32F4xx_HAL_Driver/Src/stm32f4xx_hal_cortex.o
LOAD ./Drivers/STM32F4xx_HAL_Driver/Src/stm32f4xx_hal_dma.o
LOAD ./Drivers/STM32F4xx_HAL_Driver/Src/stm32f4xx_hal_dma_ex.o
LOAD ./Drivers/STM32F4xx_HAL_Driver/Src/stm32f4xx_hal_exti.o
LOAD ./Drivers/STM32F4xx_HAL_Driver/Src/stm32f4xx_hal_flash.o
LOAD ./Drivers/STM32F4xx_HAL_Driver/Src/stm32f4xx_hal_flash_ex.o
LOAD ./Drivers/STM32F4xx_HAL_Driver/Src/stm32f4xx_hal_flash_ramfunc.o
LOAD ./Drivers/STM32F4xx_HAL_Driver/Src/stm32f4xx_hal_gpio.o
LOAD ./Drivers/STM32F4xx_HAL_Driver/Src/stm32f4xx_hal_pwr.o
LOAD ./Drivers/STM32F4xx_HAL_Driver/Src/stm32f4xx_hal_pwr_ex.o
LOAD ./Drivers/STM32F4xx_HAL_Driver/Src/stm32f4xx_hal_rcc.o
LOAD ./Drivers/STM32F4xx_HAL_Driver/Src/stm32f4xx_hal_rcc_ex.o
LOAD ./Drivers/STM32F4xx_HAL_Driver/Src/stm32f4xx_hal_spi.o
LOAD ./Drivers/STM32F4xx_HAL_Driver/Src/stm32f4xx_hal_tim.o
LOAD ./Drivers/STM32F4xx_HAL_Driver/Src/stm32f4xx_hal_tim_ex.o
LOAD ./Drivers/STM32F4xx_HAL_Driver/Src/stm32f4xx_hal_uart.o
LOAD ./Middlewares/ST/BlueNRG-MS/hci/controller/bluenrg_gap_aci.o
LOAD ./Middlewares/ST/BlueNRG-MS/hci/controller/bluenrg_gatt_aci.o
LOAD ./Middlewares/ST/BlueNRG-MS/hci/controller/bluenrg_hal_aci.o
LOAD ./Middlewares/ST/BlueNRG-MS/hci/controller/bluenrg_l2cap_aci.o
LOAD ./Middlewares/ST/BlueNRG-MS/hci/controller/bluenrg_updater_aci.o
LOAD ./Middlewares/ST/BlueNRG-MS/hci/controller/bluenrg_utils_small.o
LOAD ./Middlewares/ST/BlueNRG-MS/hci/hci_le.o
LOAD ./Middlewares/ST/BlueNRG-MS/hci/hci_tl_patterns/Basic/hci_tl.o
LOAD ./Middlewares/ST/BlueNRG-MS/utils/ble_list.o
START GROUP
LOAD C:/ST/STM32CubeIDE_1.16.1/STM32CubeIDE/plugins/com.st.stm32cube.ide.mcu.externaltools.gnu-tools-for-stm32.12.3.rel1.win32_1.0.200.202406191623/tools/bin/../lib/gcc/arm-none-eabi/12.3.1/../../../../arm-none-eabi/lib/thumb/v7e-m+fp/hard\libc_nano.a
LOAD C:/ST/STM32CubeIDE_1.16.1/STM32CubeIDE/plugins/com.st.stm32cube.ide.mcu.externaltools.gnu-tools-for-stm32.12.3.rel1.win32_1.0.200.202406191623/tools/bin/../lib/gcc/arm-none-eabi/12.3.1/../../../../arm-none-eabi/lib/thumb/v7e-m+fp/hard\libm.a
END GROUP
START GROUP
LOAD C:/ST/STM32CubeIDE_1.16.1/STM32CubeIDE/plugins/com.st.stm32cube.ide.mcu.externaltools.gnu-tools-for-stm32.12.3.rel1.win32_1.0.200.202406191623/tools/bin/../lib/gcc/arm-none-eabi/12.3.1/thumb/v7e-m+fp/hard\libgcc.a
LOAD C:/ST/STM32CubeIDE_1.16.1/STM32CubeIDE/plugins/com.st.stm32cube.ide.mcu.externaltools.gnu-tools-for-stm32.12.3.rel1.win32_1.0.200.202406191623/tools/bin/../lib/gcc/arm-none-eabi/12.3.1/../../../../arm-none-eabi/lib/thumb/v7e-m+fp/hard\libc_nano.a
END GROUP
START GROUP
LOAD C:/ST/STM32CubeIDE_1.16.1/STM32CubeIDE/plugins/com.st.stm32cube.ide.mcu.externaltools.gnu-tools-for-stm32.12.3.rel1.win32_1.0.200.202406191623/tools/bin/../lib/gcc/arm-none-eabi/12.3.1/thumb/v7e-m+fp/hard\libgcc.a
LOAD C:/ST/STM32CubeIDE_1.16.1/STM32CubeIDE/plugins/com.st.stm32cube.ide.mcu.externaltools.gnu-tools-for-stm32.12.3.rel1.win32_1.0.200.202406191623/tools/bin/../lib/gcc/arm-none-eabi/12.3.1/../../../../arm-none-eabi/lib/thumb/v7e-m+fp/hard\libc_nano.a
LOAD C:/ST/STM32CubeIDE_1.16.1/STM32CubeIDE/plugins/com.st.stm32cube.ide.mcu.externaltools.gnu-tools-for-stm32.12.3.rel1.win32_1.0.200.202406191623/tools/bin/../lib/gcc/arm-none-eabi/12.3.1/../../../../arm-none-eabi/lib/thumb/v7e-m+fp/hard\libnosys.a
END GROUP
START GROUP
LOAD C:/ST/STM32CubeIDE_1.16.1/STM32CubeIDE/plugins/com.st.stm32cube.ide.mcu.externaltools.gnu-tools-for-stm32.12.3.rel1.win32_1.0.200.202406191623/tools/bin/../lib/gcc/arm-none-eabi/12.3.1/thumb/v7e-m+fp/hard\libgcc.a
LOAD C:/ST/STM32CubeIDE_1.16.1/STM32CubeIDE/plugins/com.st.stm32cube.ide.mcu.externaltools.gnu-tools-for-stm32.12.3.rel1.win32_1.0.200.202406191623/tools/bin/../lib/gcc/arm-none-eabi/12.3.1/../../../../arm-none-eabi/lib/thumb/v7e-m+fp/hard\libc_nano.a
LOAD C:/ST/STM32CubeIDE_1.16.1/STM32CubeIDE/plugins/com.st.stm32cube.ide.mcu.externaltools.gnu-tools-for-stm32.12.3.rel1.win32_1.0.200.202406191623/tools/bin/../lib/gcc/arm-none-eabi/12.3.1/../../../../arm-none-eabi/lib/thumb/v7e-m+fp/hard\libnosys.a
END GROUP
LOAD C:/ST/STM32CubeIDE_1.16.1/STM32CubeIDE/plugins/com.st.stm32cube.ide.mcu.externaltools.gnu-tools-for-stm32.12.3.rel1.win32_1.0.200.202406191623/tools/bin/../lib/gcc/arm-none-eabi/12.3.1/thumb/v7e-m+fp/hard/crtend.o
LOAD C:/ST/STM32CubeIDE_1.16.1/STM32CubeIDE/plugins/com.st.stm32cube.ide.mcu.externaltools.gnu-tools-for-stm32.12.3.rel1.win32_1.0.200.202406191623/tools/bin/../lib/gcc/arm-none-eabi/12.3.1/thumb/v7e-m+fp/hard/crtn.o
                0x20018000                        _estack = (ORIGIN (RAM) + LENGTH (RAM))
                0x00000200                        _Min_Heap_Size = 0x200
                0x00000400                        _Min_Stack_Size = 0x400

.isr_vector     0x08000000      0x194
                0x08000000                        . = ALIGN (0x4)
 *(.isr_vector)
 .isr_vector    0x08000000      0x194 ./Core/Startup/startup_stm32f401retx.o
                0x08000000                g_pfnVectors
                0x08000194                        . = ALIGN (0x4)

.text           0x080001a0     0x9f18
                0x080001a0                        . = ALIGN (0x4)
 *(.text)
 .text          0x080001a0       0x40 C:/ST/STM32CubeIDE_1.16.1/STM32CubeIDE/plugins/com.st.stm32cube.ide.mcu.externaltools.gnu-tools-for-stm32.12.3.rel1.win32_1.0.200.202406191623/tools/bin/../lib/gcc/arm-none-eabi/12.3.1/thumb/v7e-m+fp/hard/crtbegin.o
 .text          0x080001e0       0xa0 C:/ST/STM32CubeIDE_1.16.1/STM32CubeIDE/plugins/com.st.stm32cube.ide.mcu.externaltools.gnu-tools-for-stm32.12.3.rel1.win32_1.0.200.202406191623/tools/bin/../lib/gcc/arm-none-eabi/12.3.1/../../../../arm-none-eabi/lib/thumb/v7e-m+fp/hard\libc_nano.a(libc_a-memchr.o)
                0x080001e0                memchr
 .text          0x08000280       0x10 C:/ST/STM32CubeIDE_1.16.1/STM32CubeIDE/plugins/com.st.stm32cube.ide.mcu.externaltools.gnu-tools-for-stm32.12.3.rel1.win32_1.0.200.202406191623/tools/bin/../lib/gcc/arm-none-eabi/12.3.1/../../../../arm-none-eabi/lib/thumb/v7e-m+fp/hard\libc_nano.a(libc_a-strlen.o)
                0x08000280                strlen
 .text          0x08000290      0x378 C:/ST/STM32CubeIDE_1.16.1/STM32CubeIDE/plugins/com.st.stm32cube.ide.mcu.externaltools.gnu-tools-for-stm32.12.3.rel1.win32_1.0.200.202406191623/tools/bin/../lib/gcc/arm-none-eabi/12.3.1/thumb/v7e-m+fp/hard\libgcc.a(_arm_addsubdf3.o)
                0x08000290                __aeabi_drsub
                0x08000298                __aeabi_dsub
                0x08000298                __subdf3
                0x0800029c                __aeabi_dadd
                0x0800029c                __adddf3
                0x08000514                __floatunsidf
                0x08000514                __aeabi_ui2d
                0x08000534                __floatsidf
                0x08000534                __aeabi_i2d
                0x08000558                __aeabi_f2d
                0x08000558                __extendsfdf2
                0x0800059c                __floatundidf
                0x0800059c                __aeabi_ul2d
                0x080005ac                __floatdidf
                0x080005ac                __aeabi_l2d
 .text          0x08000608      0x424 C:/ST/STM32CubeIDE_1.16.1/STM32CubeIDE/plugins/com.st.stm32cube.ide.mcu.externaltools.gnu-tools-for-stm32.12.3.rel1.win32_1.0.200.202406191623/tools/bin/../lib/gcc/arm-none-eabi/12.3.1/thumb/v7e-m+fp/hard\libgcc.a(_arm_muldivdf3.o)
                0x08000608                __aeabi_dmul
                0x08000608                __muldf3
                0x0800085c                __divdf3
                0x0800085c                __aeabi_ddiv
 .text          0x08000a2c      0x110 C:/ST/STM32CubeIDE_1.16.1/STM32CubeIDE/plugins/com.st.stm32cube.ide.mcu.externaltools.gnu-tools-for-stm32.12.3.rel1.win32_1.0.200.202406191623/tools/bin/../lib/gcc/arm-none-eabi/12.3.1/thumb/v7e-m+fp/hard\libgcc.a(_arm_cmpdf2.o)
                0x08000a2c                __gtdf2
                0x08000a2c                __gedf2
                0x08000a34                __ltdf2
                0x08000a34                __ledf2
                0x08000a3c                __nedf2
                0x08000a3c                __eqdf2
                0x08000a3c                __cmpdf2
                0x08000ab8                __aeabi_cdrcmple
                0x08000ac8                __aeabi_cdcmpeq
                0x08000ac8                __aeabi_cdcmple
                0x08000ad8                __aeabi_dcmpeq
                0x08000aec                __aeabi_dcmplt
                0x08000b00                __aeabi_dcmple
                0x08000b14                __aeabi_dcmpge
                0x08000b28                __aeabi_dcmpgt
 .text          0x08000b3c       0x2c C:/ST/STM32CubeIDE_1.16.1/STM32CubeIDE/plugins/com.st.stm32cube.ide.mcu.externaltools.gnu-tools-for-stm32.12.3.rel1.win32_1.0.200.202406191623/tools/bin/../lib/gcc/arm-none-eabi/12.3.1/thumb/v7e-m+fp/hard\libgcc.a(_arm_unorddf2.o)
                0x08000b3c                __unorddf2
                0x08000b3c                __aeabi_dcmpun
 .text          0x08000b68       0x50 C:/ST/STM32CubeIDE_1.16.1/STM32CubeIDE/plugins/com.st.stm32cube.ide.mcu.externaltools.gnu-tools-for-stm32.12.3.rel1.win32_1.0.200.202406191623/tools/bin/../lib/gcc/arm-none-eabi/12.3.1/thumb/v7e-m+fp/hard\libgcc.a(_arm_fixdfsi.o)
                0x08000b68                __aeabi_d2iz
                0x08000b68                __fixdfsi
 .text          0x08000bb8       0x30 C:/ST/STM32CubeIDE_1.16.1/STM32CubeIDE/plugins/com.st.stm32cube.ide.mcu.externaltools.gnu-tools-for-stm32.12.3.rel1.win32_1.0.200.202406191623/tools/bin/../lib/gcc/arm-none-eabi/12.3.1/thumb/v7e-m+fp/hard\libgcc.a(_aeabi_uldivmod.o)
                0x08000bb8                __aeabi_uldivmod
 .text          0x08000be8      0x2bc C:/ST/STM32CubeIDE_1.16.1/STM32CubeIDE/plugins/com.st.stm32cube.ide.mcu.externaltools.gnu-tools-for-stm32.12.3.rel1.win32_1.0.200.202406191623/tools/bin/../lib/gcc/arm-none-eabi/12.3.1/thumb/v7e-m+fp/hard\libgcc.a(_udivmoddi4.o)
                0x08000be8                __udivmoddi4
 .text          0x08000ea4        0x4 C:/ST/STM32CubeIDE_1.16.1/STM32CubeIDE/plugins/com.st.stm32cube.ide.mcu.externaltools.gnu-tools-for-stm32.12.3.rel1.win32_1.0.200.202406191623/tools/bin/../lib/gcc/arm-none-eabi/12.3.1/thumb/v7e-m+fp/hard\libgcc.a(_dvmd_tls.o)
                0x08000ea4                __aeabi_idiv0
                0x08000ea4                __aeabi_ldiv0
 *(.text*)
 .text.MX_BlueNRG_MS_Init
                0x08000ea8      0x184 ./BlueNRG_MS/App/app_bluenrg_ms.o
                0x08000ea8                MX_BlueNRG_MS_Init
 .text.MX_BlueNRG_MS_Process
                0x0800102c       0x1a ./BlueNRG_MS/App/app_bluenrg_ms.o
                0x0800102c                MX_BlueNRG_MS_Process
 .text.User_Init
                0x08001046       0x1c ./BlueNRG_MS/App/app_bluenrg_ms.o
 *fill*         0x08001062        0x2 
 .text.User_Process
                0x08001064       0xec ./BlueNRG_MS/App/app_bluenrg_ms.o
 .text.BSP_PB_Callback
                0x08001150       0x20 ./BlueNRG_MS/App/app_bluenrg_ms.o
                0x08001150                BSP_PB_Callback
 .text.Add_Sample_Service
                0x08001170       0xe4 ./BlueNRG_MS/App/sample_service.o
                0x08001170                Add_Sample_Service
 .text.Make_Connection
                0x08001254       0x54 ./BlueNRG_MS/App/sample_service.o
                0x08001254                Make_Connection
 .text.receiveData
                0x080012a8       0x4c ./BlueNRG_MS/App/sample_service.o
                0x080012a8                receiveData
 .text.sendData
                0x080012f4       0x60 ./BlueNRG_MS/App/sample_service.o
                0x080012f4                sendData
 .text.Attribute_Modified_CB
                0x08001354       0x58 ./BlueNRG_MS/App/sample_service.o
                0x08001354                Attribute_Modified_CB
 .text.GAP_ConnectionComplete_CB
                0x080013ac       0x68 ./BlueNRG_MS/App/sample_service.o
                0x080013ac                GAP_ConnectionComplete_CB
 .text.GAP_DisconnectionComplete_CB
                0x08001414       0x58 ./BlueNRG_MS/App/sample_service.o
                0x08001414                GAP_DisconnectionComplete_CB
 .text.GATT_Notification_CB
                0x0800146c       0x34 ./BlueNRG_MS/App/sample_service.o
                0x0800146c                GATT_Notification_CB
 .text.user_notify
                0x080014a0      0x218 ./BlueNRG_MS/App/sample_service.o
                0x080014a0                user_notify
 .text.HCI_TL_SPI_Init
                0x080016b8       0x90 ./BlueNRG_MS/Target/hci_tl_interface.o
                0x080016b8                HCI_TL_SPI_Init
 .text.HCI_TL_SPI_DeInit
                0x08001748       0x28 ./BlueNRG_MS/Target/hci_tl_interface.o
                0x08001748                HCI_TL_SPI_DeInit
 .text.HCI_TL_SPI_Reset
                0x08001770       0x3c ./BlueNRG_MS/Target/hci_tl_interface.o
                0x08001770                HCI_TL_SPI_Reset
 .text.HCI_TL_SPI_Receive
                0x080017ac       0xb4 ./BlueNRG_MS/Target/hci_tl_interface.o
                0x080017ac                HCI_TL_SPI_Receive
 .text.HCI_TL_SPI_Send
                0x08001860       0xa8 ./BlueNRG_MS/Target/hci_tl_interface.o
                0x08001860                HCI_TL_SPI_Send
 .text.IsDataAvailable
                0x08001908       0x20 ./BlueNRG_MS/Target/hci_tl_interface.o
 .text.hci_tl_lowlevel_init
                0x08001928       0x74 ./BlueNRG_MS/Target/hci_tl_interface.o
                0x08001928                hci_tl_lowlevel_init
 .text.hci_tl_lowlevel_isr
                0x0800199c       0x22 ./BlueNRG_MS/Target/hci_tl_interface.o
                0x0800199c                hci_tl_lowlevel_isr
 .text.AS7421_readRegister
                0x080019be       0x26 ./Core/Src/AS7421.o
 .text.AS7421_readRegisters
                0x080019e4       0x24 ./Core/Src/AS7421.o
 .text.AS7421_writeRegister
                0x08001a08       0x86 ./Core/Src/AS7421.o
 .text.AS7421_writeRegisters
                0x08001a8e       0x24 ./Core/Src/AS7421.o
 .text.byteSwap16
                0x08001ab2       0x2a ./Core/Src/AS7421.o
 .text.fpu_enable
                0x08001adc       0x54 ./Core/Src/AS7421.o
                0x08001adc                fpu_enable
 .text.isConnected
                0x08001b30       0xa0 ./Core/Src/AS7421.o
                0x08001b30                isConnected
 .text.initialize
                0x08001bd0       0x6a ./Core/Src/AS7421.o
                0x08001bd0                initialize
 *fill*         0x08001c3a        0x2 
 .text.startup  0x08001c3c       0x50 ./Core/Src/AS7421.o
                0x08001c3c                startup
 .text.performMeasurements
                0x08001c8c       0x3e ./Core/Src/AS7421.o
                0x08001c8c                performMeasurements
 .text.configueLEDWait
                0x08001cca       0x3e ./Core/Src/AS7421.o
                0x08001cca                configueLEDWait
 .text.setInterLED
                0x08001d08       0x1c ./Core/Src/AS7421.o
                0x08001d08                setInterLED
 .text.configureWaitCycle
                0x08001d24       0x3e ./Core/Src/AS7421.o
                0x08001d24                configureWaitCycle
 *fill*         0x08001d62        0x2 
 .text.setWaitTime
                0x08001d64       0x60 ./Core/Src/AS7421.o
                0x08001d64                setWaitTime
 .text.setLTF_CCOUNT
                0x08001dc4       0x40 ./Core/Src/AS7421.o
                0x08001dc4                setLTF_CCOUNT
 .text.configureLEDAuto
                0x08001e04       0x4e ./Core/Src/AS7421.o
                0x08001e04                configureLEDAuto
 *fill*         0x08001e52        0x2 
 .text.setIntegrationTime
                0x08001e54       0x60 ./Core/Src/AS7421.o
                0x08001e54                setIntegrationTime
 .text.numMeasurements
                0x08001eb4       0x1c ./Core/Src/AS7421.o
                0x08001eb4                numMeasurements
 .text.setIntegrationMode
                0x08001ed0       0x48 ./Core/Src/AS7421.o
                0x08001ed0                setIntegrationMode
 .text.configureAutozero
                0x08001f18       0xae ./Core/Src/AS7421.o
                0x08001f18                configureAutozero
 .text.powerup  0x08001fc6       0x42 ./Core/Src/AS7421.o
                0x08001fc6                powerup
 .text.sleep    0x08002008       0x2a ./Core/Src/AS7421.o
                0x08002008                sleep
 .text.writeRAMData
                0x08002032      0x1e4 ./Core/Src/AS7421.o
                0x08002032                writeRAMData
 .text.zeroSMUX
                0x08002216       0x5e ./Core/Src/AS7421.o
                0x08002216                zeroSMUX
 .text.setSMUX  0x08002274       0x2c ./Core/Src/AS7421.o
                0x08002274                setSMUX
 .text.setSMUX_A
                0x080022a0       0x1a ./Core/Src/AS7421.o
                0x080022a0                setSMUX_A
 .text.setSMUX_B
                0x080022ba       0x1a ./Core/Src/AS7421.o
                0x080022ba                setSMUX_B
 .text.setSMUX_C
                0x080022d4       0x1a ./Core/Src/AS7421.o
                0x080022d4                setSMUX_C
 .text.setSMUX_D
                0x080022ee       0x1a ./Core/Src/AS7421.o
                0x080022ee                setSMUX_D
 .text.configureSMUX
                0x08002308       0x28 ./Core/Src/AS7421.o
                0x08002308                configureSMUX
 .text.configureGain
                0x08002330       0x9a ./Core/Src/AS7421.o
                0x08002330                configureGain
 .text.configureLEDs
                0x080023ca       0x8e ./Core/Src/AS7421.o
                0x080023ca                configureLEDs
 .text.startMeasurements
                0x08002458       0x46 ./Core/Src/AS7421.o
                0x08002458                startMeasurements
 .text.stopMeasurements
                0x0800249e       0x38 ./Core/Src/AS7421.o
                0x0800249e                stopMeasurements
 .text.measurementActive
                0x080024d6       0x2a ./Core/Src/AS7421.o
                0x080024d6                measurementActive
 .text.getMeasurementStatus
                0x08002500       0x48 ./Core/Src/AS7421.o
                0x08002500                getMeasurementStatus
 .text.recordChannelData
                0x08002548       0x34 ./Core/Src/AS7421.o
                0x08002548                recordChannelData
 .text.getChannel1
                0x0800257c       0x10 ./Core/Src/AS7421.o
                0x0800257c                getChannel1
 .text.getChannel48
                0x0800258c       0x10 ./Core/Src/AS7421.o
                0x0800258c                getChannel48
 .text.getChannel2
                0x0800259c       0x10 ./Core/Src/AS7421.o
                0x0800259c                getChannel2
 .text.getChannel34
                0x080025ac       0x10 ./Core/Src/AS7421.o
                0x080025ac                getChannel34
 .text.getChannel16
                0x080025bc       0x10 ./Core/Src/AS7421.o
                0x080025bc                getChannel16
 .text.getChannel32
                0x080025cc       0x10 ./Core/Src/AS7421.o
                0x080025cc                getChannel32
 .text.getChannel18
                0x080025dc       0x10 ./Core/Src/AS7421.o
                0x080025dc                getChannel18
 .text.getChannel51
                0x080025ec       0x10 ./Core/Src/AS7421.o
                0x080025ec                getChannel51
 .text.getChannel4
                0x080025fc       0x10 ./Core/Src/AS7421.o
                0x080025fc                getChannel4
 .text.getChannel49
                0x0800260c       0x10 ./Core/Src/AS7421.o
                0x0800260c                getChannel49
 .text.getChannel3
                0x0800261c       0x10 ./Core/Src/AS7421.o
                0x0800261c                getChannel3
 .text.getChannel35
                0x0800262c       0x10 ./Core/Src/AS7421.o
                0x0800262c                getChannel35
 .text.getChannel17
                0x0800263c       0x10 ./Core/Src/AS7421.o
                0x0800263c                getChannel17
 .text.getChannel33
                0x0800264c       0x10 ./Core/Src/AS7421.o
                0x0800264c                getChannel33
 .text.getChannel19
                0x0800265c       0x10 ./Core/Src/AS7421.o
                0x0800265c                getChannel19
 .text.getChannel54
                0x0800266c       0x10 ./Core/Src/AS7421.o
                0x0800266c                getChannel54
 .text.getChannel0
                0x0800267c       0x10 ./Core/Src/AS7421.o
                0x0800267c                getChannel0
 .text.getChannel13
                0x0800268c       0x10 ./Core/Src/AS7421.o
                0x0800268c                getChannel13
 .text.getChannel50
                0x0800269c       0x10 ./Core/Src/AS7421.o
                0x0800269c                getChannel50
 .text.getChannel63
                0x080026ac       0x10 ./Core/Src/AS7421.o
                0x080026ac                getChannel63
 .text.getChannel52
                0x080026bc       0x10 ./Core/Src/AS7421.o
                0x080026bc                getChannel52
 .text.getChannel6
                0x080026cc       0x10 ./Core/Src/AS7421.o
                0x080026cc                getChannel6
 .text.getChannel38
                0x080026dc       0x10 ./Core/Src/AS7421.o
                0x080026dc                getChannel38
 .text.getChannel20
                0x080026ec       0x10 ./Core/Src/AS7421.o
                0x080026ec                getChannel20
 .text.getChannel36
                0x080026fc       0x10 ./Core/Src/AS7421.o
                0x080026fc                getChannel36
 .text.getChannel22
                0x0800270c       0x10 ./Core/Src/AS7421.o
                0x0800270c                getChannel22
 .text.getChannel55
                0x0800271c       0x10 ./Core/Src/AS7421.o
                0x0800271c                getChannel55
 .text.getChannel5
                0x0800272c       0x10 ./Core/Src/AS7421.o
                0x0800272c                getChannel5
 .text.getChannel53
                0x0800273c       0x10 ./Core/Src/AS7421.o
                0x0800273c                getChannel53
 .text.getChannel7
                0x0800274c       0x10 ./Core/Src/AS7421.o
                0x0800274c                getChannel7
 .text.getChannel39
                0x0800275c       0x10 ./Core/Src/AS7421.o
                0x0800275c                getChannel39
 .text.getChannel21
                0x0800276c       0x10 ./Core/Src/AS7421.o
                0x0800276c                getChannel21
 .text.getChannel37
                0x0800277c       0x10 ./Core/Src/AS7421.o
                0x0800277c                getChannel37
 .text.getChannel23
                0x0800278c       0x10 ./Core/Src/AS7421.o
                0x0800278c                getChannel23
 .text.getChannel40
                0x0800279c       0x10 ./Core/Src/AS7421.o
                0x0800279c                getChannel40
 .text.getChannel26
                0x080027ac       0x10 ./Core/Src/AS7421.o
                0x080027ac                getChannel26
 .text.getChannel42
                0x080027bc       0x10 ./Core/Src/AS7421.o
                0x080027bc                getChannel42
 .text.getChannel24
                0x080027cc       0x10 ./Core/Src/AS7421.o
                0x080027cc                getChannel24
 .text.getChannel56
                0x080027dc       0x10 ./Core/Src/AS7421.o
                0x080027dc                getChannel56
 .text.getChannel10
                0x080027ec       0x10 ./Core/Src/AS7421.o
                0x080027ec                getChannel10
 .text.getChannel58
                0x080027fc       0x10 ./Core/Src/AS7421.o
                0x080027fc                getChannel58
 .text.getChannel8
                0x0800280c       0x10 ./Core/Src/AS7421.o
                0x0800280c                getChannel8
 .text.getChannel41
                0x0800281c       0x10 ./Core/Src/AS7421.o
                0x0800281c                getChannel41
 .text.getChannel27
                0x0800282c       0x10 ./Core/Src/AS7421.o
                0x0800282c                getChannel27
 .text.getChannel43
                0x0800283c       0x10 ./Core/Src/AS7421.o
                0x0800283c                getChannel43
 .text.getChannel25
                0x0800284c       0x10 ./Core/Src/AS7421.o
                0x0800284c                getChannel25
 .text.getChannel57
                0x0800285c       0x10 ./Core/Src/AS7421.o
                0x0800285c                getChannel57
 .text.getChannel11
                0x0800286c       0x10 ./Core/Src/AS7421.o
                0x0800286c                getChannel11
 .text.getChannel59
                0x0800287c       0x10 ./Core/Src/AS7421.o
                0x0800287c                getChannel59
 .text.getChannel9
                0x0800288c       0x10 ./Core/Src/AS7421.o
                0x0800288c                getChannel9
 .text.getChannel44
                0x0800289c       0x10 ./Core/Src/AS7421.o
                0x0800289c                getChannel44
 .text.getChannel30
                0x080028ac       0x10 ./Core/Src/AS7421.o
                0x080028ac                getChannel30
 .text.getChannel46
                0x080028bc       0x10 ./Core/Src/AS7421.o
                0x080028bc                getChannel46
 .text.getChannel28
                0x080028cc       0x10 ./Core/Src/AS7421.o
                0x080028cc                getChannel28
 .text.getChannel60
                0x080028dc       0x10 ./Core/Src/AS7421.o
                0x080028dc                getChannel60
 .text.getChannel14
                0x080028ec       0x10 ./Core/Src/AS7421.o
                0x080028ec                getChannel14
 .text.getChannel62
                0x080028fc       0x10 ./Core/Src/AS7421.o
                0x080028fc                getChannel62
 .text.getChannel12
                0x0800290c       0x10 ./Core/Src/AS7421.o
                0x0800290c                getChannel12
 .text.getChannel45
                0x0800291c       0x10 ./Core/Src/AS7421.o
                0x0800291c                getChannel45
 .text.getChannel31
                0x0800292c       0x10 ./Core/Src/AS7421.o
                0x0800292c                getChannel31
 .text.getChannel47
                0x0800293c       0x10 ./Core/Src/AS7421.o
                0x0800293c                getChannel47
 .text.getChannel29
                0x0800294c       0x10 ./Core/Src/AS7421.o
                0x0800294c                getChannel29
 .text.getChannel61
                0x0800295c       0x10 ./Core/Src/AS7421.o
                0x0800295c                getChannel61
 .text.getChannel15
                0x0800296c       0x10 ./Core/Src/AS7421.o
                0x0800296c                getChannel15
 .text.getAllSpectralData
                0x0800297c      0x388 ./Core/Src/AS7421.o
                0x0800297c                getAllSpectralData
 .text.recordTemperatures
                0x08002d04       0x34 ./Core/Src/AS7421.o
                0x08002d04                recordTemperatures
 .text.getTemp_IntA
                0x08002d38       0x10 ./Core/Src/AS7421.o
                0x08002d38                getTemp_IntA
 .text.getTemp_IntB
                0x08002d48       0x10 ./Core/Src/AS7421.o
                0x08002d48                getTemp_IntB
 .text.getTemp_IntC
                0x08002d58       0x10 ./Core/Src/AS7421.o
                0x08002d58                getTemp_IntC
 .text.getTemp_IntD
                0x08002d68       0x10 ./Core/Src/AS7421.o
                0x08002d68                getTemp_IntD
 .text.getAllTemperatureData
                0x08002d78       0x40 ./Core/Src/AS7421.o
                0x08002d78                getAllTemperatureData
 .text.I2C1_Init
                0x08002db8      0x148 ./Core/Src/i2c.o
                0x08002db8                I2C1_Init
 .text.I2C1_byteRead
                0x08002f00       0xf4 ./Core/Src/i2c.o
                0x08002f00                I2C1_byteRead
 .text.I2C1_burstRead
                0x08002ff4      0x138 ./Core/Src/i2c.o
                0x08002ff4                I2C1_burstRead
 .text.I2C1_burstWrite
                0x0800312c       0xc4 ./Core/Src/i2c.o
                0x0800312c                I2C1_burstWrite
 .text.main     0x080031f0       0xdc ./Core/Src/main.o
                0x080031f0                main
 .text.SystemClock_Config
                0x080032cc       0xd4 ./Core/Src/main.o
                0x080032cc                SystemClock_Config
 .text.MX_USART2_UART_Init
                0x080033a0       0x54 ./Core/Src/main.o
 .text.MX_GPIO_Init
                0x080033f4       0xfc ./Core/Src/main.o
 .text.Error_Handler
                0x080034f0        0xc ./Core/Src/main.o
                0x080034f0                Error_Handler
 .text.selectMux_and_control
                0x080034fc       0x86 ./Core/Src/mux.o
                0x080034fc                selectMux_and_control
 .text.enableChannel
                0x08003582       0x20 ./Core/Src/mux.o
                0x08003582                enableChannel
 .text.disableChannels
                0x080035a2       0x10 ./Core/Src/mux.o
                0x080035a2                disableChannels
 *fill*         0x080035b2        0x2 
 .text.HAL_MspInit
                0x080035b4       0x50 ./Core/Src/stm32f4xx_hal_msp.o
                0x080035b4                HAL_MspInit
 .text.HAL_UART_MspInit
                0x08003604       0x90 ./Core/Src/stm32f4xx_hal_msp.o
                0x08003604                HAL_UART_MspInit
 .text.NMI_Handler
                0x08003694        0x8 ./Core/Src/stm32f4xx_it.o
                0x08003694                NMI_Handler
 .text.HardFault_Handler
                0x0800369c        0x8 ./Core/Src/stm32f4xx_it.o
                0x0800369c                HardFault_Handler
 .text.MemManage_Handler
                0x080036a4        0x8 ./Core/Src/stm32f4xx_it.o
                0x080036a4                MemManage_Handler
 .text.BusFault_Handler
                0x080036ac        0x8 ./Core/Src/stm32f4xx_it.o
                0x080036ac                BusFault_Handler
 .text.UsageFault_Handler
                0x080036b4        0x8 ./Core/Src/stm32f4xx_it.o
                0x080036b4                UsageFault_Handler
 .text.SVC_Handler
                0x080036bc        0xe ./Core/Src/stm32f4xx_it.o
                0x080036bc                SVC_Handler
 .text.DebugMon_Handler
                0x080036ca        0xe ./Core/Src/stm32f4xx_it.o
                0x080036ca                DebugMon_Handler
 .text.PendSV_Handler
                0x080036d8        0xe ./Core/Src/stm32f4xx_it.o
                0x080036d8                PendSV_Handler
 .text.SysTick_Handler
                0x080036e6        0xc ./Core/Src/stm32f4xx_it.o
                0x080036e6                SysTick_Handler
 *fill*         0x080036f2        0x2 
 .text.EXTI0_IRQHandler
                0x080036f4       0x14 ./Core/Src/stm32f4xx_it.o
                0x080036f4                EXTI0_IRQHandler
 .text.EXTI15_10_IRQHandler
                0x08003708       0x14 ./Core/Src/stm32f4xx_it.o
                0x08003708                EXTI15_10_IRQHandler
 .text.BSP_SPI1_Init
                0x0800371c       0x60 ./Core/Src/stm32f4xx_nucleo_bus.o
                0x0800371c                BSP_SPI1_Init
 .text.BSP_SPI1_SendRecv
                0x0800377c       0x40 ./Core/Src/stm32f4xx_nucleo_bus.o
                0x0800377c                BSP_SPI1_SendRecv
 .text.BSP_GetTick
                0x080037bc        0xe ./Core/Src/stm32f4xx_nucleo_bus.o
                0x080037bc                BSP_GetTick
 *fill*         0x080037ca        0x2 
 .text.MX_SPI1_Init
                0x080037cc       0x78 ./Core/Src/stm32f4xx_nucleo_bus.o
                0x080037cc                MX_SPI1_Init
 .text.SPI1_MspInit
                0x08003844       0xd0 ./Core/Src/stm32f4xx_nucleo_bus.o
 .text._getpid  0x08003914       0x10 ./Core/Src/syscalls.o
                0x08003914                _getpid
 .text._kill    0x08003924       0x20 ./Core/Src/syscalls.o
                0x08003924                _kill
 .text._exit    0x08003944       0x16 ./Core/Src/syscalls.o
                0x08003944                _exit
 .text._read    0x0800395a       0x3a ./Core/Src/syscalls.o
                0x0800395a                _read
 .text._write   0x08003994       0x38 ./Core/Src/syscalls.o
                0x08003994                _write
 .text._close   0x080039cc       0x18 ./Core/Src/syscalls.o
                0x080039cc                _close
 .text._fstat   0x080039e4       0x20 ./Core/Src/syscalls.o
                0x080039e4                _fstat
 .text._isatty  0x08003a04       0x16 ./Core/Src/syscalls.o
                0x08003a04                _isatty
 .text._lseek   0x08003a1a       0x1a ./Core/Src/syscalls.o
                0x08003a1a                _lseek
 .text._sbrk    0x08003a34       0x6c ./Core/Src/sysmem.o
                0x08003a34                _sbrk
 .text.SystemInit
                0x08003aa0       0x24 ./Core/Src/system_stm32f4xx.o
                0x08003aa0                SystemInit
 .text.Reset_Handler
                0x08003ac4       0x50 ./Core/Startup/startup_stm32f401retx.o
                0x08003ac4                Reset_Handler
 .text.Default_Handler
                0x08003b14        0x2 ./Core/Startup/startup_stm32f401retx.o
                0x08003b14                RTC_Alarm_IRQHandler
                0x08003b14                EXTI2_IRQHandler
                0x08003b14                SPI4_IRQHandler
                0x08003b14                TIM1_CC_IRQHandler
                0x08003b14                DMA2_Stream5_IRQHandler
                0x08003b14                DMA1_Stream5_IRQHandler
                0x08003b14                PVD_IRQHandler
                0x08003b14                SDIO_IRQHandler
                0x08003b14                TAMP_STAMP_IRQHandler
                0x08003b14                EXTI3_IRQHandler
                0x08003b14                TIM1_UP_TIM10_IRQHandler
                0x08003b14                I2C3_ER_IRQHandler
                0x08003b14                I2C2_EV_IRQHandler
                0x08003b14                DMA1_Stream2_IRQHandler
                0x08003b14                FPU_IRQHandler
                0x08003b14                DMA2_Stream2_IRQHandler
                0x08003b14                SPI1_IRQHandler
                0x08003b14                TIM1_BRK_TIM9_IRQHandler
                0x08003b14                DMA2_Stream3_IRQHandler
                0x08003b14                USART6_IRQHandler
                0x08003b14                DMA2_Stream0_IRQHandler
                0x08003b14                TIM4_IRQHandler
                0x08003b14                I2C1_EV_IRQHandler
                0x08003b14                DMA1_Stream6_IRQHandler
                0x08003b14                DMA1_Stream1_IRQHandler
                0x08003b14                TIM3_IRQHandler
                0x08003b14                RCC_IRQHandler
                0x08003b14                Default_Handler
                0x08003b14                ADC_IRQHandler
                0x08003b14                DMA1_Stream7_IRQHandler
                0x08003b14                TIM5_IRQHandler
                0x08003b14                DMA2_Stream7_IRQHandler
                0x08003b14                I2C3_EV_IRQHandler
                0x08003b14                EXTI9_5_IRQHandler
                0x08003b14                RTC_WKUP_IRQHandler
                0x08003b14                SPI2_IRQHandler
                0x08003b14                DMA1_Stream0_IRQHandler
                0x08003b14                EXTI4_IRQHandler
                0x08003b14                WWDG_IRQHandler
                0x08003b14                TIM2_IRQHandler
                0x08003b14                OTG_FS_WKUP_IRQHandler
                0x08003b14                TIM1_TRG_COM_TIM11_IRQHandler
                0x08003b14                EXTI1_IRQHandler
                0x08003b14                USART2_IRQHandler
                0x08003b14                I2C2_ER_IRQHandler
                0x08003b14                DMA2_Stream1_IRQHandler
                0x08003b14                FLASH_IRQHandler
                0x08003b14                DMA2_Stream4_IRQHandler
                0x08003b14                USART1_IRQHandler
                0x08003b14                OTG_FS_IRQHandler
                0x08003b14                SPI3_IRQHandler
                0x08003b14                DMA1_Stream4_IRQHandler
                0x08003b14                I2C1_ER_IRQHandler
                0x08003b14                DMA2_Stream6_IRQHandler
                0x08003b14                DMA1_Stream3_IRQHandler
 *fill*         0x08003b16        0x2 
 .text.BSP_LED_Init
                0x08003b18       0x24 ./Drivers/BSP/STM32F4xx_Nucleo/stm32f4xx_nucleo.o
                0x08003b18                BSP_LED_Init
 .text.BSP_LED_Toggle
                0x08003b3c       0x2c ./Drivers/BSP/STM32F4xx_Nucleo/stm32f4xx_nucleo.o
                0x08003b3c                BSP_LED_Toggle
 .text.LED_USER_GPIO_Init
                0x08003b68       0x84 ./Drivers/BSP/STM32F4xx_Nucleo/stm32f4xx_nucleo.o
 .text.BSP_PB_Init
                0x08003bec       0xa8 ./Drivers/BSP/STM32F4xx_Nucleo/stm32f4xx_nucleo.o
                0x08003bec                BSP_PB_Init
 .text.BSP_PB_GetState
                0x08003c94       0x38 ./Drivers/BSP/STM32F4xx_Nucleo/stm32f4xx_nucleo.o
                0x08003c94                BSP_PB_GetState
 .text.BUTTON_USER_EXTI_Callback
                0x08003ccc        0xe ./Drivers/BSP/STM32F4xx_Nucleo/stm32f4xx_nucleo.o
 *fill*         0x08003cda        0x2 
 .text.BUTTON_USER_GPIO_Init
                0x08003cdc       0x7c ./Drivers/BSP/STM32F4xx_Nucleo/stm32f4xx_nucleo.o
 .text.BSP_COM_Init
                0x08003d58       0x7c ./Drivers/BSP/STM32F4xx_Nucleo/stm32f4xx_nucleo.o
                0x08003d58                BSP_COM_Init
 .text.MX_USART1_UART_Init
                0x08003dd4       0x5c ./Drivers/BSP/STM32F4xx_Nucleo/stm32f4xx_nucleo.o
                0x08003dd4                MX_USART1_UART_Init
 .text.__io_putchar
                0x08003e30       0x38 ./Drivers/BSP/STM32F4xx_Nucleo/stm32f4xx_nucleo.o
                0x08003e30                __io_putchar
 .text.USART1_MspInit
                0x08003e68       0x94 ./Drivers/BSP/STM32F4xx_Nucleo/stm32f4xx_nucleo.o
 .text.HAL_Init
                0x08003efc       0x44 ./Drivers/STM32F4xx_HAL_Driver/Src/stm32f4xx_hal.o
                0x08003efc                HAL_Init
 .text.HAL_InitTick
                0x08003f40       0x60 ./Drivers/STM32F4xx_HAL_Driver/Src/stm32f4xx_hal.o
                0x08003f40                HAL_InitTick
 .text.HAL_IncTick
                0x08003fa0       0x28 ./Drivers/STM32F4xx_HAL_Driver/Src/stm32f4xx_hal.o
                0x08003fa0                HAL_IncTick
 .text.HAL_GetTick
                0x08003fc8       0x18 ./Drivers/STM32F4xx_HAL_Driver/Src/stm32f4xx_hal.o
                0x08003fc8                HAL_GetTick
 .text.HAL_Delay
                0x08003fe0       0x48 ./Drivers/STM32F4xx_HAL_Driver/Src/stm32f4xx_hal.o
                0x08003fe0                HAL_Delay
 .text.__NVIC_SetPriorityGrouping
                0x08004028       0x48 ./Drivers/STM32F4xx_HAL_Driver/Src/stm32f4xx_hal_cortex.o
 .text.__NVIC_GetPriorityGrouping
                0x08004070       0x1c ./Drivers/STM32F4xx_HAL_Driver/Src/stm32f4xx_hal_cortex.o
 .text.__NVIC_EnableIRQ
                0x0800408c       0x3c ./Drivers/STM32F4xx_HAL_Driver/Src/stm32f4xx_hal_cortex.o
 .text.__NVIC_SetPriority
                0x080040c8       0x54 ./Drivers/STM32F4xx_HAL_Driver/Src/stm32f4xx_hal_cortex.o
 .text.NVIC_EncodePriority
                0x0800411c       0x66 ./Drivers/STM32F4xx_HAL_Driver/Src/stm32f4xx_hal_cortex.o
 *fill*         0x08004182        0x2 
 .text.SysTick_Config
                0x08004184       0x44 ./Drivers/STM32F4xx_HAL_Driver/Src/stm32f4xx_hal_cortex.o
 .text.HAL_NVIC_SetPriorityGrouping
                0x080041c8       0x16 ./Drivers/STM32F4xx_HAL_Driver/Src/stm32f4xx_hal_cortex.o
                0x080041c8                HAL_NVIC_SetPriorityGrouping
 .text.HAL_NVIC_SetPriority
                0x080041de       0x38 ./Drivers/STM32F4xx_HAL_Driver/Src/stm32f4xx_hal_cortex.o
                0x080041de                HAL_NVIC_SetPriority
 .text.HAL_NVIC_EnableIRQ
                0x08004216       0x1c ./Drivers/STM32F4xx_HAL_Driver/Src/stm32f4xx_hal_cortex.o
                0x08004216                HAL_NVIC_EnableIRQ
 .text.HAL_SYSTICK_Config
                0x08004232       0x18 ./Drivers/STM32F4xx_HAL_Driver/Src/stm32f4xx_hal_cortex.o
                0x08004232                HAL_SYSTICK_Config
 .text.HAL_EXTI_RegisterCallback
                0x0800424a       0x34 ./Drivers/STM32F4xx_HAL_Driver/Src/stm32f4xx_hal_exti.o
                0x0800424a                HAL_EXTI_RegisterCallback
 .text.HAL_EXTI_GetHandle
                0x0800427e       0x28 ./Drivers/STM32F4xx_HAL_Driver/Src/stm32f4xx_hal_exti.o
                0x0800427e                HAL_EXTI_GetHandle
 *fill*         0x080042a6        0x2 
 .text.HAL_EXTI_IRQHandler
                0x080042a8       0x48 ./Drivers/STM32F4xx_HAL_Driver/Src/stm32f4xx_hal_exti.o
                0x080042a8                HAL_EXTI_IRQHandler
 .text.HAL_GPIO_Init
                0x080042f0      0x308 ./Drivers/STM32F4xx_HAL_Driver/Src/stm32f4xx_hal_gpio.o
                0x080042f0                HAL_GPIO_Init
 .text.HAL_GPIO_DeInit
                0x080045f8      0x1c8 ./Drivers/STM32F4xx_HAL_Driver/Src/stm32f4xx_hal_gpio.o
                0x080045f8                HAL_GPIO_DeInit
 .text.HAL_GPIO_ReadPin
                0x080047c0       0x30 ./Drivers/STM32F4xx_HAL_Driver/Src/stm32f4xx_hal_gpio.o
                0x080047c0                HAL_GPIO_ReadPin
 .text.HAL_GPIO_WritePin
                0x080047f0       0x32 ./Drivers/STM32F4xx_HAL_Driver/Src/stm32f4xx_hal_gpio.o
                0x080047f0                HAL_GPIO_WritePin
 .text.HAL_GPIO_TogglePin
                0x08004822       0x34 ./Drivers/STM32F4xx_HAL_Driver/Src/stm32f4xx_hal_gpio.o
                0x08004822                HAL_GPIO_TogglePin
 *fill*         0x08004856        0x2 
 .text.HAL_RCC_OscConfig
                0x08004858      0x4f0 ./Drivers/STM32F4xx_HAL_Driver/Src/stm32f4xx_hal_rcc.o
                0x08004858                HAL_RCC_OscConfig
 .text.HAL_RCC_ClockConfig
                0x08004d48      0x1cc ./Drivers/STM32F4xx_HAL_Driver/Src/stm32f4xx_hal_rcc.o
                0x08004d48                HAL_RCC_ClockConfig
 .text.HAL_RCC_GetSysClockFreq
                0x08004f14      0x20c ./Drivers/STM32F4xx_HAL_Driver/Src/stm32f4xx_hal_rcc.o
                0x08004f14                HAL_RCC_GetSysClockFreq
 .text.HAL_RCC_GetHCLKFreq
                0x08005120       0x18 ./Drivers/STM32F4xx_HAL_Driver/Src/stm32f4xx_hal_rcc.o
                0x08005120                HAL_RCC_GetHCLKFreq
 .text.HAL_RCC_GetPCLK1Freq
                0x08005138       0x28 ./Drivers/STM32F4xx_HAL_Driver/Src/stm32f4xx_hal_rcc.o
                0x08005138                HAL_RCC_GetPCLK1Freq
 .text.HAL_RCC_GetPCLK2Freq
                0x08005160       0x28 ./Drivers/STM32F4xx_HAL_Driver/Src/stm32f4xx_hal_rcc.o
                0x08005160                HAL_RCC_GetPCLK2Freq
 .text.HAL_SPI_Init
                0x08005188      0x112 ./Drivers/STM32F4xx_HAL_Driver/Src/stm32f4xx_hal_spi.o
                0x08005188                HAL_SPI_Init
 .text.HAL_SPI_MspInit
                0x0800529a       0x14 ./Drivers/STM32F4xx_HAL_Driver/Src/stm32f4xx_hal_spi.o
                0x0800529a                HAL_SPI_MspInit
 .text.HAL_SPI_TransmitReceive
                0x080052ae      0x352 ./Drivers/STM32F4xx_HAL_Driver/Src/stm32f4xx_hal_spi.o
                0x080052ae                HAL_SPI_TransmitReceive
 .text.HAL_SPI_GetState
                0x08005600       0x1c ./Drivers/STM32F4xx_HAL_Driver/Src/stm32f4xx_hal_spi.o
                0x08005600                HAL_SPI_GetState
 .text.SPI_WaitFlagStateUntilTimeout
                0x0800561c      0x110 ./Drivers/STM32F4xx_HAL_Driver/Src/stm32f4xx_hal_spi.o
 .text.SPI_EndRxTxTransaction
                0x0800572c       0xa8 ./Drivers/STM32F4xx_HAL_Driver/Src/stm32f4xx_hal_spi.o
 .text.HAL_UART_Init
                0x080057d4       0xa0 ./Drivers/STM32F4xx_HAL_Driver/Src/stm32f4xx_hal_uart.o
                0x080057d4                HAL_UART_Init
 .text.HAL_UART_Transmit
                0x08005874      0x116 ./Drivers/STM32F4xx_HAL_Driver/Src/stm32f4xx_hal_uart.o
                0x08005874                HAL_UART_Transmit
 .text.UART_WaitOnFlagUntilTimeout
                0x0800598a       0xb2 ./Drivers/STM32F4xx_HAL_Driver/Src/stm32f4xx_hal_uart.o
 .text.UART_EndRxTransfer
                0x08005a3c       0xc6 ./Drivers/STM32F4xx_HAL_Driver/Src/stm32f4xx_hal_uart.o
 *fill*         0x08005b02        0x2 
 .text.UART_SetConfig
                0x08005b04      0x4e8 ./Drivers/STM32F4xx_HAL_Driver/Src/stm32f4xx_hal_uart.o
 .text.aci_gap_init_IDB05A1
                0x08005fec       0xa0 ./Middlewares/ST/BlueNRG-MS/hci/controller/bluenrg_gap_aci.o
                0x08005fec                aci_gap_init_IDB05A1
 .text.aci_gap_init_IDB04A1
                0x0800608c       0x94 ./Middlewares/ST/BlueNRG-MS/hci/controller/bluenrg_gap_aci.o
                0x0800608c                aci_gap_init_IDB04A1
 .text.aci_gap_set_discoverable
                0x08006120      0x1d4 ./Middlewares/ST/BlueNRG-MS/hci/controller/bluenrg_gap_aci.o
                0x08006120                aci_gap_set_discoverable
 .text.aci_gap_set_auth_requirement
                0x080062f4       0xae ./Middlewares/ST/BlueNRG-MS/hci/controller/bluenrg_gap_aci.o
                0x080062f4                aci_gap_set_auth_requirement
 .text.aci_gatt_init
                0x080063a2       0x46 ./Middlewares/ST/BlueNRG-MS/hci/controller/bluenrg_gatt_aci.o
                0x080063a2                aci_gatt_init
 .text.aci_gatt_add_serv
                0x080063e8      0x112 ./Middlewares/ST/BlueNRG-MS/hci/controller/bluenrg_gatt_aci.o
                0x080063e8                aci_gatt_add_serv
 .text.aci_gatt_add_char
                0x080064fa      0x196 ./Middlewares/ST/BlueNRG-MS/hci/controller/bluenrg_gatt_aci.o
                0x080064fa                aci_gatt_add_char
 .text.aci_gatt_update_char_value
                0x08006690      0x120 ./Middlewares/ST/BlueNRG-MS/hci/controller/bluenrg_gatt_aci.o
                0x08006690                aci_gatt_update_char_value
 .text.aci_gatt_write_without_response
                0x080067b0       0x8a ./Middlewares/ST/BlueNRG-MS/hci/controller/bluenrg_gatt_aci.o
                0x080067b0                aci_gatt_write_without_response
 .text.aci_hal_write_config_data
                0x0800683a       0xca ./Middlewares/ST/BlueNRG-MS/hci/controller/bluenrg_hal_aci.o
                0x0800683a                aci_hal_write_config_data
 .text.aci_hal_set_tx_power_level
                0x08006904       0x62 ./Middlewares/ST/BlueNRG-MS/hci/controller/bluenrg_hal_aci.o
                0x08006904                aci_hal_set_tx_power_level
 .text.getBlueNRGVersion
                0x08006966       0x88 ./Middlewares/ST/BlueNRG-MS/hci/controller/bluenrg_utils_small.o
                0x08006966                getBlueNRGVersion
 .text.hci_reset
                0x080069ee       0x44 ./Middlewares/ST/BlueNRG-MS/hci/hci_le.o
                0x080069ee                hci_reset
 .text.hci_le_read_local_version
                0x08006a32       0x94 ./Middlewares/ST/BlueNRG-MS/hci/hci_le.o
                0x08006a32                hci_le_read_local_version
 .text.hci_le_set_scan_resp_data
                0x08006ac6       0x82 ./Middlewares/ST/BlueNRG-MS/hci/hci_le.o
                0x08006ac6                hci_le_set_scan_resp_data
 .text.verify_packet
                0x08006b48       0x40 ./Middlewares/ST/BlueNRG-MS/hci/hci_tl_patterns/Basic/hci_tl.o
 .text.send_cmd
                0x08006b88       0x80 ./Middlewares/ST/BlueNRG-MS/hci/hci_tl_patterns/Basic/hci_tl.o
 .text.move_list
                0x08006c08       0x38 ./Middlewares/ST/BlueNRG-MS/hci/hci_tl_patterns/Basic/hci_tl.o
 .text.free_event_list
                0x08006c40       0x3c ./Middlewares/ST/BlueNRG-MS/hci/hci_tl_patterns/Basic/hci_tl.o
 .text.hci_init
                0x08006c7c       0x84 ./Middlewares/ST/BlueNRG-MS/hci/hci_tl_patterns/Basic/hci_tl.o
                0x08006c7c                hci_init
 .text.hci_register_io_bus
                0x08006d00       0x40 ./Middlewares/ST/BlueNRG-MS/hci/hci_tl_patterns/Basic/hci_tl.o
                0x08006d00                hci_register_io_bus
 .text.hci_send_req
                0x08006d40      0x230 ./Middlewares/ST/BlueNRG-MS/hci/hci_tl_patterns/Basic/hci_tl.o
                0x08006d40                hci_send_req
 .text.hci_user_evt_proc
                0x08006f70       0x58 ./Middlewares/ST/BlueNRG-MS/hci/hci_tl_patterns/Basic/hci_tl.o
                0x08006f70                hci_user_evt_proc
 .text.hci_notify_asynch_evt
                0x08006fc8       0x9c ./Middlewares/ST/BlueNRG-MS/hci/hci_tl_patterns/Basic/hci_tl.o
                0x08006fc8                hci_notify_asynch_evt
 .text.list_init_head
                0x08007064       0x20 ./Middlewares/ST/BlueNRG-MS/utils/ble_list.o
                0x08007064                list_init_head
 .text.list_is_empty
                0x08007084       0x44 ./Middlewares/ST/BlueNRG-MS/utils/ble_list.o
                0x08007084                list_is_empty
 .text.list_insert_head
                0x080070c8       0x4c ./Middlewares/ST/BlueNRG-MS/utils/ble_list.o
                0x080070c8                list_insert_head
 .text.list_insert_tail
                0x08007114       0x4c ./Middlewares/ST/BlueNRG-MS/utils/ble_list.o
                0x08007114                list_insert_tail
 .text.list_remove_node
                0x08007160       0x42 ./Middlewares/ST/BlueNRG-MS/utils/ble_list.o
                0x08007160                list_remove_node
 .text.list_remove_head
                0x080071a2       0x4e ./Middlewares/ST/BlueNRG-MS/utils/ble_list.o
                0x080071a2                list_remove_head
 .text.list_remove_tail
                0x080071f0       0x4e ./Middlewares/ST/BlueNRG-MS/utils/ble_list.o
                0x080071f0                list_remove_tail
 .text.list_get_size
                0x0800723e       0x50 ./Middlewares/ST/BlueNRG-MS/utils/ble_list.o
                0x0800723e                list_get_size
 .text.__cvt    0x0800728e       0xca C:/ST/STM32CubeIDE_1.16.1/STM32CubeIDE/plugins/com.st.stm32cube.ide.mcu.externaltools.gnu-tools-for-stm32.12.3.rel1.win32_1.0.200.202406191623/tools/bin/../lib/gcc/arm-none-eabi/12.3.1/../../../../arm-none-eabi/lib/thumb/v7e-m+fp/hard\libc_nano.a(libc_a-nano-vfprintf_float.o)
                0x0800728e                __cvt
 .text.__exponent
                0x08007358       0x74 C:/ST/STM32CubeIDE_1.16.1/STM32CubeIDE/plugins/com.st.stm32cube.ide.mcu.externaltools.gnu-tools-for-stm32.12.3.rel1.win32_1.0.200.202406191623/tools/bin/../lib/gcc/arm-none-eabi/12.3.1/../../../../arm-none-eabi/lib/thumb/v7e-m+fp/hard\libc_nano.a(libc_a-nano-vfprintf_float.o)
                0x08007358                __exponent
 .text._printf_float
                0x080073cc      0x454 C:/ST/STM32CubeIDE_1.16.1/STM32CubeIDE/plugins/com.st.stm32cube.ide.mcu.externaltools.gnu-tools-for-stm32.12.3.rel1.win32_1.0.200.202406191623/tools/bin/../lib/gcc/arm-none-eabi/12.3.1/../../../../arm-none-eabi/lib/thumb/v7e-m+fp/hard\libc_nano.a(libc_a-nano-vfprintf_float.o)
                0x080073cc                _printf_float
 .text._printf_common
                0x08007820       0xda C:/ST/STM32CubeIDE_1.16.1/STM32CubeIDE/plugins/com.st.stm32cube.ide.mcu.externaltools.gnu-tools-for-stm32.12.3.rel1.win32_1.0.200.202406191623/tools/bin/../lib/gcc/arm-none-eabi/12.3.1/../../../../arm-none-eabi/lib/thumb/v7e-m+fp/hard\libc_nano.a(libc_a-nano-vfprintf_i.o)
                0x08007820                _printf_common
 *fill*         0x080078fa        0x2 
 .text._printf_i
                0x080078fc      0x240 C:/ST/STM32CubeIDE_1.16.1/STM32CubeIDE/plugins/com.st.stm32cube.ide.mcu.externaltools.gnu-tools-for-stm32.12.3.rel1.win32_1.0.200.202406191623/tools/bin/../lib/gcc/arm-none-eabi/12.3.1/../../../../arm-none-eabi/lib/thumb/v7e-m+fp/hard\libc_nano.a(libc_a-nano-vfprintf_i.o)
                0x080078fc                _printf_i
 .text.__sflush_r
                0x08007b3c      0x108 C:/ST/STM32CubeIDE_1.16.1/STM32CubeIDE/plugins/com.st.stm32cube.ide.mcu.externaltools.gnu-tools-for-stm32.12.3.rel1.win32_1.0.200.202406191623/tools/bin/../lib/gcc/arm-none-eabi/12.3.1/../../../../arm-none-eabi/lib/thumb/v7e-m+fp/hard\libc_nano.a(libc_a-fflush.o)
                0x08007b3c                __sflush_r
 .text._fflush_r
                0x08007c44       0x50 C:/ST/STM32CubeIDE_1.16.1/STM32CubeIDE/plugins/com.st.stm32cube.ide.mcu.externaltools.gnu-tools-for-stm32.12.3.rel1.win32_1.0.200.202406191623/tools/bin/../lib/gcc/arm-none-eabi/12.3.1/../../../../arm-none-eabi/lib/thumb/v7e-m+fp/hard\libc_nano.a(libc_a-fflush.o)
                0x08007c44                _fflush_r
 .text.fflush   0x08007c94       0x28 C:/ST/STM32CubeIDE_1.16.1/STM32CubeIDE/plugins/com.st.stm32cube.ide.mcu.externaltools.gnu-tools-for-stm32.12.3.rel1.win32_1.0.200.202406191623/tools/bin/../lib/gcc/arm-none-eabi/12.3.1/../../../../arm-none-eabi/lib/thumb/v7e-m+fp/hard\libc_nano.a(libc_a-fflush.o)
                0x08007c94                fflush
 .text.std      0x08007cbc       0x6c C:/ST/STM32CubeIDE_1.16.1/STM32CubeIDE/plugins/com.st.stm32cube.ide.mcu.externaltools.gnu-tools-for-stm32.12.3.rel1.win32_1.0.200.202406191623/tools/bin/../lib/gcc/arm-none-eabi/12.3.1/../../../../arm-none-eabi/lib/thumb/v7e-m+fp/hard\libc_nano.a(libc_a-findfp.o)
 .text.stdio_exit_handler
                0x08007d28       0x18 C:/ST/STM32CubeIDE_1.16.1/STM32CubeIDE/plugins/com.st.stm32cube.ide.mcu.externaltools.gnu-tools-for-stm32.12.3.rel1.win32_1.0.200.202406191623/tools/bin/../lib/gcc/arm-none-eabi/12.3.1/../../../../arm-none-eabi/lib/thumb/v7e-m+fp/hard\libc_nano.a(libc_a-findfp.o)
 .text.cleanup_stdio
                0x08007d40       0x40 C:/ST/STM32CubeIDE_1.16.1/STM32CubeIDE/plugins/com.st.stm32cube.ide.mcu.externaltools.gnu-tools-for-stm32.12.3.rel1.win32_1.0.200.202406191623/tools/bin/../lib/gcc/arm-none-eabi/12.3.1/../../../../arm-none-eabi/lib/thumb/v7e-m+fp/hard\libc_nano.a(libc_a-findfp.o)
 .text.global_stdio_init.part.0
                0x08007d80       0x3c C:/ST/STM32CubeIDE_1.16.1/STM32CubeIDE/plugins/com.st.stm32cube.ide.mcu.externaltools.gnu-tools-for-stm32.12.3.rel1.win32_1.0.200.202406191623/tools/bin/../lib/gcc/arm-none-eabi/12.3.1/../../../../arm-none-eabi/lib/thumb/v7e-m+fp/hard\libc_nano.a(libc_a-findfp.o)
 .text.__sfp_lock_acquire
                0x08007dbc        0xc C:/ST/STM32CubeIDE_1.16.1/STM32CubeIDE/plugins/com.st.stm32cube.ide.mcu.externaltools.gnu-tools-for-stm32.12.3.rel1.win32_1.0.200.202406191623/tools/bin/../lib/gcc/arm-none-eabi/12.3.1/../../../../arm-none-eabi/lib/thumb/v7e-m+fp/hard\libc_nano.a(libc_a-findfp.o)
                0x08007dbc                __sfp_lock_acquire
 .text.__sfp_lock_release
                0x08007dc8        0xc C:/ST/STM32CubeIDE_1.16.1/STM32CubeIDE/plugins/com.st.stm32cube.ide.mcu.externaltools.gnu-tools-for-stm32.12.3.rel1.win32_1.0.200.202406191623/tools/bin/../lib/gcc/arm-none-eabi/12.3.1/../../../../arm-none-eabi/lib/thumb/v7e-m+fp/hard\libc_nano.a(libc_a-findfp.o)
                0x08007dc8                __sfp_lock_release
 .text.__sinit  0x08007dd4       0x30 C:/ST/STM32CubeIDE_1.16.1/STM32CubeIDE/plugins/com.st.stm32cube.ide.mcu.externaltools.gnu-tools-for-stm32.12.3.rel1.win32_1.0.200.202406191623/tools/bin/../lib/gcc/arm-none-eabi/12.3.1/../../../../arm-none-eabi/lib/thumb/v7e-m+fp/hard\libc_nano.a(libc_a-findfp.o)
                0x08007dd4                __sinit
 .text._fwalk_sglue
                0x08007e04       0x3c C:/ST/STM32CubeIDE_1.16.1/STM32CubeIDE/plugins/com.st.stm32cube.ide.mcu.externaltools.gnu-tools-for-stm32.12.3.rel1.win32_1.0.200.202406191623/tools/bin/../lib/gcc/arm-none-eabi/12.3.1/../../../../arm-none-eabi/lib/thumb/v7e-m+fp/hard\libc_nano.a(libc_a-fwalk.o)
                0x08007e04                _fwalk_sglue
 .text.printf   0x08007e40       0x24 C:/ST/STM32CubeIDE_1.16.1/STM32CubeIDE/plugins/com.st.stm32cube.ide.mcu.externaltools.gnu-tools-for-stm32.12.3.rel1.win32_1.0.200.202406191623/tools/bin/../lib/gcc/arm-none-eabi/12.3.1/../../../../arm-none-eabi/lib/thumb/v7e-m+fp/hard\libc_nano.a(libc_a-printf.o)
                0x08007e40                iprintf
                0x08007e40                printf
 .text.putchar  0x08007e64       0x10 C:/ST/STM32CubeIDE_1.16.1/STM32CubeIDE/plugins/com.st.stm32cube.ide.mcu.externaltools.gnu-tools-for-stm32.12.3.rel1.win32_1.0.200.202406191623/tools/bin/../lib/gcc/arm-none-eabi/12.3.1/../../../../arm-none-eabi/lib/thumb/v7e-m+fp/hard\libc_nano.a(libc_a-putchar.o)
                0x08007e64                putchar
 .text._puts_r  0x08007e74       0xaa C:/ST/STM32CubeIDE_1.16.1/STM32CubeIDE/plugins/com.st.stm32cube.ide.mcu.externaltools.gnu-tools-for-stm32.12.3.rel1.win32_1.0.200.202406191623/tools/bin/../lib/gcc/arm-none-eabi/12.3.1/../../../../arm-none-eabi/lib/thumb/v7e-m+fp/hard\libc_nano.a(libc_a-puts.o)
                0x08007e74                _puts_r
 *fill*         0x08007f1e        0x2 
 .text.puts     0x08007f20       0x10 C:/ST/STM32CubeIDE_1.16.1/STM32CubeIDE/plugins/com.st.stm32cube.ide.mcu.externaltools.gnu-tools-for-stm32.12.3.rel1.win32_1.0.200.202406191623/tools/bin/../lib/gcc/arm-none-eabi/12.3.1/../../../../arm-none-eabi/lib/thumb/v7e-m+fp/hard\libc_nano.a(libc_a-puts.o)
                0x08007f20                puts
 .text.sprintf  0x08007f30       0x40 C:/ST/STM32CubeIDE_1.16.1/STM32CubeIDE/plugins/com.st.stm32cube.ide.mcu.externaltools.gnu-tools-for-stm32.12.3.rel1.win32_1.0.200.202406191623/tools/bin/../lib/gcc/arm-none-eabi/12.3.1/../../../../arm-none-eabi/lib/thumb/v7e-m+fp/hard\libc_nano.a(libc_a-sprintf.o)
                0x08007f30                siprintf
                0x08007f30                sprintf
 .text.__sread  0x08007f70       0x22 C:/ST/STM32CubeIDE_1.16.1/STM32CubeIDE/plugins/com.st.stm32cube.ide.mcu.externaltools.gnu-tools-for-stm32.12.3.rel1.win32_1.0.200.202406191623/tools/bin/../lib/gcc/arm-none-eabi/12.3.1/../../../../arm-none-eabi/lib/thumb/v7e-m+fp/hard\libc_nano.a(libc_a-stdio.o)
                0x08007f70                __sread
 .text.__swrite
                0x08007f92       0x38 C:/ST/STM32CubeIDE_1.16.1/STM32CubeIDE/plugins/com.st.stm32cube.ide.mcu.externaltools.gnu-tools-for-stm32.12.3.rel1.win32_1.0.200.202406191623/tools/bin/../lib/gcc/arm-none-eabi/12.3.1/../../../../arm-none-eabi/lib/thumb/v7e-m+fp/hard\libc_nano.a(libc_a-stdio.o)
                0x08007f92                __swrite
 .text.__sseek  0x08007fca       0x24 C:/ST/STM32CubeIDE_1.16.1/STM32CubeIDE/plugins/com.st.stm32cube.ide.mcu.externaltools.gnu-tools-for-stm32.12.3.rel1.win32_1.0.200.202406191623/tools/bin/../lib/gcc/arm-none-eabi/12.3.1/../../../../arm-none-eabi/lib/thumb/v7e-m+fp/hard\libc_nano.a(libc_a-stdio.o)
                0x08007fca                __sseek
 .text.__sclose
                0x08007fee        0x8 C:/ST/STM32CubeIDE_1.16.1/STM32CubeIDE/plugins/com.st.stm32cube.ide.mcu.externaltools.gnu-tools-for-stm32.12.3.rel1.win32_1.0.200.202406191623/tools/bin/../lib/gcc/arm-none-eabi/12.3.1/../../../../arm-none-eabi/lib/thumb/v7e-m+fp/hard\libc_nano.a(libc_a-stdio.o)
                0x08007fee                __sclose
 .text.__swbuf_r
                0x08007ff6       0x7c C:/ST/STM32CubeIDE_1.16.1/STM32CubeIDE/plugins/com.st.stm32cube.ide.mcu.externaltools.gnu-tools-for-stm32.12.3.rel1.win32_1.0.200.202406191623/tools/bin/../lib/gcc/arm-none-eabi/12.3.1/../../../../arm-none-eabi/lib/thumb/v7e-m+fp/hard\libc_nano.a(libc_a-wbuf.o)
                0x08007ff6                __swbuf_r
 *fill*         0x08008072        0x2 
 .text.__swsetup_r
                0x08008074       0xac C:/ST/STM32CubeIDE_1.16.1/STM32CubeIDE/plugins/com.st.stm32cube.ide.mcu.externaltools.gnu-tools-for-stm32.12.3.rel1.win32_1.0.200.202406191623/tools/bin/../lib/gcc/arm-none-eabi/12.3.1/../../../../arm-none-eabi/lib/thumb/v7e-m+fp/hard\libc_nano.a(libc_a-wsetup.o)
                0x08008074                __swsetup_r
 .text.memset   0x08008120       0x10 C:/ST/STM32CubeIDE_1.16.1/STM32CubeIDE/plugins/com.st.stm32cube.ide.mcu.externaltools.gnu-tools-for-stm32.12.3.rel1.win32_1.0.200.202406191623/tools/bin/../lib/gcc/arm-none-eabi/12.3.1/../../../../arm-none-eabi/lib/thumb/v7e-m+fp/hard\libc_nano.a(libc_a-memset.o)
                0x08008120                memset
 .text._localeconv_r
                0x08008130        0x8 C:/ST/STM32CubeIDE_1.16.1/STM32CubeIDE/plugins/com.st.stm32cube.ide.mcu.externaltools.gnu-tools-for-stm32.12.3.rel1.win32_1.0.200.202406191623/tools/bin/../lib/gcc/arm-none-eabi/12.3.1/../../../../arm-none-eabi/lib/thumb/v7e-m+fp/hard\libc_nano.a(libc_a-localeconv.o)
                0x08008130                _localeconv_r
 .text._close_r
                0x08008138       0x20 C:/ST/STM32CubeIDE_1.16.1/STM32CubeIDE/plugins/com.st.stm32cube.ide.mcu.externaltools.gnu-tools-for-stm32.12.3.rel1.win32_1.0.200.202406191623/tools/bin/../lib/gcc/arm-none-eabi/12.3.1/../../../../arm-none-eabi/lib/thumb/v7e-m+fp/hard\libc_nano.a(libc_a-closer.o)
                0x08008138                _close_r
 .text._lseek_r
                0x08008158       0x24 C:/ST/STM32CubeIDE_1.16.1/STM32CubeIDE/plugins/com.st.stm32cube.ide.mcu.externaltools.gnu-tools-for-stm32.12.3.rel1.win32_1.0.200.202406191623/tools/bin/../lib/gcc/arm-none-eabi/12.3.1/../../../../arm-none-eabi/lib/thumb/v7e-m+fp/hard\libc_nano.a(libc_a-lseekr.o)
                0x08008158                _lseek_r
 .text._read_r  0x0800817c       0x24 C:/ST/STM32CubeIDE_1.16.1/STM32CubeIDE/plugins/com.st.stm32cube.ide.mcu.externaltools.gnu-tools-for-stm32.12.3.rel1.win32_1.0.200.202406191623/tools/bin/../lib/gcc/arm-none-eabi/12.3.1/../../../../arm-none-eabi/lib/thumb/v7e-m+fp/hard\libc_nano.a(libc_a-readr.o)
                0x0800817c                _read_r
 .text._write_r
                0x080081a0       0x24 C:/ST/STM32CubeIDE_1.16.1/STM32CubeIDE/plugins/com.st.stm32cube.ide.mcu.externaltools.gnu-tools-for-stm32.12.3.rel1.win32_1.0.200.202406191623/tools/bin/../lib/gcc/arm-none-eabi/12.3.1/../../../../arm-none-eabi/lib/thumb/v7e-m+fp/hard\libc_nano.a(libc_a-writer.o)
                0x080081a0                _write_r
 .text.__errno  0x080081c4        0xc C:/ST/STM32CubeIDE_1.16.1/STM32CubeIDE/plugins/com.st.stm32cube.ide.mcu.externaltools.gnu-tools-for-stm32.12.3.rel1.win32_1.0.200.202406191623/tools/bin/../lib/gcc/arm-none-eabi/12.3.1/../../../../arm-none-eabi/lib/thumb/v7e-m+fp/hard\libc_nano.a(libc_a-errno.o)
                0x080081c4                __errno
 .text.__libc_init_array
                0x080081d0       0x48 C:/ST/STM32CubeIDE_1.16.1/STM32CubeIDE/plugins/com.st.stm32cube.ide.mcu.externaltools.gnu-tools-for-stm32.12.3.rel1.win32_1.0.200.202406191623/tools/bin/../lib/gcc/arm-none-eabi/12.3.1/../../../../arm-none-eabi/lib/thumb/v7e-m+fp/hard\libc_nano.a(libc_a-init.o)
                0x080081d0                __libc_init_array
 .text.__retarget_lock_init_recursive
                0x08008218        0x2 C:/ST/STM32CubeIDE_1.16.1/STM32CubeIDE/plugins/com.st.stm32cube.ide.mcu.externaltools.gnu-tools-for-stm32.12.3.rel1.win32_1.0.200.202406191623/tools/bin/../lib/gcc/arm-none-eabi/12.3.1/../../../../arm-none-eabi/lib/thumb/v7e-m+fp/hard\libc_nano.a(libc_a-lock.o)
                0x08008218                __retarget_lock_init_recursive
 .text.__retarget_lock_acquire_recursive
                0x0800821a        0x2 C:/ST/STM32CubeIDE_1.16.1/STM32CubeIDE/plugins/com.st.stm32cube.ide.mcu.externaltools.gnu-tools-for-stm32.12.3.rel1.win32_1.0.200.202406191623/tools/bin/../lib/gcc/arm-none-eabi/12.3.1/../../../../arm-none-eabi/lib/thumb/v7e-m+fp/hard\libc_nano.a(libc_a-lock.o)
                0x0800821a                __retarget_lock_acquire_recursive
 .text.__retarget_lock_release_recursive
                0x0800821c        0x2 C:/ST/STM32CubeIDE_1.16.1/STM32CubeIDE/plugins/com.st.stm32cube.ide.mcu.externaltools.gnu-tools-for-stm32.12.3.rel1.win32_1.0.200.202406191623/tools/bin/../lib/gcc/arm-none-eabi/12.3.1/../../../../arm-none-eabi/lib/thumb/v7e-m+fp/hard\libc_nano.a(libc_a-lock.o)
                0x0800821c                __retarget_lock_release_recursive
 .text.memcpy   0x0800821e       0x1c C:/ST/STM32CubeIDE_1.16.1/STM32CubeIDE/plugins/com.st.stm32cube.ide.mcu.externaltools.gnu-tools-for-stm32.12.3.rel1.win32_1.0.200.202406191623/tools/bin/../lib/gcc/arm-none-eabi/12.3.1/../../../../arm-none-eabi/lib/thumb/v7e-m+fp/hard\libc_nano.a(libc_a-memcpy-stub.o)
                0x0800821e                memcpy
 .text.quorem   0x0800823a      0x110 C:/ST/STM32CubeIDE_1.16.1/STM32CubeIDE/plugins/com.st.stm32cube.ide.mcu.externaltools.gnu-tools-for-stm32.12.3.rel1.win32_1.0.200.202406191623/tools/bin/../lib/gcc/arm-none-eabi/12.3.1/../../../../arm-none-eabi/lib/thumb/v7e-m+fp/hard\libc_nano.a(libc_a-dtoa.o)
 *fill*         0x0800834a        0x6 
 .text._dtoa_r  0x08008350      0xb88 C:/ST/STM32CubeIDE_1.16.1/STM32CubeIDE/plugins/com.st.stm32cube.ide.mcu.externaltools.gnu-tools-for-stm32.12.3.rel1.win32_1.0.200.202406191623/tools/bin/../lib/gcc/arm-none-eabi/12.3.1/../../../../arm-none-eabi/lib/thumb/v7e-m+fp/hard\libc_nano.a(libc_a-dtoa.o)
                0x08008350                _dtoa_r
 .text._free_r  0x08008ed8       0x94 C:/ST/STM32CubeIDE_1.16.1/STM32CubeIDE/plugins/com.st.stm32cube.ide.mcu.externaltools.gnu-tools-for-stm32.12.3.rel1.win32_1.0.200.202406191623/tools/bin/../lib/gcc/arm-none-eabi/12.3.1/../../../../arm-none-eabi/lib/thumb/v7e-m+fp/hard\libc_nano.a(libc_a-freer.o)
                0x08008ed8                _free_r
 .text.malloc   0x08008f6c       0x10 C:/ST/STM32CubeIDE_1.16.1/STM32CubeIDE/plugins/com.st.stm32cube.ide.mcu.externaltools.gnu-tools-for-stm32.12.3.rel1.win32_1.0.200.202406191623/tools/bin/../lib/gcc/arm-none-eabi/12.3.1/../../../../arm-none-eabi/lib/thumb/v7e-m+fp/hard\libc_nano.a(libc_a-malloc.o)
                0x08008f6c                malloc
 .text.sbrk_aligned
                0x08008f7c       0x44 C:/ST/STM32CubeIDE_1.16.1/STM32CubeIDE/plugins/com.st.stm32cube.ide.mcu.externaltools.gnu-tools-for-stm32.12.3.rel1.win32_1.0.200.202406191623/tools/bin/../lib/gcc/arm-none-eabi/12.3.1/../../../../arm-none-eabi/lib/thumb/v7e-m+fp/hard\libc_nano.a(libc_a-mallocr.o)
 .text._malloc_r
                0x08008fc0      0x100 C:/ST/STM32CubeIDE_1.16.1/STM32CubeIDE/plugins/com.st.stm32cube.ide.mcu.externaltools.gnu-tools-for-stm32.12.3.rel1.win32_1.0.200.202406191623/tools/bin/../lib/gcc/arm-none-eabi/12.3.1/../../../../arm-none-eabi/lib/thumb/v7e-m+fp/hard\libc_nano.a(libc_a-mallocr.o)
                0x08008fc0                _malloc_r
 .text.__malloc_lock
                0x080090c0        0xc C:/ST/STM32CubeIDE_1.16.1/STM32CubeIDE/plugins/com.st.stm32cube.ide.mcu.externaltools.gnu-tools-for-stm32.12.3.rel1.win32_1.0.200.202406191623/tools/bin/../lib/gcc/arm-none-eabi/12.3.1/../../../../arm-none-eabi/lib/thumb/v7e-m+fp/hard\libc_nano.a(libc_a-mlock.o)
                0x080090c0                __malloc_lock
 .text.__malloc_unlock
                0x080090cc        0xc C:/ST/STM32CubeIDE_1.16.1/STM32CubeIDE/plugins/com.st.stm32cube.ide.mcu.externaltools.gnu-tools-for-stm32.12.3.rel1.win32_1.0.200.202406191623/tools/bin/../lib/gcc/arm-none-eabi/12.3.1/../../../../arm-none-eabi/lib/thumb/v7e-m+fp/hard\libc_nano.a(libc_a-mlock.o)
                0x080090cc                __malloc_unlock
 .text._Balloc  0x080090d8       0x80 C:/ST/STM32CubeIDE_1.16.1/STM32CubeIDE/plugins/com.st.stm32cube.ide.mcu.externaltools.gnu-tools-for-stm32.12.3.rel1.win32_1.0.200.202406191623/tools/bin/../lib/gcc/arm-none-eabi/12.3.1/../../../../arm-none-eabi/lib/thumb/v7e-m+fp/hard\libc_nano.a(libc_a-mprec.o)
                0x080090d8                _Balloc
 .text._Bfree   0x08009158       0x44 C:/ST/STM32CubeIDE_1.16.1/STM32CubeIDE/plugins/com.st.stm32cube.ide.mcu.externaltools.gnu-tools-for-stm32.12.3.rel1.win32_1.0.200.202406191623/tools/bin/../lib/gcc/arm-none-eabi/12.3.1/../../../../arm-none-eabi/lib/thumb/v7e-m+fp/hard\libc_nano.a(libc_a-mprec.o)
                0x08009158                _Bfree
 .text.__multadd
                0x0800919c       0x8c C:/ST/STM32CubeIDE_1.16.1/STM32CubeIDE/plugins/com.st.stm32cube.ide.mcu.externaltools.gnu-tools-for-stm32.12.3.rel1.win32_1.0.200.202406191623/tools/bin/../lib/gcc/arm-none-eabi/12.3.1/../../../../arm-none-eabi/lib/thumb/v7e-m+fp/hard\libc_nano.a(libc_a-mprec.o)
                0x0800919c                __multadd
 .text.__hi0bits
                0x08009228       0x3e C:/ST/STM32CubeIDE_1.16.1/STM32CubeIDE/plugins/com.st.stm32cube.ide.mcu.externaltools.gnu-tools-for-stm32.12.3.rel1.win32_1.0.200.202406191623/tools/bin/../lib/gcc/arm-none-eabi/12.3.1/../../../../arm-none-eabi/lib/thumb/v7e-m+fp/hard\libc_nano.a(libc_a-mprec.o)
                0x08009228                __hi0bits
 .text.__lo0bits
                0x08009266       0x5a C:/ST/STM32CubeIDE_1.16.1/STM32CubeIDE/plugins/com.st.stm32cube.ide.mcu.externaltools.gnu-tools-for-stm32.12.3.rel1.win32_1.0.200.202406191623/tools/bin/../lib/gcc/arm-none-eabi/12.3.1/../../../../arm-none-eabi/lib/thumb/v7e-m+fp/hard\libc_nano.a(libc_a-mprec.o)
                0x08009266                __lo0bits
 .text.__i2b    0x080092c0       0x2c C:/ST/STM32CubeIDE_1.16.1/STM32CubeIDE/plugins/com.st.stm32cube.ide.mcu.externaltools.gnu-tools-for-stm32.12.3.rel1.win32_1.0.200.202406191623/tools/bin/../lib/gcc/arm-none-eabi/12.3.1/../../../../arm-none-eabi/lib/thumb/v7e-m+fp/hard\libc_nano.a(libc_a-mprec.o)
                0x080092c0                __i2b
 .text.__multiply
                0x080092ec      0x154 C:/ST/STM32CubeIDE_1.16.1/STM32CubeIDE/plugins/com.st.stm32cube.ide.mcu.externaltools.gnu-tools-for-stm32.12.3.rel1.win32_1.0.200.202406191623/tools/bin/../lib/gcc/arm-none-eabi/12.3.1/../../../../arm-none-eabi/lib/thumb/v7e-m+fp/hard\libc_nano.a(libc_a-mprec.o)
                0x080092ec                __multiply
 .text.__pow5mult
                0x08009440       0xb4 C:/ST/STM32CubeIDE_1.16.1/STM32CubeIDE/plugins/com.st.stm32cube.ide.mcu.externaltools.gnu-tools-for-stm32.12.3.rel1.win32_1.0.200.202406191623/tools/bin/../lib/gcc/arm-none-eabi/12.3.1/../../../../arm-none-eabi/lib/thumb/v7e-m+fp/hard\libc_nano.a(libc_a-mprec.o)
                0x08009440                __pow5mult
 .text.__lshift
                0x080094f4       0xd8 C:/ST/STM32CubeIDE_1.16.1/STM32CubeIDE/plugins/com.st.stm32cube.ide.mcu.externaltools.gnu-tools-for-stm32.12.3.rel1.win32_1.0.200.202406191623/tools/bin/../lib/gcc/arm-none-eabi/12.3.1/../../../../arm-none-eabi/lib/thumb/v7e-m+fp/hard\libc_nano.a(libc_a-mprec.o)
                0x080094f4                __lshift
 .text.__mcmp   0x080095cc       0x36 C:/ST/STM32CubeIDE_1.16.1/STM32CubeIDE/plugins/com.st.stm32cube.ide.mcu.externaltools.gnu-tools-for-stm32.12.3.rel1.win32_1.0.200.202406191623/tools/bin/../lib/gcc/arm-none-eabi/12.3.1/../../../../arm-none-eabi/lib/thumb/v7e-m+fp/hard\libc_nano.a(libc_a-mprec.o)
                0x080095cc                __mcmp
 *fill*         0x08009602        0x2 
 .text.__mdiff  0x08009604      0x128 C:/ST/STM32CubeIDE_1.16.1/STM32CubeIDE/plugins/com.st.stm32cube.ide.mcu.externaltools.gnu-tools-for-stm32.12.3.rel1.win32_1.0.200.202406191623/tools/bin/../lib/gcc/arm-none-eabi/12.3.1/../../../../arm-none-eabi/lib/thumb/v7e-m+fp/hard\libc_nano.a(libc_a-mprec.o)
                0x08009604                __mdiff
 .text.__d2b    0x0800972c       0xb0 C:/ST/STM32CubeIDE_1.16.1/STM32CubeIDE/plugins/com.st.stm32cube.ide.mcu.externaltools.gnu-tools-for-stm32.12.3.rel1.win32_1.0.200.202406191623/tools/bin/../lib/gcc/arm-none-eabi/12.3.1/../../../../arm-none-eabi/lib/thumb/v7e-m+fp/hard\libc_nano.a(libc_a-mprec.o)
                0x0800972c                __d2b
 .text.__ssputs_r
                0x080097dc       0xb6 C:/ST/STM32CubeIDE_1.16.1/STM32CubeIDE/plugins/com.st.stm32cube.ide.mcu.externaltools.gnu-tools-for-stm32.12.3.rel1.win32_1.0.200.202406191623/tools/bin/../lib/gcc/arm-none-eabi/12.3.1/../../../../arm-none-eabi/lib/thumb/v7e-m+fp/hard\libc_nano.a(libc_a-nano-svfprintf.o)
                0x080097dc                __ssputs_r
 *fill*         0x08009892        0x2 
 .text._svfprintf_r
                0x08009894      0x1f8 C:/ST/STM32CubeIDE_1.16.1/STM32CubeIDE/plugins/com.st.stm32cube.ide.mcu.externaltools.gnu-tools-for-stm32.12.3.rel1.win32_1.0.200.202406191623/tools/bin/../lib/gcc/arm-none-eabi/12.3.1/../../../../arm-none-eabi/lib/thumb/v7e-m+fp/hard\libc_nano.a(libc_a-nano-svfprintf.o)
                0x08009894                _svfiprintf_r
                0x08009894                _svfprintf_r
 .text.__sfputc_r
                0x08009a8c       0x2e C:/ST/STM32CubeIDE_1.16.1/STM32CubeIDE/plugins/com.st.stm32cube.ide.mcu.externaltools.gnu-tools-for-stm32.12.3.rel1.win32_1.0.200.202406191623/tools/bin/../lib/gcc/arm-none-eabi/12.3.1/../../../../arm-none-eabi/lib/thumb/v7e-m+fp/hard\libc_nano.a(libc_a-nano-vfprintf.o)
 .text.__sfputs_r
                0x08009aba       0x24 C:/ST/STM32CubeIDE_1.16.1/STM32CubeIDE/plugins/com.st.stm32cube.ide.mcu.externaltools.gnu-tools-for-stm32.12.3.rel1.win32_1.0.200.202406191623/tools/bin/../lib/gcc/arm-none-eabi/12.3.1/../../../../arm-none-eabi/lib/thumb/v7e-m+fp/hard\libc_nano.a(libc_a-nano-vfprintf.o)
                0x08009aba                __sfputs_r
 *fill*         0x08009ade        0x2 
 .text._vfprintf_r
                0x08009ae0      0x230 C:/ST/STM32CubeIDE_1.16.1/STM32CubeIDE/plugins/com.st.stm32cube.ide.mcu.externaltools.gnu-tools-for-stm32.12.3.rel1.win32_1.0.200.202406191623/tools/bin/../lib/gcc/arm-none-eabi/12.3.1/../../../../arm-none-eabi/lib/thumb/v7e-m+fp/hard\libc_nano.a(libc_a-nano-vfprintf.o)
                0x08009ae0                _vfprintf_r
                0x08009ae0                _vfiprintf_r
 .text.__swhatbuf_r
                0x08009d10       0x4c C:/ST/STM32CubeIDE_1.16.1/STM32CubeIDE/plugins/com.st.stm32cube.ide.mcu.externaltools.gnu-tools-for-stm32.12.3.rel1.win32_1.0.200.202406191623/tools/bin/../lib/gcc/arm-none-eabi/12.3.1/../../../../arm-none-eabi/lib/thumb/v7e-m+fp/hard\libc_nano.a(libc_a-makebuf.o)
                0x08009d10                __swhatbuf_r
 .text.__smakebuf_r
                0x08009d5c       0x78 C:/ST/STM32CubeIDE_1.16.1/STM32CubeIDE/plugins/com.st.stm32cube.ide.mcu.externaltools.gnu-tools-for-stm32.12.3.rel1.win32_1.0.200.202406191623/tools/bin/../lib/gcc/arm-none-eabi/12.3.1/../../../../arm-none-eabi/lib/thumb/v7e-m+fp/hard\libc_nano.a(libc_a-makebuf.o)
                0x08009d5c                __smakebuf_r
 .text._putc_r  0x08009dd4       0x68 C:/ST/STM32CubeIDE_1.16.1/STM32CubeIDE/plugins/com.st.stm32cube.ide.mcu.externaltools.gnu-tools-for-stm32.12.3.rel1.win32_1.0.200.202406191623/tools/bin/../lib/gcc/arm-none-eabi/12.3.1/../../../../arm-none-eabi/lib/thumb/v7e-m+fp/hard\libc_nano.a(libc_a-putc.o)
                0x08009dd4                _putc_r
 .text.memmove  0x08009e3c       0x34 C:/ST/STM32CubeIDE_1.16.1/STM32CubeIDE/plugins/com.st.stm32cube.ide.mcu.externaltools.gnu-tools-for-stm32.12.3.rel1.win32_1.0.200.202406191623/tools/bin/../lib/gcc/arm-none-eabi/12.3.1/../../../../arm-none-eabi/lib/thumb/v7e-m+fp/hard\libc_nano.a(libc_a-memmove.o)
                0x08009e3c                memmove
 .text._fstat_r
                0x08009e70       0x24 C:/ST/STM32CubeIDE_1.16.1/STM32CubeIDE/plugins/com.st.stm32cube.ide.mcu.externaltools.gnu-tools-for-stm32.12.3.rel1.win32_1.0.200.202406191623/tools/bin/../lib/gcc/arm-none-eabi/12.3.1/../../../../arm-none-eabi/lib/thumb/v7e-m+fp/hard\libc_nano.a(libc_a-fstatr.o)
                0x08009e70                _fstat_r
 .text._isatty_r
                0x08009e94       0x20 C:/ST/STM32CubeIDE_1.16.1/STM32CubeIDE/plugins/com.st.stm32cube.ide.mcu.externaltools.gnu-tools-for-stm32.12.3.rel1.win32_1.0.200.202406191623/tools/bin/../lib/gcc/arm-none-eabi/12.3.1/../../../../arm-none-eabi/lib/thumb/v7e-m+fp/hard\libc_nano.a(libc_a-isattyr.o)
                0x08009e94                _isatty_r
 .text._sbrk_r  0x08009eb4       0x20 C:/ST/STM32CubeIDE_1.16.1/STM32CubeIDE/plugins/com.st.stm32cube.ide.mcu.externaltools.gnu-tools-for-stm32.12.3.rel1.win32_1.0.200.202406191623/tools/bin/../lib/gcc/arm-none-eabi/12.3.1/../../../../arm-none-eabi/lib/thumb/v7e-m+fp/hard\libc_nano.a(libc_a-sbrkr.o)
                0x08009eb4                _sbrk_r
 .text.__assert_func
                0x08009ed4       0x3c C:/ST/STM32CubeIDE_1.16.1/STM32CubeIDE/plugins/com.st.stm32cube.ide.mcu.externaltools.gnu-tools-for-stm32.12.3.rel1.win32_1.0.200.202406191623/tools/bin/../lib/gcc/arm-none-eabi/12.3.1/../../../../arm-none-eabi/lib/thumb/v7e-m+fp/hard\libc_nano.a(libc_a-assert.o)
                0x08009ed4                __assert_func
 .text._calloc_r
                0x08009f10       0x28 C:/ST/STM32CubeIDE_1.16.1/STM32CubeIDE/plugins/com.st.stm32cube.ide.mcu.externaltools.gnu-tools-for-stm32.12.3.rel1.win32_1.0.200.202406191623/tools/bin/../lib/gcc/arm-none-eabi/12.3.1/../../../../arm-none-eabi/lib/thumb/v7e-m+fp/hard\libc_nano.a(libc_a-callocr.o)
                0x08009f10                _calloc_r
 .text.__ascii_mbtowc
                0x08009f38       0x24 C:/ST/STM32CubeIDE_1.16.1/STM32CubeIDE/plugins/com.st.stm32cube.ide.mcu.externaltools.gnu-tools-for-stm32.12.3.rel1.win32_1.0.200.202406191623/tools/bin/../lib/gcc/arm-none-eabi/12.3.1/../../../../arm-none-eabi/lib/thumb/v7e-m+fp/hard\libc_nano.a(libc_a-mbtowc_r.o)
                0x08009f38                __ascii_mbtowc
 .text._realloc_r
                0x08009f5c       0x5c C:/ST/STM32CubeIDE_1.16.1/STM32CubeIDE/plugins/com.st.stm32cube.ide.mcu.externaltools.gnu-tools-for-stm32.12.3.rel1.win32_1.0.200.202406191623/tools/bin/../lib/gcc/arm-none-eabi/12.3.1/../../../../arm-none-eabi/lib/thumb/v7e-m+fp/hard\libc_nano.a(libc_a-reallocr.o)
                0x08009f5c                _realloc_r
 .text.__ascii_wctomb
                0x08009fb8       0x1a C:/ST/STM32CubeIDE_1.16.1/STM32CubeIDE/plugins/com.st.stm32cube.ide.mcu.externaltools.gnu-tools-for-stm32.12.3.rel1.win32_1.0.200.202406191623/tools/bin/../lib/gcc/arm-none-eabi/12.3.1/../../../../arm-none-eabi/lib/thumb/v7e-m+fp/hard\libc_nano.a(libc_a-wctomb_r.o)
                0x08009fb8                __ascii_wctomb
 *fill*         0x08009fd2        0x2 
 .text.fprintf  0x08009fd4       0x24 C:/ST/STM32CubeIDE_1.16.1/STM32CubeIDE/plugins/com.st.stm32cube.ide.mcu.externaltools.gnu-tools-for-stm32.12.3.rel1.win32_1.0.200.202406191623/tools/bin/../lib/gcc/arm-none-eabi/12.3.1/../../../../arm-none-eabi/lib/thumb/v7e-m+fp/hard\libc_nano.a(libc_a-fprintf.o)
                0x08009fd4                fiprintf
                0x08009fd4                fprintf
 .text.abort    0x08009ff8        0xe C:/ST/STM32CubeIDE_1.16.1/STM32CubeIDE/plugins/com.st.stm32cube.ide.mcu.externaltools.gnu-tools-for-stm32.12.3.rel1.win32_1.0.200.202406191623/tools/bin/../lib/gcc/arm-none-eabi/12.3.1/../../../../arm-none-eabi/lib/thumb/v7e-m+fp/hard\libc_nano.a(libc_a-abort.o)
                0x08009ff8                abort
 .text._malloc_usable_size_r
                0x0800a006       0x10 C:/ST/STM32CubeIDE_1.16.1/STM32CubeIDE/plugins/com.st.stm32cube.ide.mcu.externaltools.gnu-tools-for-stm32.12.3.rel1.win32_1.0.200.202406191623/tools/bin/../lib/gcc/arm-none-eabi/12.3.1/../../../../arm-none-eabi/lib/thumb/v7e-m+fp/hard\libc_nano.a(libc_a-msizer.o)
                0x0800a006                _malloc_usable_size_r
 .text._raise_r
                0x0800a016       0x50 C:/ST/STM32CubeIDE_1.16.1/STM32CubeIDE/plugins/com.st.stm32cube.ide.mcu.externaltools.gnu-tools-for-stm32.12.3.rel1.win32_1.0.200.202406191623/tools/bin/../lib/gcc/arm-none-eabi/12.3.1/../../../../arm-none-eabi/lib/thumb/v7e-m+fp/hard\libc_nano.a(libc_a-signal.o)
                0x0800a016                _raise_r
 *fill*         0x0800a066        0x2 
 .text.raise    0x0800a068       0x10 C:/ST/STM32CubeIDE_1.16.1/STM32CubeIDE/plugins/com.st.stm32cube.ide.mcu.externaltools.gnu-tools-for-stm32.12.3.rel1.win32_1.0.200.202406191623/tools/bin/../lib/gcc/arm-none-eabi/12.3.1/../../../../arm-none-eabi/lib/thumb/v7e-m+fp/hard\libc_nano.a(libc_a-signal.o)
                0x0800a068                raise
 .text._kill_r  0x0800a078       0x24 C:/ST/STM32CubeIDE_1.16.1/STM32CubeIDE/plugins/com.st.stm32cube.ide.mcu.externaltools.gnu-tools-for-stm32.12.3.rel1.win32_1.0.200.202406191623/tools/bin/../lib/gcc/arm-none-eabi/12.3.1/../../../../arm-none-eabi/lib/thumb/v7e-m+fp/hard\libc_nano.a(libc_a-signalr.o)
                0x0800a078                _kill_r
 .text._getpid_r
                0x0800a09c        0x4 C:/ST/STM32CubeIDE_1.16.1/STM32CubeIDE/plugins/com.st.stm32cube.ide.mcu.externaltools.gnu-tools-for-stm32.12.3.rel1.win32_1.0.200.202406191623/tools/bin/../lib/gcc/arm-none-eabi/12.3.1/../../../../arm-none-eabi/lib/thumb/v7e-m+fp/hard\libc_nano.a(libc_a-signalr.o)
                0x0800a09c                _getpid_r
 *(.glue_7)
 .glue_7        0x0800a0a0        0x0 linker stubs
 *(.glue_7t)
 .glue_7t       0x0800a0a0        0x0 linker stubs
 *(.eh_frame)
 .eh_frame      0x0800a0a0        0x0 C:/ST/STM32CubeIDE_1.16.1/STM32CubeIDE/plugins/com.st.stm32cube.ide.mcu.externaltools.gnu-tools-for-stm32.12.3.rel1.win32_1.0.200.202406191623/tools/bin/../lib/gcc/arm-none-eabi/12.3.1/thumb/v7e-m+fp/hard/crtbegin.o
 *(.init)
 .init          0x0800a0a0        0x4 C:/ST/STM32CubeIDE_1.16.1/STM32CubeIDE/plugins/com.st.stm32cube.ide.mcu.externaltools.gnu-tools-for-stm32.12.3.rel1.win32_1.0.200.202406191623/tools/bin/../lib/gcc/arm-none-eabi/12.3.1/thumb/v7e-m+fp/hard/crti.o
                0x0800a0a0                _init
 .init          0x0800a0a4        0x8 C:/ST/STM32CubeIDE_1.16.1/STM32CubeIDE/plugins/com.st.stm32cube.ide.mcu.externaltools.gnu-tools-for-stm32.12.3.rel1.win32_1.0.200.202406191623/tools/bin/../lib/gcc/arm-none-eabi/12.3.1/thumb/v7e-m+fp/hard/crtn.o
 *(.fini)
 .fini          0x0800a0ac        0x4 C:/ST/STM32CubeIDE_1.16.1/STM32CubeIDE/plugins/com.st.stm32cube.ide.mcu.externaltools.gnu-tools-for-stm32.12.3.rel1.win32_1.0.200.202406191623/tools/bin/../lib/gcc/arm-none-eabi/12.3.1/thumb/v7e-m+fp/hard/crti.o
                0x0800a0ac                _fini
 .fini          0x0800a0b0        0x8 C:/ST/STM32CubeIDE_1.16.1/STM32CubeIDE/plugins/com.st.stm32cube.ide.mcu.externaltools.gnu-tools-for-stm32.12.3.rel1.win32_1.0.200.202406191623/tools/bin/../lib/gcc/arm-none-eabi/12.3.1/thumb/v7e-m+fp/hard/crtn.o
                0x0800a0b8                        . = ALIGN (0x4)
                0x0800a0b8                        _etext = .

.vfp11_veneer   0x0800a0b8        0x0
 .vfp11_veneer  0x0800a0b8        0x0 linker stubs

.v4_bx          0x0800a0b8        0x0
 .v4_bx         0x0800a0b8        0x0 linker stubs

.iplt           0x0800a0b8        0x0
 .iplt          0x0800a0b8        0x0 C:/ST/STM32CubeIDE_1.16.1/STM32CubeIDE/plugins/com.st.stm32cube.ide.mcu.externaltools.gnu-tools-for-stm32.12.3.rel1.win32_1.0.200.202406191623/tools/bin/../lib/gcc/arm-none-eabi/12.3.1/thumb/v7e-m+fp/hard/crtbegin.o

.rodata         0x0800a0b8      0x588
                0x0800a0b8                        . = ALIGN (0x4)
 *(.rodata)
 .rodata        0x0800a0b8       0xd7 ./BlueNRG_MS/App/app_bluenrg_ms.o
 *fill*         0x0800a18f        0x1 
 .rodata        0x0800a190       0xa1 ./BlueNRG_MS/App/sample_service.o
 *fill*         0x0800a231        0x3 
 .rodata        0x0800a234        0xd ./BlueNRG_MS/Target/hci_tl_interface.o
 *fill*         0x0800a241        0x3 
 .rodata        0x0800a244       0x57 ./Core/Src/AS7421.o
 *fill*         0x0800a29b        0x1 
 .rodata        0x0800a29c        0x5 ./Core/Src/main.o
 *(.rodata*)
 *fill*         0x0800a2a1        0x3 
 .rodata.AHBPrescTable
                0x0800a2a4       0x10 ./Core/Src/system_stm32f4xx.o
                0x0800a2a4                AHBPrescTable
 .rodata.APBPrescTable
                0x0800a2b4        0x8 ./Core/Src/system_stm32f4xx.o
                0x0800a2b4                APBPrescTable
 .rodata.LedGpioInit.4
                0x0800a2bc        0x4 ./Drivers/BSP/STM32F4xx_Nucleo/stm32f4xx_nucleo.o
 .rodata.ButtonGpioInit.3
                0x0800a2c0        0x4 ./Drivers/BSP/STM32F4xx_Nucleo/stm32f4xx_nucleo.o
 .rodata.BUTTON_EXTI_LINE.2
                0x0800a2c4        0x4 ./Drivers/BSP/STM32F4xx_Nucleo/stm32f4xx_nucleo.o
 .rodata.ButtonCallback.1
                0x0800a2c8        0x4 ./Drivers/BSP/STM32F4xx_Nucleo/stm32f4xx_nucleo.o
 .rodata.BSP_BUTTON_PRIO.0
                0x0800a2cc        0x4 ./Drivers/BSP/STM32F4xx_Nucleo/stm32f4xx_nucleo.o
 .rodata._printf_float.str1.1
                0x0800a2d0       0x12 C:/ST/STM32CubeIDE_1.16.1/STM32CubeIDE/plugins/com.st.stm32cube.ide.mcu.externaltools.gnu-tools-for-stm32.12.3.rel1.win32_1.0.200.202406191623/tools/bin/../lib/gcc/arm-none-eabi/12.3.1/../../../../arm-none-eabi/lib/thumb/v7e-m+fp/hard\libc_nano.a(libc_a-nano-vfprintf_float.o)
 .rodata._printf_i.str1.1
                0x0800a2e2       0x22 C:/ST/STM32CubeIDE_1.16.1/STM32CubeIDE/plugins/com.st.stm32cube.ide.mcu.externaltools.gnu-tools-for-stm32.12.3.rel1.win32_1.0.200.202406191623/tools/bin/../lib/gcc/arm-none-eabi/12.3.1/../../../../arm-none-eabi/lib/thumb/v7e-m+fp/hard\libc_nano.a(libc_a-nano-vfprintf_i.o)
 .rodata._dtoa_r.str1.1
                0x0800a304       0x8d C:/ST/STM32CubeIDE_1.16.1/STM32CubeIDE/plugins/com.st.stm32cube.ide.mcu.externaltools.gnu-tools-for-stm32.12.3.rel1.win32_1.0.200.202406191623/tools/bin/../lib/gcc/arm-none-eabi/12.3.1/../../../../arm-none-eabi/lib/thumb/v7e-m+fp/hard\libc_nano.a(libc_a-dtoa.o)
                                 0x8f (size before relaxing)
 .rodata._Balloc.str1.1
                0x0800a391       0x59 C:/ST/STM32CubeIDE_1.16.1/STM32CubeIDE/plugins/com.st.stm32cube.ide.mcu.externaltools.gnu-tools-for-stm32.12.3.rel1.win32_1.0.200.202406191623/tools/bin/../lib/gcc/arm-none-eabi/12.3.1/../../../../arm-none-eabi/lib/thumb/v7e-m+fp/hard\libc_nano.a(libc_a-mprec.o)
                                 0x70 (size before relaxing)
 .rodata.__multadd.str1.1
                0x0800a3ea       0x11 C:/ST/STM32CubeIDE_1.16.1/STM32CubeIDE/plugins/com.st.stm32cube.ide.mcu.externaltools.gnu-tools-for-stm32.12.3.rel1.win32_1.0.200.202406191623/tools/bin/../lib/gcc/arm-none-eabi/12.3.1/../../../../arm-none-eabi/lib/thumb/v7e-m+fp/hard\libc_nano.a(libc_a-mprec.o)
 *fill*         0x0800a3ea        0x2 
 .rodata.p05.0  0x0800a3ec        0xc C:/ST/STM32CubeIDE_1.16.1/STM32CubeIDE/plugins/com.st.stm32cube.ide.mcu.externaltools.gnu-tools-for-stm32.12.3.rel1.win32_1.0.200.202406191623/tools/bin/../lib/gcc/arm-none-eabi/12.3.1/../../../../arm-none-eabi/lib/thumb/v7e-m+fp/hard\libc_nano.a(libc_a-mprec.o)
 .rodata.__mprec_bigtens
                0x0800a3f8       0x28 C:/ST/STM32CubeIDE_1.16.1/STM32CubeIDE/plugins/com.st.stm32cube.ide.mcu.externaltools.gnu-tools-for-stm32.12.3.rel1.win32_1.0.200.202406191623/tools/bin/../lib/gcc/arm-none-eabi/12.3.1/../../../../arm-none-eabi/lib/thumb/v7e-m+fp/hard\libc_nano.a(libc_a-mprec.o)
                0x0800a3f8                __mprec_bigtens
 .rodata.__mprec_tens
                0x0800a420       0xc8 C:/ST/STM32CubeIDE_1.16.1/STM32CubeIDE/plugins/com.st.stm32cube.ide.mcu.externaltools.gnu-tools-for-stm32.12.3.rel1.win32_1.0.200.202406191623/tools/bin/../lib/gcc/arm-none-eabi/12.3.1/../../../../arm-none-eabi/lib/thumb/v7e-m+fp/hard\libc_nano.a(libc_a-mprec.o)
                0x0800a420                __mprec_tens
 .rodata._svfprintf_r.str1.1
                0x0800a4e8       0x11 C:/ST/STM32CubeIDE_1.16.1/STM32CubeIDE/plugins/com.st.stm32cube.ide.mcu.externaltools.gnu-tools-for-stm32.12.3.rel1.win32_1.0.200.202406191623/tools/bin/../lib/gcc/arm-none-eabi/12.3.1/../../../../arm-none-eabi/lib/thumb/v7e-m+fp/hard\libc_nano.a(libc_a-nano-svfprintf.o)
 .rodata._vfprintf_r.str1.1
                0x0800a4f9       0x11 C:/ST/STM32CubeIDE_1.16.1/STM32CubeIDE/plugins/com.st.stm32cube.ide.mcu.externaltools.gnu-tools-for-stm32.12.3.rel1.win32_1.0.200.202406191623/tools/bin/../lib/gcc/arm-none-eabi/12.3.1/../../../../arm-none-eabi/lib/thumb/v7e-m+fp/hard\libc_nano.a(libc_a-nano-vfprintf.o)
 .rodata._setlocale_r.str1.1
                0x0800a4f9        0x8 C:/ST/STM32CubeIDE_1.16.1/STM32CubeIDE/plugins/com.st.stm32cube.ide.mcu.externaltools.gnu-tools-for-stm32.12.3.rel1.win32_1.0.200.202406191623/tools/bin/../lib/gcc/arm-none-eabi/12.3.1/../../../../arm-none-eabi/lib/thumb/v7e-m+fp/hard\libc_nano.a(libc_a-locale.o)
                                  0x9 (size before relaxing)
 .rodata.str1.1
                0x0800a501        0x2 C:/ST/STM32CubeIDE_1.16.1/STM32CubeIDE/plugins/com.st.stm32cube.ide.mcu.externaltools.gnu-tools-for-stm32.12.3.rel1.win32_1.0.200.202406191623/tools/bin/../lib/gcc/arm-none-eabi/12.3.1/../../../../arm-none-eabi/lib/thumb/v7e-m+fp/hard\libc_nano.a(libc_a-locale.o)
 .rodata.__assert_func.str1.1
                0x0800a503       0x3c C:/ST/STM32CubeIDE_1.16.1/STM32CubeIDE/plugins/com.st.stm32cube.ide.mcu.externaltools.gnu-tools-for-stm32.12.3.rel1.win32_1.0.200.202406191623/tools/bin/../lib/gcc/arm-none-eabi/12.3.1/../../../../arm-none-eabi/lib/thumb/v7e-m+fp/hard\libc_nano.a(libc_a-assert.o)
                                 0x3d (size before relaxing)
 .rodata._ctype_
                0x0800a53f      0x101 C:/ST/STM32CubeIDE_1.16.1/STM32CubeIDE/plugins/com.st.stm32cube.ide.mcu.externaltools.gnu-tools-for-stm32.12.3.rel1.win32_1.0.200.202406191623/tools/bin/../lib/gcc/arm-none-eabi/12.3.1/../../../../arm-none-eabi/lib/thumb/v7e-m+fp/hard\libc_nano.a(libc_a-ctype_.o)
                0x0800a53f                _ctype_
                0x0800a640                        . = ALIGN (0x4)

.ARM.extab      0x0800a640        0x0
                0x0800a640                        . = ALIGN (0x4)
 *(.ARM.extab* .gnu.linkonce.armextab.*)
                0x0800a640                        . = ALIGN (0x4)

.ARM            0x0800a640        0x8
                0x0800a640                        . = ALIGN (0x4)
                0x0800a640                        __exidx_start = .
 *(.ARM.exidx*)
 .ARM.exidx     0x0800a640        0x8 C:/ST/STM32CubeIDE_1.16.1/STM32CubeIDE/plugins/com.st.stm32cube.ide.mcu.externaltools.gnu-tools-for-stm32.12.3.rel1.win32_1.0.200.202406191623/tools/bin/../lib/gcc/arm-none-eabi/12.3.1/../../../../arm-none-eabi/lib/thumb/v7e-m+fp/hard\libc_nano.a(libc_a-memchr.o)
 .ARM.exidx     0x0800a648        0x0 C:/ST/STM32CubeIDE_1.16.1/STM32CubeIDE/plugins/com.st.stm32cube.ide.mcu.externaltools.gnu-tools-for-stm32.12.3.rel1.win32_1.0.200.202406191623/tools/bin/../lib/gcc/arm-none-eabi/12.3.1/../../../../arm-none-eabi/lib/thumb/v7e-m+fp/hard\libc_nano.a(libc_a-strlen.o)
                                  0x8 (size before relaxing)
 .ARM.exidx     0x0800a648        0x0 C:/ST/STM32CubeIDE_1.16.1/STM32CubeIDE/plugins/com.st.stm32cube.ide.mcu.externaltools.gnu-tools-for-stm32.12.3.rel1.win32_1.0.200.202406191623/tools/bin/../lib/gcc/arm-none-eabi/12.3.1/thumb/v7e-m+fp/hard\libgcc.a(_udivmoddi4.o)
                                  0x8 (size before relaxing)
                0x0800a648                        __exidx_end = .
                0x0800a648                        . = ALIGN (0x4)

.preinit_array  0x0800a648        0x0
                0x0800a648                        . = ALIGN (0x4)
                0x0800a648                        PROVIDE (__preinit_array_start = .)
 *(.preinit_array*)
                0x0800a648                        PROVIDE (__preinit_array_end = .)
                0x0800a648                        . = ALIGN (0x4)

.init_array     0x0800a648        0x4
                0x0800a648                        . = ALIGN (0x4)
                0x0800a648                        PROVIDE (__init_array_start = .)
 *(SORT_BY_NAME(.init_array.*))
 *(.init_array*)
 .init_array    0x0800a648        0x4 C:/ST/STM32CubeIDE_1.16.1/STM32CubeIDE/plugins/com.st.stm32cube.ide.mcu.externaltools.gnu-tools-for-stm32.12.3.rel1.win32_1.0.200.202406191623/tools/bin/../lib/gcc/arm-none-eabi/12.3.1/thumb/v7e-m+fp/hard/crtbegin.o
                0x0800a64c                        PROVIDE (__init_array_end = .)
                0x0800a64c                        . = ALIGN (0x4)

.fini_array     0x0800a64c        0x4
                0x0800a64c                        . = ALIGN (0x4)