Archive member included to satisfy reference by file (symbol)

C:/ST/STM32CubeIDE_1.16.1/STM32CubeIDE/plugins/com.st.stm32cube.ide.mcu.externaltools.gnu-tools-for-stm32.12.3.rel1.win32_1.0.200.202406191623/tools/bin/../lib/gcc/arm-none-eabi/12.3.1/../../../../arm-none-eabi/lib/thumb/v7e-m+fp/hard\libc_nano.a(libc_a-exit.o)
                              C:/ST/STM32CubeIDE_1.16.1/STM32CubeIDE/plugins/com.st.stm32cube.ide.mcu.externaltools.gnu-tools-for-stm32.12.3.rel1.win32_1.0.200.202406191623/tools/bin/../lib/gcc/arm-none-eabi/12.3.1/../../../../arm-none-eabi/lib/thumb/v7e-m+fp/hard/crt0.o (exit)
C:/ST/STM32CubeIDE_1.16.1/STM32CubeIDE/plugins/com.st.stm32cube.ide.mcu.externaltools.gnu-tools-for-stm32.12.3.rel1.win32_1.0.200.202406191623/tools/bin/../lib/gcc/arm-none-eabi/12.3.1/../../../../arm-none-eabi/lib/thumb/v7e-m+fp/hard\libc_nano.a(libc_a-nano-vfprintf_float.o)
                              (_printf_float)
C:/ST/STM32CubeIDE_1.16.1/STM32CubeIDE/plugins/com.st.stm32cube.ide.mcu.externaltools.gnu-tools-for-stm32.12.3.rel1.win32_1.0.200.202406191623/tools/bin/../lib/gcc/arm-none-eabi/12.3.1/../../../../arm-none-eabi/lib/thumb/v7e-m+fp/hard\libc_nano.a(libc_a-nano-vfprintf_i.o)
                              C:/ST/STM32CubeIDE_1.16.1/STM32CubeIDE/plugins/com.st.stm32cube.ide.mcu.externaltools.gnu-tools-for-stm32.12.3.rel1.win32_1.0.200.202406191623/tools/bin/../lib/gcc/arm-none-eabi/12.3.1/../../../../arm-none-eabi/lib/thumb/v7e-m+fp/hard\libc_nano.a(libc_a-nano-vfprintf_float.o) (_printf_common)
C:/ST/STM32CubeIDE_1.16.1/STM32CubeIDE/plugins/com.st.stm32cube.ide.mcu.externaltools.gnu-tools-for-stm32.12.3.rel1.win32_1.0.200.202406191623/tools/bin/../lib/gcc/arm-none-eabi/12.3.1/../../../../arm-none-eabi/lib/thumb/v7e-m+fp/hard\libc_nano.a(libc_a-fflush.o)
                              ./BlueNRG_MS/App/sample_service.o (fflush)
C:/ST/STM32CubeIDE_1.16.1/STM32CubeIDE/plugins/com.st.stm32cube.ide.mcu.externaltools.gnu-tools-for-stm32.12.3.rel1.win32_1.0.200.202406191623/tools/bin/../lib/gcc/arm-none-eabi/12.3.1/../../../../arm-none-eabi/lib/thumb/v7e-m+fp/hard\libc_nano.a(libc_a-findfp.o)
                              C:/ST/STM32CubeIDE_1.16.1/STM32CubeIDE/plugins/com.st.stm32cube.ide.mcu.externaltools.gnu-tools-for-stm32.12.3.rel1.win32_1.0.200.202406191623/tools/bin/../lib/gcc/arm-none-eabi/12.3.1/../../../../arm-none-eabi/lib/thumb/v7e-m+fp/hard\libc_nano.a(libc_a-fflush.o) (__sglue)
C:/ST/STM32CubeIDE_1.16.1/STM32CubeIDE/plugins/com.st.stm32cube.ide.mcu.externaltools.gnu-tools-for-stm32.12.3.rel1.win32_1.0.200.202406191623/tools/bin/../lib/gcc/arm-none-eabi/12.3.1/../../../../arm-none-eabi/lib/thumb/v7e-m+fp/hard\libc_nano.a(libc_a-fwalk.o)
                              C:/ST/STM32CubeIDE_1.16.1/STM32CubeIDE/plugins/com.st.stm32cube.ide.mcu.externaltools.gnu-tools-for-stm32.12.3.rel1.win32_1.0.200.202406191623/tools/bin/../lib/gcc/arm-none-eabi/12.3.1/../../../../arm-none-eabi/lib/thumb/v7e-m+fp/hard\libc_nano.a(libc_a-fflush.o) (_fwalk_sglue)
C:/ST/STM32CubeIDE_1.16.1/STM32CubeIDE/plugins/com.st.stm32cube.ide.mcu.externaltools.gnu-tools-for-stm32.12.3.rel1.win32_1.0.200.202406191623/tools/bin/../lib/gcc/arm-none-eabi/12.3.1/../../../../arm-none-eabi/lib/thumb/v7e-m+fp/hard\libc_nano.a(libc_a-printf.o)
                              ./BlueNRG_MS/App/app_bluenrg_ms.o (printf)
C:/ST/STM32CubeIDE_1.16.1/STM32CubeIDE/plugins/com.st.stm32cube.ide.mcu.externaltools.gnu-tools-for-stm32.12.3.rel1.win32_1.0.200.202406191623/tools/bin/../lib/gcc/arm-none-eabi/12.3.1/../../../../arm-none-eabi/lib/thumb/v7e-m+fp/hard\libc_nano.a(libc_a-putchar.o)
                              ./BlueNRG_MS/App/sample_service.o (putchar)
C:/ST/STM32CubeIDE_1.16.1/STM32CubeIDE/plugins/com.st.stm32cube.ide.mcu.externaltools.gnu-tools-for-stm32.12.3.rel1.win32_1.0.200.202406191623/tools/bin/../lib/gcc/arm-none-eabi/12.3.1/../../../../arm-none-eabi/lib/thumb/v7e-m+fp/hard\libc_nano.a(libc_a-puts.o)
                              ./BlueNRG_MS/App/app_bluenrg_ms.o (puts)
C:/ST/STM32CubeIDE_1.16.1/STM32CubeIDE/plugins/com.st.stm32cube.ide.mcu.externaltools.gnu-tools-for-stm32.12.3.rel1.win32_1.0.200.202406191623/tools/bin/../lib/gcc/arm-none-eabi/12.3.1/../../../../arm-none-eabi/lib/thumb/v7e-m+fp/hard\libc_nano.a(libc_a-sprintf.o)
                              ./BlueNRG_MS/App/app_bluenrg_ms.o (sprintf)
C:/ST/STM32CubeIDE_1.16.1/STM32CubeIDE/plugins/com.st.stm32cube.ide.mcu.externaltools.gnu-tools-for-stm32.12.3.rel1.win32_1.0.200.202406191623/tools/bin/../lib/gcc/arm-none-eabi/12.3.1/../../../../arm-none-eabi/lib/thumb/v7e-m+fp/hard\libc_nano.a(libc_a-stdio.o)
                              C:/ST/STM32CubeIDE_1.16.1/STM32CubeIDE/plugins/com.st.stm32cube.ide.mcu.externaltools.gnu-tools-for-stm32.12.3.rel1.win32_1.0.200.202406191623/tools/bin/../lib/gcc/arm-none-eabi/12.3.1/../../../../arm-none-eabi/lib/thumb/v7e-m+fp/hard\libc_nano.a(libc_a-findfp.o) (__sread)
[...]
Memory Configuration

Name             Origin             Length             Attributes
RAM              0x20000000         0x00018000         xrw
FLASH            0x08000000         0x00080000         xr
*default*        0x00000000         0xffffffff

Linker script and memory map

LOAD C:/ST/STM32CubeIDE_1.16.1/STM32CubeIDE/plugins/com.st.stm32cube.ide.mcu.externaltools.gnu-tools-for-stm32.12.3.rel1.win32_1.0.200.202406191623/tools/bin/../lib/gcc/arm-none-eabi/12.3.1/thumb/v7e-m+fp/hard/crti.o
LOAD C:/ST/STM32CubeIDE_1.16.1/STM32CubeIDE/plugins/com.st.stm32cube.ide.mcu.externaltools.gnu-tools-for-stm32.12.3.rel1.win32_1.0.200.202406191623/tools/bin/../lib/gcc/arm-none-eabi/12.3.1/thumb/v7e-m+fp/hard/crtbegin.o
LOAD C:/ST/STM32CubeIDE_1.16.1/STM32CubeIDE/plugins/com.st.stm32cube.ide.mcu.externaltools.gnu-tools-for-stm32.12.3.rel1.win32_1.0.200.202406191623/tools/bin/../lib/gcc/arm-none-eabi/12.3.1/../../../../arm-none-eabi/lib/thumb/v7e-m+fp/hard/crt0.o
LOAD ./BlueNRG_MS/App/app_bluenrg_ms.o
LOAD ./BlueNRG_MS/App/sample_service.o
LOAD ./BlueNRG_MS/Target/hci_tl_interface.o
LOAD ./Core/Src/AS7421.o
LOAD ./Core/Src/i2c.o
LOAD ./Core/Src/main.o
LOAD ./Core/Src/mux.o
LOAD ./Core/Src/stm32f4xx_hal_msp.o
LOAD ./Core/Src/stm32f4xx_it.o
LOAD ./Core/Src/stm32f4xx_nucleo_bus.o
LOAD ./Core/Src/syscalls.o
LOAD ./Core/Src/sysmem.o
LOAD ./Core/Src/system_stm32f4xx.o
LOAD ./Core/Src/uart.o
LOAD ./Core/Startup/startup_stm32f401retx.o
LOAD ./Drivers/BSP/STM32F4xx_Nucleo/stm32f4xx_nucleo.o
LOAD ./Drivers/STM32F4xx_HAL_Driver/Src/stm32f4xx_hal.o
LOAD ./Drivers/STM32F4xx_HAL_Driver/Src/stm32f4xx_hal_cortex.o
LOAD ./Drivers/STM32F4xx_HAL_Driver/Src/stm32f4xx_hal_dma.o
LOAD ./Drivers/STM32F4xx_HAL_Driver/Src/stm32f4xx_hal_dma_ex.o
LOAD ./Drivers/STM32F4xx_HAL_Driver/Src/stm32f4xx_hal_exti.o
LOAD ./Drivers/STM32F4xx_HAL_Driver/Src/stm32f4xx_hal_flash.o
LOAD ./Drivers/STM32F4xx_HAL_Driver/Src/stm32f4xx_hal_flash_ex.o
LOAD ./Drivers/STM32F4xx_HAL_Driver/Src/stm32f4xx_hal_flash_ramfunc.o
LOAD ./Drivers/STM32F4xx_HAL_Driver/Src/stm32f4xx_hal_gpio.o
LOAD ./Drivers/STM32F4xx_HAL_Driver/Src/stm32f4xx_hal_pwr.o
LOAD ./Drivers/STM32F4xx_HAL_Driver/Src/stm32f4xx_hal_pwr_ex.o
LOAD ./Drivers/STM32F4xx_HAL_Driver/Src/stm32f4xx_hal_rcc.o
LOAD ./Drivers/STM32F4xx_HAL_Driver/Src/stm32f4xx_hal_rcc_ex.o
LOAD ./Drivers/STM32F4xx_HAL_Driver/Src/stm32f4xx_hal_spi.o
LOAD ./Drivers/STM32F4xx_HAL_Driver/Src/stm32f4xx_hal_tim.o
LOAD ./Drivers/STM32F4xx_HAL_Driver/Src/stm32f4xx_hal_tim_ex.o
LOAD ./Drivers/STM32F4xx_HAL_Driver/Src/stm32f4xx_hal_uart.o
LOAD ./Middlewares/ST/BlueNRG-MS/hci/controller/bluenrg_gap_aci.o
LOAD ./Middlewares/ST/BlueNRG-MS/hci/controller/bluenrg_gatt_aci.o
LOAD ./Middlewares/ST/BlueNRG-MS/hci/controller/bluenrg_hal_aci.o
LOAD ./Middlewares/ST/BlueNRG-MS/hci/controller/bluenrg_l2cap_aci.o
LOAD ./Middlewares/ST/BlueNRG-MS/hci/controller/bluenrg_updater_aci.o
LOAD ./Middlewares/ST/BlueNRG-MS/hci/controller/bluenrg_utils_small.o
LOAD ./Middlewares/ST/BlueNRG-MS/hci/hci_le.o
LOAD ./Middlewares/ST/BlueNRG-MS/hci/hci_tl_patterns/Basic/hci_tl.o
LOAD ./Middlewares/ST/BlueNRG-MS/utils/ble_list.o
START GROUP
LOAD C:/ST/STM32CubeIDE_1.16.1/STM32CubeIDE/plugins/com.st.stm32cube.ide.mcu.externaltools.gnu-tools-for-stm32.12.3.rel1.win32_1.0.200.202406191623/tools/bin/../lib/gcc/arm-none-eabi/12.3.1/../../../../arm-none-eabi/lib/thumb/v7e-m+fp/hard\libc_nano.a
LOAD C:/ST/STM32CubeIDE_1.16.1/STM32CubeIDE/plugins/com.st.stm32cube.ide.mcu.externaltools.gnu-tools-for-stm32.12.3.rel1.win32_1.0.200.202406191623/tools/bin/../lib/gcc/arm-none-eabi/12.3.1/../../../../arm-none-eabi/lib/thumb/v7e-m+fp/hard\libm.a
END GROUP
START GROUP
LOAD C:/ST/STM32CubeIDE_1.16.1/STM32CubeIDE/plugins/com.st.stm32cube.ide.mcu.externaltools.gnu-tools-for-stm32.12.3.rel1.win32_1.0.200.202406191623/tools/bin/../lib/gcc/arm-none-eabi/12.3.1/thumb/v7e-m+fp/hard\libgcc.a
LOAD C:/ST/STM32CubeIDE_1.16.1/STM32CubeIDE/plugins/com.st.stm32cube.ide.mcu.externaltools.gnu-tools-for-stm32.12.3.rel1.win32_1.0.200.202406191623/tools/bin/../lib/gcc/arm-none-eabi/12.3.1/../../../../arm-none-eabi/lib/thumb/v7e-m+fp/hard\libc_nano.a
END GROUP
START GROUP
LOAD C:/ST/STM32CubeIDE_1.16.1/STM32CubeIDE/plugins/com.st.stm32cube.ide.mcu.externaltools.gnu-tools-for-stm32.12.3.rel1.win32_1.0.200.202406191623/tools/bin/../lib/gcc/arm-none-eabi/12.3.1/thumb/v7e-m+fp/hard\libgcc.a
LOAD C:/ST/STM32CubeIDE_1.16.1/STM32CubeIDE/plugins/com.st.stm32cube.ide.mcu.externaltools.gnu-tools-for-stm32.12.3.rel1.win32_1.0.200.202406191623/tools/bin/../lib/gcc/arm-none-eabi/12.3.1/../../../../arm-none-eabi/lib/thumb/v7e-m+fp/hard\libc_nano.a
LOAD C:/ST/STM32CubeIDE_1.16.1/STM32CubeIDE/plugins/com.st.stm32cube.ide.mcu.externaltools.gnu-tools-for-stm32.12.3.rel1.win32_1.0.200.202406191623/tools/bin/../lib/gcc/arm-none-eabi/12.3.1/../../../../arm-none-eabi/lib/thumb/v7e-m+fp/hard\libnosys.a
END GROUP
START GROUP
LOAD C:/ST/STM32CubeIDE_1.16.1/STM32CubeIDE/plugins/com.st.stm32cube.ide.mcu.externaltools.gnu-tools-for-stm32.12.3.rel1.win32_1.0.200.202406191623/tools/bin/../lib/gcc/arm-none-eabi/12.3.1/thumb/v7e-m+fp/hard\libgcc.a
LOAD C:/ST/STM32CubeIDE_1.16.1/STM32CubeIDE/plugins/com.st.stm32cube.ide.mcu.externaltools.gnu-tools-for-stm32.12.3.rel1.win32_1.0.200.202406191623/tools/bin/../lib/gcc/arm-none-eabi/12.3.1/../../../../arm-none-eabi/lib/thumb/v7e-m+fp/hard\libc_nano.a
LOAD C:/ST/STM32CubeIDE_1.16.1/STM32CubeIDE/plugins/com.st.stm32cube.ide.mcu.externaltools.gnu-tools-for-stm32.12.3.rel1.win32_1.0.200.202406191623/tools/bin/../lib/gcc/arm-none-eabi/12.3.1/../../../../arm-none-eabi/lib/thumb/v7e-m+fp/hard\libnosys.a
END GROUP
LOAD C:/ST/STM32CubeIDE_1.16.1/STM32CubeIDE/plugins/com.st.stm32cube.ide.mcu.externaltools.gnu-tools-for-stm32.12.3.rel1.win32_1.0.200.202406191623/tools/bin/../lib/gcc/arm-none-eabi/12.3.1/thumb/v7e-m+fp/hard/crtend.o
LOAD C:/ST/STM32CubeIDE_1.16.1/STM32CubeIDE/plugins/com.st.stm32cube.ide.mcu.externaltools.gnu-tools-for-stm32.12.3.rel1.win32_1.0.200.202406191623/tools/bin/../lib/gcc/arm-none-eabi/12.3.1/thumb/v7e-m+fp/hard/crtn.o
                0x20018000                        _estack = (ORIGIN (RAM) + LENGTH (RAM))
                0x00000200                        _Min_Heap_Size = 0x200
                0x00000400                        _Min_Stack_Size = 0x400

.isr_vector     0x08000000      0x194
                0x08000000                        . = ALIGN (0x4)
 *(.isr_vector)
 .isr_vector    0x08000000      0x194 ./Core/Startup/startup_stm32f401retx.o
                0x08000000                g_pfnVectors
                0x08000194                        . = ALIGN (0x4)

.text           0x080001a0     0x9ff8
                0x080001a0                        . = ALIGN (0x4)
 *(.text)
 .text          0x080001a0       0x40 C:/ST/STM32CubeIDE_1.16.1/STM32CubeIDE/plugins/com.st.stm32cube.ide.mcu.externaltools.gnu-tools-for-stm32.12.3.rel1.win32_1.0.200.202406191623/tools/bin/../lib/gcc/arm-none-eabi/12.3.1/thumb/v7e-m+fp/hard/crtbegin.o
 .text          0x080001e0       0xa0 C:/ST/STM32CubeIDE_1.16.1/STM32CubeIDE/plugins/com.st.stm32cube.ide.mcu.externaltools.gnu-tools-for-stm32.12.3.rel1.win32_1.0.200.202406191623/tools/bin/../lib/gcc/arm-none-eabi/12.3.1/../../../../arm-none-eabi/lib/thumb/v7e-m+fp/hard\libc_nano.a(libc_a-memchr.o)
                0x080001e0                memchr
 .text          0x08000280       0x10 C:/ST/STM32CubeIDE_1.16.1/STM32CubeIDE/plugins/com.st.stm32cube.ide.mcu.externaltools.gnu-tools-for-stm32.12.3.rel1.win32_1.0.200.202406191623/tools/bin/../lib/gcc/arm-none-eabi/12.3.1/../../../../arm-none-eabi/lib/thumb/v7e-m+fp/hard\libc_nano.a(libc_a-strlen.o)
                0x08000280                strlen
 .text          0x08000290      0x378 C:/ST/STM32CubeIDE_1.16.1/STM32CubeIDE/plugins/com.st.stm32cube.ide.mcu.externaltools.gnu-tools-for-stm32.12.3.rel1.win32_1.0.200.202406191623/tools/bin/../lib/gcc/arm-none-eabi/12.3.1/thumb/v7e-m+fp/hard\libgcc.a(_arm_addsubdf3.o)
                0x08000290                __aeabi_drsub
                0x08000298                __aeabi_dsub
                0x08000298                __subdf3
                0x0800029c                __aeabi_dadd
                0x0800029c                __adddf3
                0x08000514                __floatunsidf
                0x08000514                __aeabi_ui2d
                0x08000534                __floatsidf
                0x08000534                __aeabi_i2d
                0x08000558                __aeabi_f2d
                0x08000558                __extendsfdf2
                0x0800059c                __floatundidf
                0x0800059c                __aeabi_ul2d
                0x080005ac                __floatdidf
                0x080005ac                __aeabi_l2d
 .text          0x08000608      0x424 C:/ST/STM32CubeIDE_1.16.1/STM32CubeIDE/plugins/com.st.stm32cube.ide.mcu.externaltools.gnu-tools-for-stm32.12.3.rel1.win32_1.0.200.202406191623/tools/bin/../lib/gcc/arm-none-eabi/12.3.1/thumb/v7e-m+fp/hard\libgcc.a(_arm_muldivdf3.o)
                0x08000608                __aeabi_dmul
                0x08000608                __muldf3
                0x0800085c                __divdf3
                0x0800085c                __aeabi_ddiv
 .text          0x08000a2c      0x110 C:/ST/STM32CubeIDE_1.16.1/STM32CubeIDE/plugins/com.st.stm32cube.ide.mcu.externaltools.gnu-tools-for-stm32.12.3.rel1.win32_1.0.200.202406191623/tools/bin/../lib/gcc/arm-none-eabi/12.3.1/thumb/v7e-m+fp/hard\libgcc.a(_arm_cmpdf2.o)
                0x08000a2c                __gtdf2
                0x08000a2c                __gedf2
                0x08000a34                __ltdf2
                0x08000a34                __ledf2
                0x08000a3c                __nedf2
                0x08000a3c                __eqdf2
                0x08000a3c                __cmpdf2
                0x08000ab8                __aeabi_cdrcmple
                0x08000ac8                __aeabi_cdcmpeq
                0x08000ac8                __aeabi_cdcmple
                0x08000ad8                __aeabi_dcmpeq
                0x08000aec                __aeabi_dcmplt
                0x08000b00                __aeabi_dcmple
                0x08000b14                __aeabi_dcmpge
                0x08000b28                __aeabi_dcmpgt
 .text          0x08000b3c       0x2c C:/ST/STM32CubeIDE_1.16.1/STM32CubeIDE/plugins/com.st.stm32cube.ide.mcu.externaltools.gnu-tools-for-stm32.12.3.rel1.win32_1.0.200.202406191623/tools/bin/../lib/gcc/arm-none-eabi/12.3.1/thumb/v7e-m+fp/hard\libgcc.a(_arm_unorddf2.o)
                0x08000b3c                __unorddf2
                0x08000b3c                __aeabi_dcmpun
 .text          0x08000b68       0x50 C:/ST/STM32CubeIDE_1.16.1/STM32CubeIDE/plugins/com.st.stm32cube.ide.mcu.externaltools.gnu-tools-for-stm32.12.3.rel1.win32_1.0.200.202406191623/tools/bin/../lib/gcc/arm-none-eabi/12.3.1/thumb/v7e-m+fp/hard\libgcc.a(_arm_fixdfsi.o)
                0x08000b68                __aeabi_d2iz
                0x08000b68                __fixdfsi
 .text          0x08000bb8       0x30 C:/ST/STM32CubeIDE_1.16.1/STM32CubeIDE/plugins/com.st.stm32cube.ide.mcu.externaltools.gnu-tools-for-stm32.12.3.rel1.win32_1.0.200.202406191623/tools/bin/../lib/gcc/arm-none-eabi/12.3.1/thumb/v7e-m+fp/hard\libgcc.a(_aeabi_uldivmod.o)
                0x08000bb8                __aeabi_uldivmod
 .text          0x08000be8      0x2bc C:/ST/STM32CubeIDE_1.16.1/STM32CubeIDE/plugins/com.st.stm32cube.ide.mcu.externaltools.gnu-tools-for-stm32.12.3.rel1.win32_1.0.200.202406191623/tools/bin/../lib/gcc/arm-none-eabi/12.3.1/thumb/v7e-m+fp/hard\libgcc.a(_udivmoddi4.o)
                0x08000be8                __udivmoddi4
 .text          0x08000ea4        0x4 C:/ST/STM32CubeIDE_1.16.1/STM32CubeIDE/plugins/com.st.stm32cube.ide.mcu.externaltools.gnu-tools-for-stm32.12.3.rel1.win32_1.0.200.202406191623/tools/bin/../lib/gcc/arm-none-eabi/12.3.1/thumb/v7e-m+fp/hard\libgcc.a(_dvmd_tls.o)
                0x08000ea4                __aeabi_idiv0
                0x08000ea4                __aeabi_ldiv0
 *(.text*)
 .text.MX_BlueNRG_MS_Init
                0x08000ea8      0x184 ./BlueNRG_MS/App/app_bluenrg_ms.o
                0x08000ea8                MX_BlueNRG_MS_Init
 .text.MX_BlueNRG_MS_Process
                0x0800102c       0x1a ./BlueNRG_MS/App/app_bluenrg_ms.o
                0x0800102c                MX_BlueNRG_MS_Process
 .text.User_Init
                0x08001046       0x1c ./BlueNRG_MS/App/app_bluenrg_ms.o
 *fill*         0x08001062        0x2 
 .text.User_Process
                0x08001064      0x108 ./BlueNRG_MS/App/app_bluenrg_ms.o
 .text.BSP_PB_Callback
                0x0800116c       0x20 ./BlueNRG_MS/App/app_bluenrg_ms.o
                0x0800116c                BSP_PB_Callback
 .text.Add_Sample_Service
                0x0800118c       0xe4 ./BlueNRG_MS/App/sample_service.o
                0x0800118c                Add_Sample_Service
 .text.Make_Connection
                0x08001270       0x5c ./BlueNRG_MS/App/sample_service.o
                0x08001270                Make_Connection
 .text.receiveData
                0x080012cc       0x4c ./BlueNRG_MS/App/sample_service.o
                0x080012cc                receiveData
 .text.sendData
                0x08001318       0x60 ./BlueNRG_MS/App/sample_service.o
                0x08001318                sendData
 .text.Attribute_Modified_CB
                0x08001378       0x58 ./BlueNRG_MS/App/sample_service.o
                0x08001378                Attribute_Modified_CB
 .text.GAP_ConnectionComplete_CB
                0x080013d0       0x68 ./BlueNRG_MS/App/sample_service.o
                0x080013d0                GAP_ConnectionComplete_CB
 .text.GAP_DisconnectionComplete_CB
                0x08001438       0x58 ./BlueNRG_MS/App/sample_service.o
                0x08001438                GAP_DisconnectionComplete_CB
 .text.GATT_Notification_CB
                0x08001490       0x34 ./BlueNRG_MS/App/sample_service.o
                0x08001490                GATT_Notification_CB
 .text.user_notify
                0x080014c4      0x218 ./BlueNRG_MS/App/sample_service.o
                0x080014c4                user_notify
 .text.HCI_TL_SPI_Init
                0x080016dc       0x90 ./BlueNRG_MS/Target/hci_tl_interface.o
                0x080016dc                HCI_TL_SPI_Init
 .text.HCI_TL_SPI_DeInit
                0x0800176c       0x28 ./BlueNRG_MS/Target/hci_tl_interface.o
                0x0800176c                HCI_TL_SPI_DeInit
 .text.HCI_TL_SPI_Reset
                0x08001794       0x3c ./BlueNRG_MS/Target/hci_tl_interface.o
                0x08001794                HCI_TL_SPI_Reset
 .text.HCI_TL_SPI_Receive
                0x080017d0       0xb4 ./BlueNRG_MS/Target/hci_tl_interface.o
                0x080017d0                HCI_TL_SPI_Receive
 .text.HCI_TL_SPI_Send
                0x08001884       0xa8 ./BlueNRG_MS/Target/hci_tl_interface.o
                0x08001884                HCI_TL_SPI_Send
 .text.IsDataAvailable
                0x0800192c       0x20 ./BlueNRG_MS/Target/hci_tl_interface.o
 .text.hci_tl_lowlevel_init
                0x0800194c       0x74 ./BlueNRG_MS/Target/hci_tl_interface.o
                0x0800194c                hci_tl_lowlevel_init
 .text.hci_tl_lowlevel_isr
                0x080019c0       0x22 ./BlueNRG_MS/Target/hci_tl_interface.o
                0x080019c0                hci_tl_lowlevel_isr
 .text.AS7421_readRegister
                0x080019e2       0x26 ./Core/Src/AS7421.o
 .text.AS7421_readRegisters
                0x08001a08       0x24 ./Core/Src/AS7421.o
 .text.AS7421_writeRegister
                0x08001a2c       0x86 ./Core/Src/AS7421.o
 .text.AS7421_writeRegisters
                0x08001ab2       0x24 ./Core/Src/AS7421.o
 .text.byteSwap16
                0x08001ad6       0x2a ./Core/Src/AS7421.o
 .text.fpu_enable
                0x08001b00       0x54 ./Core/Src/AS7421.o
                0x08001b00                fpu_enable
 .text.isConnected
                0x08001b54       0xa0 ./Core/Src/AS7421.o
                0x08001b54                isConnected
 .text.initialize
                0x08001bf4       0x6a ./Core/Src/AS7421.o
                0x08001bf4                initialize
 *fill*         0x08001c5e        0x2 
 .text.startup  0x08001c60       0x50 ./Core/Src/AS7421.o
                0x08001c60                startup
 .text.performMeasurements
                0x08001cb0       0x3e ./Core/Src/AS7421.o
                0x08001cb0                performMeasurements
 .text.configueLEDWait
                0x08001cee       0x3e ./Core/Src/AS7421.o
                0x08001cee                configueLEDWait
 .text.setInterLED
                0x08001d2c       0x1c ./Core/Src/AS7421.o
                0x08001d2c                setInterLED
 .text.configureWaitCycle
                0x08001d48       0x3e ./Core/Src/AS7421.o
                0x08001d48                configureWaitCycle
 *fill*         0x08001d86        0x2 
 .text.setWaitTime
                0x08001d88       0x60 ./Core/Src/AS7421.o
                0x08001d88                setWaitTime
 .text.setLTF_CCOUNT
                0x08001de8       0x40 ./Core/Src/AS7421.o
                0x08001de8                setLTF_CCOUNT
 .text.configureLEDAuto
                0x08001e28       0x4e ./Core/Src/AS7421.o
                0x08001e28                configureLEDAuto
 *fill*         0x08001e76        0x2 
 .text.setIntegrationTime
                0x08001e78       0x60 ./Core/Src/AS7421.o
                0x08001e78                setIntegrationTime
 .text.numMeasurements
                0x08001ed8       0x1c ./Core/Src/AS7421.o
                0x08001ed8                numMeasurements
 .text.setIntegrationMode
                0x08001ef4       0x48 ./Core/Src/AS7421.o
                0x08001ef4                setIntegrationMode
 .text.configureAutozero
                0x08001f3c       0xae ./Core/Src/AS7421.o
                0x08001f3c                configureAutozero
 .text.powerup  0x08001fea       0x42 ./Core/Src/AS7421.o
                0x08001fea                powerup
 .text.sleep    0x0800202c       0x2a ./Core/Src/AS7421.o
                0x0800202c                sleep
 .text.writeRAMData
                0x08002056      0x1e4 ./Core/Src/AS7421.o
                0x08002056                writeRAMData
 .text.zeroSMUX
                0x0800223a       0x5e ./Core/Src/AS7421.o
                0x0800223a                zeroSMUX
 .text.setSMUX  0x08002298       0x2c ./Core/Src/AS7421.o
                0x08002298                setSMUX
 .text.setSMUX_A
                0x080022c4       0x1a ./Core/Src/AS7421.o
                0x080022c4                setSMUX_A
 .text.setSMUX_B
                0x080022de       0x1a ./Core/Src/AS7421.o
                0x080022de                setSMUX_B
 .text.setSMUX_C
                0x080022f8       0x1a ./Core/Src/AS7421.o
                0x080022f8                setSMUX_C
 .text.setSMUX_D
                0x08002312       0x1a ./Core/Src/AS7421.o
                0x08002312                setSMUX_D
 .text.configureSMUX
                0x0800232c       0x28 ./Core/Src/AS7421.o
                0x0800232c                configureSMUX
 .text.configureGain
                0x08002354       0x9a ./Core/Src/AS7421.o
                0x08002354                configureGain
 .text.configureLEDs
                0x080023ee       0x8e ./Core/Src/AS7421.o
                0x080023ee                configureLEDs
 .text.startMeasurements
                0x0800247c       0x46 ./Core/Src/AS7421.o
                0x0800247c                startMeasurements
 .text.measurementActive
                0x080024c2       0x2a ./Core/Src/AS7421.o
                0x080024c2                measurementActive
 .text.getMeasurementStatus
                0x080024ec       0x48 ./Core/Src/AS7421.o
                0x080024ec                getMeasurementStatus
 .text.recordChannelData
                0x08002534       0x34 ./Core/Src/AS7421.o
                0x08002534                recordChannelData
 .text.getChannel1
                0x08002568       0x10 ./Core/Src/AS7421.o
                0x08002568                getChannel1
 .text.getChannel48
                0x08002578       0x10 ./Core/Src/AS7421.o
                0x08002578                getChannel48
 .text.getChannel2
                0x08002588       0x10 ./Core/Src/AS7421.o
                0x08002588                getChannel2
 .text.getChannel34
                0x08002598       0x10 ./Core/Src/AS7421.o
                0x08002598                getChannel34
 .text.getChannel16
                0x080025a8       0x10 ./Core/Src/AS7421.o
                0x080025a8                getChannel16
 .text.getChannel32
                0x080025b8       0x10 ./Core/Src/AS7421.o
                0x080025b8                getChannel32
 .text.getChannel18
                0x080025c8       0x10 ./Core/Src/AS7421.o
                0x080025c8                getChannel18
 .text.getChannel51
                0x080025d8       0x10 ./Core/Src/AS7421.o
                0x080025d8                getChannel51
 .text.getChannel4
                0x080025e8       0x10 ./Core/Src/AS7421.o
                0x080025e8                getChannel4
 .text.getChannel49
                0x080025f8       0x10 ./Core/Src/AS7421.o
                0x080025f8                getChannel49
 .text.getChannel3
                0x08002608       0x10 ./Core/Src/AS7421.o
                0x08002608                getChannel3
 .text.getChannel35
                0x08002618       0x10 ./Core/Src/AS7421.o
                0x08002618                getChannel35
 .text.getChannel17
                0x08002628       0x10 ./Core/Src/AS7421.o
                0x08002628                getChannel17
 .text.getChannel33
                0x08002638       0x10 ./Core/Src/AS7421.o
                0x08002638                getChannel33
 .text.getChannel19
                0x08002648       0x10 ./Core/Src/AS7421.o
                0x08002648                getChannel19
 .text.getChannel54
                0x08002658       0x10 ./Core/Src/AS7421.o
                0x08002658                getChannel54
 .text.getChannel0
                0x08002668       0x10 ./Core/Src/AS7421.o
                0x08002668                getChannel0
 .text.getChannel13
                0x08002678       0x10 ./Core/Src/AS7421.o
                0x08002678                getChannel13
 .text.getChannel50
                0x08002688       0x10 ./Core/Src/AS7421.o
                0x08002688                getChannel50
 .text.getChannel63
                0x08002698       0x10 ./Core/Src/AS7421.o
                0x08002698                getChannel63
 .text.getChannel52
                0x080026a8       0x10 ./Core/Src/AS7421.o
                0x080026a8                getChannel52
 .text.getChannel6
                0x080026b8       0x10 ./Core/Src/AS7421.o
                0x080026b8                getChannel6
 .text.getChannel38
                0x080026c8       0x10 ./Core/Src/AS7421.o
                0x080026c8                getChannel38
 .text.getChannel20
                0x080026d8       0x10 ./Core/Src/AS7421.o
                0x080026d8                getChannel20
 .text.getChannel36
                0x080026e8       0x10 ./Core/Src/AS7421.o
                0x080026e8                getChannel36
 .text.getChannel22
                0x080026f8       0x10 ./Core/Src/AS7421.o
                0x080026f8                getChannel22
 .text.getChannel55
                0x08002708       0x10 ./Core/Src/AS7421.o
                0x08002708                getChannel55
 .text.getChannel5
                0x08002718       0x10 ./Core/Src/AS7421.o
                0x08002718                getChannel5
 .text.getChannel53
                0x08002728       0x10 ./Core/Src/AS7421.o
                0x08002728                getChannel53
 .text.getChannel7
                0x08002738       0x10 ./Core/Src/AS7421.o
                0x08002738                getChannel7
 .text.getChannel39
                0x08002748       0x10 ./Core/Src/AS7421.o
                0x08002748                getChannel39
 .text.getChannel21
                0x08002758       0x10 ./Core/Src/AS7421.o
                0x08002758                getChannel21
 .text.getChannel37
                0x08002768       0x10 ./Core/Src/AS7421.o
                0x08002768                getChannel37
 .text.getChannel23
                0x08002778       0x10 ./Core/Src/AS7421.o
                0x08002778                getChannel23
 .text.getChannel40
                0x08002788       0x10 ./Core/Src/AS7421.o
                0x08002788                getChannel40
 .text.getChannel26
                0x08002798       0x10 ./Core/Src/AS7421.o
                0x08002798                getChannel26
 .text.getChannel42
                0x080027a8       0x10 ./Core/Src/AS7421.o
                0x080027a8                getChannel42
 .text.getChannel24
                0x080027b8       0x10 ./Core/Src/AS7421.o
                0x080027b8                getChannel24
 .text.getChannel56
                0x080027c8       0x10 ./Core/Src/AS7421.o
                0x080027c8                getChannel56
 .text.getChannel10
                0x080027d8       0x10 ./Core/Src/AS7421.o
                0x080027d8                getChannel10
 .text.getChannel58
                0x080027e8       0x10 ./Core/Src/AS7421.o
                0x080027e8                getChannel58
 .text.getChannel8
                0x080027f8       0x10 ./Core/Src/AS7421.o
                0x080027f8                getChannel8
 .text.getChannel41
                0x08002808       0x10 ./Core/Src/AS7421.o
                0x08002808                getChannel41
 .text.getChannel27
                0x08002818       0x10 ./Core/Src/AS7421.o
                0x08002818                getChannel27
 .text.getChannel43
                0x08002828       0x10 ./Core/Src/AS7421.o
                0x08002828                getChannel43
 .text.getChannel25
                0x08002838       0x10 ./Core/Src/AS7421.o
                0x08002838                getChannel25
 .text.getChannel57
                0x08002848       0x10 ./Core/Src/AS7421.o
                0x08002848                getChannel57
 .text.getChannel11
                0x08002858       0x10 ./Core/Src/AS7421.o
                0x08002858                getChannel11
 .text.getChannel59
                0x08002868       0x10 ./Core/Src/AS7421.o
                0x08002868                getChannel59
 .text.getChannel9
                0x08002878       0x10 ./Core/Src/AS7421.o
                0x08002878                getChannel9
 .text.getChannel44
                0x08002888       0x10 ./Core/Src/AS7421.o
                0x08002888                getChannel44
 .text.getChannel30
                0x08002898       0x10 ./Core/Src/AS7421.o
                0x08002898                getChannel30
 .text.getChannel46
                0x080028a8       0x10 ./Core/Src/AS7421.o
                0x080028a8                getChannel46
 .text.getChannel28
                0x080028b8       0x10 ./Core/Src/AS7421.o
                0x080028b8                getChannel28
 .text.getChannel60
                0x080028c8       0x10 ./Core/Src/AS7421.o
                0x080028c8                getChannel60
 .text.getChannel14
                0x080028d8       0x10 ./Core/Src/AS7421.o
                0x080028d8                getChannel14
 .text.getChannel62
                0x080028e8       0x10 ./Core/Src/AS7421.o
                0x080028e8                getChannel62
 .text.getChannel12
                0x080028f8       0x10 ./Core/Src/AS7421.o
                0x080028f8                getChannel12
 .text.getChannel45
                0x08002908       0x10 ./Core/Src/AS7421.o
                0x08002908                getChannel45
 .text.getChannel31
                0x08002918       0x10 ./Core/Src/AS7421.o
                0x08002918                getChannel31
 .text.getChannel47
                0x08002928       0x10 ./Core/Src/AS7421.o
                0x08002928                getChannel47
 .text.getChannel29
                0x08002938       0x10 ./Core/Src/AS7421.o
                0x08002938                getChannel29
 .text.getChannel61
                0x08002948       0x10 ./Core/Src/AS7421.o
                0x08002948                getChannel61
 .text.getChannel15
                0x08002958       0x10 ./Core/Src/AS7421.o
                0x08002958                getChannel15
 .text.getAllSpectralData
                0x08002968      0x388 ./Core/Src/AS7421.o
                0x08002968                getAllSpectralData
 .text.recordTemperatures
                0x08002cf0       0x34 ./Core/Src/AS7421.o
                0x08002cf0                recordTemperatures
 .text.getTemp_IntA
                0x08002d24       0x10 ./Core/Src/AS7421.o
                0x08002d24                getTemp_IntA
 .text.getTemp_IntB
                0x08002d34       0x10 ./Core/Src/AS7421.o
                0x08002d34                getTemp_IntB
 .text.getTemp_IntC
                0x08002d44       0x10 ./Core/Src/AS7421.o
                0x08002d44                getTemp_IntC
 .text.getTemp_IntD
                0x08002d54       0x10 ./Core/Src/AS7421.o
                0x08002d54                getTemp_IntD
 .text.getAllTemperatureData
                0x08002d64       0x40 ./Core/Src/AS7421.o
                0x08002d64                getAllTemperatureData
 .text.I2C1_Init
                0x08002da4      0x148 ./Core/Src/i2c.o
                0x08002da4                I2C1_Init
 .text.I2C1_byteRead
                0x08002eec       0xf4 ./Core/Src/i2c.o
                0x08002eec                I2C1_byteRead
 .text.I2C1_burstRead
                0x08002fe0      0x138 ./Core/Src/i2c.o
                0x08002fe0                I2C1_burstRead
 .text.I2C1_burstWrite
                0x08003118       0xc4 ./Core/Src/i2c.o
                0x08003118                I2C1_burstWrite
 .text.main     0x080031dc      0x1d4 ./Core/Src/main.o
                0x080031dc                main
 .text.SystemClock_Config
                0x080033b0       0xd4 ./Core/Src/main.o
                0x080033b0                SystemClock_Config
 .text.MX_USART2_UART_Init
                0x08003484       0x54 ./Core/Src/main.o
 .text.MX_GPIO_Init
                0x080034d8       0xfc ./Core/Src/main.o
 .text.Error_Handler
                0x080035d4        0xc ./Core/Src/main.o
                0x080035d4                Error_Handler
 .text.selectMux_and_control
                0x080035e0       0x86 ./Core/Src/mux.o
                0x080035e0                selectMux_and_control
 .text.enableChannel
                0x08003666       0x20 ./Core/Src/mux.o
                0x08003666                enableChannel
 .text.disableChannels
                0x08003686       0x10 ./Core/Src/mux.o
                0x08003686                disableChannels
 *fill*         0x08003696        0x2 
 .text.HAL_MspInit
                0x08003698       0x50 ./Core/Src/stm32f4xx_hal_msp.o
                0x08003698                HAL_MspInit
 .text.HAL_UART_MspInit
                0x080036e8       0x90 ./Core/Src/stm32f4xx_hal_msp.o
                0x080036e8                HAL_UART_MspInit
 .text.NMI_Handler
                0x08003778        0x8 ./Core/Src/stm32f4xx_it.o
                0x08003778                NMI_Handler
 .text.HardFault_Handler
                0x08003780        0x8 ./Core/Src/stm32f4xx_it.o
                0x08003780                HardFault_Handler
 .text.MemManage_Handler
                0x08003788        0x8 ./Core/Src/stm32f4xx_it.o
                0x08003788                MemManage_Handler
 .text.BusFault_Handler
                0x08003790        0x8 ./Core/Src/stm32f4xx_it.o
                0x08003790                BusFault_Handler
 .text.UsageFault_Handler
                0x08003798        0x8 ./Core/Src/stm32f4xx_it.o
                0x08003798                UsageFault_Handler
 .text.SVC_Handler
                0x080037a0        0xe ./Core/Src/stm32f4xx_it.o
                0x080037a0                SVC_Handler
 .text.DebugMon_Handler
                0x080037ae        0xe ./Core/Src/stm32f4xx_it.o
                0x080037ae                DebugMon_Handler
 .text.PendSV_Handler
                0x080037bc        0xe ./Core/Src/stm32f4xx_it.o
                0x080037bc                PendSV_Handler
 .text.SysTick_Handler
                0x080037ca        0xc ./Core/Src/stm32f4xx_it.o
                0x080037ca                SysTick_Handler
 *fill*         0x080037d6        0x2 
 .text.EXTI0_IRQHandler
                0x080037d8       0x14 ./Core/Src/stm32f4xx_it.o
                0x080037d8                EXTI0_IRQHandler
 .text.EXTI15_10_IRQHandler
                0x080037ec       0x14 ./Core/Src/stm32f4xx_it.o
                0x080037ec                EXTI15_10_IRQHandler
 .text.BSP_SPI1_Init
                0x08003800       0x60 ./Core/Src/stm32f4xx_nucleo_bus.o
                0x08003800                BSP_SPI1_Init
 .text.BSP_SPI1_SendRecv
                0x08003860       0x40 ./Core/Src/stm32f4xx_nucleo_bus.o
                0x08003860                BSP_SPI1_SendRecv
 .text.BSP_GetTick
                0x080038a0        0xe ./Core/Src/stm32f4xx_nucleo_bus.o
                0x080038a0                BSP_GetTick
 *fill*         0x080038ae        0x2 
 .text.MX_SPI1_Init
                0x080038b0       0x78 ./Core/Src/stm32f4xx_nucleo_bus.o
                0x080038b0                MX_SPI1_Init
 .text.SPI1_MspInit
                0x08003928       0xd0 ./Core/Src/stm32f4xx_nucleo_bus.o
 .text._getpid  0x080039f8       0x10 ./Core/Src/syscalls.o
                0x080039f8                _getpid
 .text._kill    0x08003a08       0x20 ./Core/Src/syscalls.o
                0x08003a08                _kill
 .text._exit    0x08003a28       0x16 ./Core/Src/syscalls.o
                0x08003a28                _exit
 .text._read    0x08003a3e       0x3a ./Core/Src/syscalls.o
                0x08003a3e                _read
 .text._write   0x08003a78       0x38 ./Core/Src/syscalls.o
                0x08003a78                _write
 .text._close   0x08003ab0       0x18 ./Core/Src/syscalls.o
                0x08003ab0                _close
 .text._fstat   0x08003ac8       0x20 ./Core/Src/syscalls.o
                0x08003ac8                _fstat
 .text._isatty  0x08003ae8       0x16 ./Core/Src/syscalls.o
                0x08003ae8                _isatty
 .text._lseek   0x08003afe       0x1a ./Core/Src/syscalls.o
                0x08003afe                _lseek
 .text._sbrk    0x08003b18       0x6c ./Core/Src/sysmem.o
                0x08003b18                _sbrk
 .text.SystemInit
                0x08003b84       0x24 ./Core/Src/system_stm32f4xx.o
                0x08003b84                SystemInit
 .text.Reset_Handler
                0x08003ba8       0x50 ./Core/Startup/startup_stm32f401retx.o
                0x08003ba8                Reset_Handler
 .text.Default_Handler
                0x08003bf8        0x2 ./Core/Startup/startup_stm32f401retx.o
                0x08003bf8                RTC_Alarm_IRQHandler
                0x08003bf8                EXTI2_IRQHandler
                0x08003bf8                SPI4_IRQHandler
                0x08003bf8                TIM1_CC_IRQHandler
                0x08003bf8                DMA2_Stream5_IRQHandler
                0x08003bf8                DMA1_Stream5_IRQHandler
                0x08003bf8                PVD_IRQHandler
                0x08003bf8                SDIO_IRQHandler
                0x08003bf8                TAMP_STAMP_IRQHandler
                0x08003bf8                EXTI3_IRQHandler
                0x08003bf8                TIM1_UP_TIM10_IRQHandler
                0x08003bf8                I2C3_ER_IRQHandler
                0x08003bf8                I2C2_EV_IRQHandler
                0x08003bf8                DMA1_Stream2_IRQHandler
                0x08003bf8                FPU_IRQHandler
                0x08003bf8                DMA2_Stream2_IRQHandler
                0x08003bf8                SPI1_IRQHandler
                0x08003bf8                TIM1_BRK_TIM9_IRQHandler
                0x08003bf8                DMA2_Stream3_IRQHandler
                0x08003bf8                USART6_IRQHandler
                0x08003bf8                DMA2_Stream0_IRQHandler
                0x08003bf8                TIM4_IRQHandler
                0x08003bf8                I2C1_EV_IRQHandler
                0x08003bf8                DMA1_Stream6_IRQHandler
                0x08003bf8                DMA1_Stream1_IRQHandler
                0x08003bf8                TIM3_IRQHandler
                0x08003bf8                RCC_IRQHandler
                0x08003bf8                Default_Handler
                0x08003bf8                ADC_IRQHandler
                0x08003bf8                DMA1_Stream7_IRQHandler
                0x08003bf8                TIM5_IRQHandler
                0x08003bf8                DMA2_Stream7_IRQHandler
                0x08003bf8                I2C3_EV_IRQHandler
                0x08003bf8                EXTI9_5_IRQHandler
                0x08003bf8                RTC_WKUP_IRQHandler
                0x08003bf8                SPI2_IRQHandler
                0x08003bf8                DMA1_Stream0_IRQHandler
                0x08003bf8                EXTI4_IRQHandler
                0x08003bf8                WWDG_IRQHandler
                0x08003bf8                TIM2_IRQHandler
                0x08003bf8                OTG_FS_WKUP_IRQHandler
                0x08003bf8                TIM1_TRG_COM_TIM11_IRQHandler
                0x08003bf8                EXTI1_IRQHandler
                0x08003bf8                USART2_IRQHandler
                0x08003bf8                I2C2_ER_IRQHandler
                0x08003bf8                DMA2_Stream1_IRQHandler
                0x08003bf8                FLASH_IRQHandler
                0x08003bf8                DMA2_Stream4_IRQHandler
                0x08003bf8                USART1_IRQHandler
                0x08003bf8                OTG_FS_IRQHandler
                0x08003bf8                SPI3_IRQHandler
                0x08003bf8                DMA1_Stream4_IRQHandler
                0x08003bf8                I2C1_ER_IRQHandler
                0x08003bf8                DMA2_Stream6_IRQHandler
                0x08003bf8                DMA1_Stream3_IRQHandler
 *fill*         0x08003bfa        0x2 
 .text.BSP_LED_Init
                0x08003bfc       0x24 ./Drivers/BSP/STM32F4xx_Nucleo/stm32f4xx_nucleo.o
                0x08003bfc                BSP_LED_Init
 .text.BSP_LED_Toggle
                0x08003c20       0x2c ./Drivers/BSP/STM32F4xx_Nucleo/stm32f4xx_nucleo.o
                0x08003c20                BSP_LED_Toggle
 .text.LED_USER_GPIO_Init
                0x08003c4c       0x84 ./Drivers/BSP/STM32F4xx_Nucleo/stm32f4xx_nucleo.o
 .text.BSP_PB_Init
                0x08003cd0       0xa8 ./Drivers/BSP/STM32F4xx_Nucleo/stm32f4xx_nucleo.o
                0x08003cd0                BSP_PB_Init
 .text.BSP_PB_GetState
                0x08003d78       0x38 ./Drivers/BSP/STM32F4xx_Nucleo/stm32f4xx_nucleo.o
                0x08003d78                BSP_PB_GetState
 .text.BUTTON_USER_EXTI_Callback
                0x08003db0        0xe ./Drivers/BSP/STM32F4xx_Nucleo/stm32f4xx_nucleo.o
 *fill*         0x08003dbe        0x2 
 .text.BUTTON_USER_GPIO_Init
                0x08003dc0       0x7c ./Drivers/BSP/STM32F4xx_Nucleo/stm32f4xx_nucleo.o
 .text.BSP_COM_Init
                0x08003e3c       0x7c ./Drivers/BSP/STM32F4xx_Nucleo/stm32f4xx_nucleo.o
                0x08003e3c                BSP_COM_Init
 .text.MX_USART1_UART_Init
                0x08003eb8       0x5c ./Drivers/BSP/STM32F4xx_Nucleo/stm32f4xx_nucleo.o
                0x08003eb8                MX_USART1_UART_Init
 .text.__io_putchar
                0x08003f14       0x38 ./Drivers/BSP/STM32F4xx_Nucleo/stm32f4xx_nucleo.o
                0x08003f14                __io_putchar
 .text.USART1_MspInit
                0x08003f4c       0x94 ./Drivers/BSP/STM32F4xx_Nucleo/stm32f4xx_nucleo.o
 .text.HAL_Init
                0x08003fe0       0x44 ./Drivers/STM32F4xx_HAL_Driver/Src/stm32f4xx_hal.o
                0x08003fe0                HAL_Init
 .text.HAL_InitTick
                0x08004024       0x60 ./Drivers/STM32F4xx_HAL_Driver/Src/stm32f4xx_hal.o
                0x08004024                HAL_InitTick
 .text.HAL_IncTick
                0x08004084       0x28 ./Drivers/STM32F4xx_HAL_Driver/Src/stm32f4xx_hal.o
                0x08004084                HAL_IncTick
 .text.HAL_GetTick
                0x080040ac       0x18 ./Drivers/STM32F4xx_HAL_Driver/Src/stm32f4xx_hal.o
                0x080040ac                HAL_GetTick
 .text.HAL_Delay
                0x080040c4       0x48 ./Drivers/STM32F4xx_HAL_Driver/Src/stm32f4xx_hal.o
                0x080040c4                HAL_Delay
 .text.__NVIC_SetPriorityGrouping
                0x0800410c       0x48 ./Drivers/STM32F4xx_HAL_Driver/Src/stm32f4xx_hal_cortex.o
 .text.__NVIC_GetPriorityGrouping
                0x08004154       0x1c ./Drivers/STM32F4xx_HAL_Driver/Src/stm32f4xx_hal_cortex.o
 .text.__NVIC_EnableIRQ
                0x08004170       0x3c ./Drivers/STM32F4xx_HAL_Driver/Src/stm32f4xx_hal_cortex.o
 .text.__NVIC_SetPriority
                0x080041ac       0x54 ./Drivers/STM32F4xx_HAL_Driver/Src/stm32f4xx_hal_cortex.o
 .text.NVIC_EncodePriority
                0x08004200       0x66 ./Drivers/STM32F4xx_HAL_Driver/Src/stm32f4xx_hal_cortex.o
 *fill*         0x08004266        0x2 
 .text.SysTick_Config
                0x08004268       0x44 ./Drivers/STM32F4xx_HAL_Driver/Src/stm32f4xx_hal_cortex.o
 .text.HAL_NVIC_SetPriorityGrouping
                0x080042ac       0x16 ./Drivers/STM32F4xx_HAL_Driver/Src/stm32f4xx_hal_cortex.o
                0x080042ac                HAL_NVIC_SetPriorityGrouping
 .text.HAL_NVIC_SetPriority
                0x080042c2       0x38 ./Drivers/STM32F4xx_HAL_Driver/Src/stm32f4xx_hal_cortex.o
                0x080042c2                HAL_NVIC_SetPriority
 .text.HAL_NVIC_EnableIRQ
                0x080042fa       0x1c ./Drivers/STM32F4xx_HAL_Driver/Src/stm32f4xx_hal_cortex.o
                0x080042fa                HAL_NVIC_EnableIRQ
 .text.HAL_SYSTICK_Config
                0x08004316       0x18 ./Drivers/STM32F4xx_HAL_Driver/Src/stm32f4xx_hal_cortex.o
                0x08004316                HAL_SYSTICK_Config
 .text.HAL_EXTI_RegisterCallback
                0x0800432e       0x34 ./Drivers/STM32F4xx_HAL_Driver/Src/stm32f4xx_hal_exti.o
                0x0800432e                HAL_EXTI_RegisterCallback
 .text.HAL_EXTI_GetHandle
                0x08004362       0x28 ./Drivers/STM32F4xx_HAL_Driver/Src/stm32f4xx_hal_exti.o
                0x08004362                HAL_EXTI_GetHandle
 *fill*         0x0800438a        0x2 
 .text.HAL_EXTI_IRQHandler
                0x0800438c       0x48 ./Drivers/STM32F4xx_HAL_Driver/Src/stm32f4xx_hal_exti.o
                0x0800438c                HAL_EXTI_IRQHandler
 .text.HAL_GPIO_Init
                0x080043d4      0x308 ./Drivers/STM32F4xx_HAL_Driver/Src/stm32f4xx_hal_gpio.o
                0x080043d4                HAL_GPIO_Init
 .text.HAL_GPIO_DeInit
                0x080046dc      0x1c8 ./Drivers/STM32F4xx_HAL_Driver/Src/stm32f4xx_hal_gpio.o
                0x080046dc                HAL_GPIO_DeInit
 .text.HAL_GPIO_ReadPin
                0x080048a4       0x30 ./Drivers/STM32F4xx_HAL_Driver/Src/stm32f4xx_hal_gpio.o
                0x080048a4                HAL_GPIO_ReadPin
 .text.HAL_GPIO_WritePin
                0x080048d4       0x32 ./Drivers/STM32F4xx_HAL_Driver/Src/stm32f4xx_hal_gpio.o
                0x080048d4                HAL_GPIO_WritePin
 .text.HAL_GPIO_TogglePin
                0x08004906       0x34 ./Drivers/STM32F4xx_HAL_Driver/Src/stm32f4xx_hal_gpio.o
                0x08004906                HAL_GPIO_TogglePin
 *fill*         0x0800493a        0x2 
 .text.HAL_RCC_OscConfig
                0x0800493c      0x4f0 ./Drivers/STM32F4xx_HAL_Driver/Src/stm32f4xx_hal_rcc.o
                0x0800493c                HAL_RCC_OscConfig
 .text.HAL_RCC_ClockConfig
                0x08004e2c      0x1cc ./Drivers/STM32F4xx_HAL_Driver/Src/stm32f4xx_hal_rcc.o
                0x08004e2c                HAL_RCC_ClockConfig
 .text.HAL_RCC_GetSysClockFreq
                0x08004ff8      0x20c ./Drivers/STM32F4xx_HAL_Driver/Src/stm32f4xx_hal_rcc.o
                0x08004ff8                HAL_RCC_GetSysClockFreq
 .text.HAL_RCC_GetHCLKFreq
                0x08005204       0x18 ./Drivers/STM32F4xx_HAL_Driver/Src/stm32f4xx_hal_rcc.o
                0x08005204                HAL_RCC_GetHCLKFreq
 .text.HAL_RCC_GetPCLK1Freq
                0x0800521c       0x28 ./Drivers/STM32F4xx_HAL_Driver/Src/stm32f4xx_hal_rcc.o
                0x0800521c                HAL_RCC_GetPCLK1Freq
 .text.HAL_RCC_GetPCLK2Freq
                0x08005244       0x28 ./Drivers/STM32F4xx_HAL_Driver/Src/stm32f4xx_hal_rcc.o
                0x08005244                HAL_RCC_GetPCLK2Freq
 .text.HAL_SPI_Init
                0x0800526c      0x112 ./Drivers/STM32F4xx_HAL_Driver/Src/stm32f4xx_hal_spi.o
                0x0800526c                HAL_SPI_Init
 .text.HAL_SPI_MspInit
                0x0800537e       0x14 ./Drivers/STM32F4xx_HAL_Driver/Src/stm32f4xx_hal_spi.o
                0x0800537e                HAL_SPI_MspInit
 .text.HAL_SPI_TransmitReceive
                0x08005392      0x352 ./Drivers/STM32F4xx_HAL_Driver/Src/stm32f4xx_hal_spi.o
                0x08005392                HAL_SPI_TransmitReceive
 .text.HAL_SPI_GetState
                0x080056e4       0x1c ./Drivers/STM32F4xx_HAL_Driver/Src/stm32f4xx_hal_spi.o
                0x080056e4                HAL_SPI_GetState
 .text.SPI_WaitFlagStateUntilTimeout
                0x08005700      0x110 ./Drivers/STM32F4xx_HAL_Driver/Src/stm32f4xx_hal_spi.o
 .text.SPI_EndRxTxTransaction
                0x08005810       0xa8 ./Drivers/STM32F4xx_HAL_Driver/Src/stm32f4xx_hal_spi.o
 .text.HAL_UART_Init
                0x080058b8       0xa0 ./Drivers/STM32F4xx_HAL_Driver/Src/stm32f4xx_hal_uart.o
                0x080058b8                HAL_UART_Init
 .text.HAL_UART_Transmit
                0x08005958      0x116 ./Drivers/STM32F4xx_HAL_Driver/Src/stm32f4xx_hal_uart.o
                0x08005958                HAL_UART_Transmit
 .text.UART_WaitOnFlagUntilTimeout
                0x08005a6e       0xb2 ./Drivers/STM32F4xx_HAL_Driver/Src/stm32f4xx_hal_uart.o
 .text.UART_EndRxTransfer
                0x08005b20       0xc6 ./Drivers/STM32F4xx_HAL_Driver/Src/stm32f4xx_hal_uart.o
 *fill*         0x08005be6        0x2 
 .text.UART_SetConfig
                0x08005be8      0x4e8 ./Drivers/STM32F4xx_HAL_Driver/Src/stm32f4xx_hal_uart.o
 .text.aci_gap_init_IDB05A1
                0x080060d0       0xa0 ./Middlewares/ST/BlueNRG-MS/hci/controller/bluenrg_gap_aci.o
                0x080060d0                aci_gap_init_IDB05A1
 .text.aci_gap_init_IDB04A1
                0x08006170       0x94 ./Middlewares/ST/BlueNRG-MS/hci/controller/bluenrg_gap_aci.o
                0x08006170                aci_gap_init_IDB04A1
 .text.aci_gap_set_discoverable
                0x08006204      0x1d4 ./Middlewares/ST/BlueNRG-MS/hci/controller/bluenrg_gap_aci.o
                0x08006204                aci_gap_set_discoverable
 .text.aci_gap_set_auth_requirement
                0x080063d8       0xae ./Middlewares/ST/BlueNRG-MS/hci/controller/bluenrg_gap_aci.o
                0x080063d8                aci_gap_set_auth_requirement
 .text.aci_gatt_init
                0x08006486       0x46 ./Middlewares/ST/BlueNRG-MS/hci/controller/bluenrg_gatt_aci.o
                0x08006486                aci_gatt_init
 .text.aci_gatt_add_serv
                0x080064cc      0x112 ./Middlewares/ST/BlueNRG-MS/hci/controller/bluenrg_gatt_aci.o
                0x080064cc                aci_gatt_add_serv
 .text.aci_gatt_add_char
                0x080065de      0x196 ./Middlewares/ST/BlueNRG-MS/hci/controller/bluenrg_gatt_aci.o
                0x080065de                aci_gatt_add_char
 .text.aci_gatt_update_char_value
                0x08006774      0x120 ./Middlewares/ST/BlueNRG-MS/hci/controller/bluenrg_gatt_aci.o
                0x08006774                aci_gatt_update_char_value
 .text.aci_gatt_write_without_response
                0x08006894       0x8a ./Middlewares/ST/BlueNRG-MS/hci/controller/bluenrg_gatt_aci.o
                0x08006894                aci_gatt_write_without_response
 .text.aci_hal_write_config_data
                0x0800691e       0xca ./Middlewares/ST/BlueNRG-MS/hci/controller/bluenrg_hal_aci.o
                0x0800691e                aci_hal_write_config_data
 .text.aci_hal_set_tx_power_level
                0x080069e8       0x62 ./Middlewares/ST/BlueNRG-MS/hci/controller/bluenrg_hal_aci.o
                0x080069e8                aci_hal_set_tx_power_level
 .text.getBlueNRGVersion
                0x08006a4a       0x88 ./Middlewares/ST/BlueNRG-MS/hci/controller/bluenrg_utils_small.o
                0x08006a4a                getBlueNRGVersion
 .text.hci_reset
                0x08006ad2       0x44 ./Middlewares/ST/BlueNRG-MS/hci/hci_le.o
                0x08006ad2                hci_reset
 .text.hci_le_read_local_version
                0x08006b16       0x94 ./Middlewares/ST/BlueNRG-MS/hci/hci_le.o
                0x08006b16                hci_le_read_local_version
 .text.hci_le_set_scan_resp_data
                0x08006baa       0x82 ./Middlewares/ST/BlueNRG-MS/hci/hci_le.o
                0x08006baa                hci_le_set_scan_resp_data
 .text.verify_packet
                0x08006c2c       0x40 ./Middlewares/ST/BlueNRG-MS/hci/hci_tl_patterns/Basic/hci_tl.o
 .text.send_cmd
                0x08006c6c       0x80 ./Middlewares/ST/BlueNRG-MS/hci/hci_tl_patterns/Basic/hci_tl.o
 .text.move_list
                0x08006cec       0x38 ./Middlewares/ST/BlueNRG-MS/hci/hci_tl_patterns/Basic/hci_tl.o
 .text.free_event_list
                0x08006d24       0x3c ./Middlewares/ST/BlueNRG-MS/hci/hci_tl_patterns/Basic/hci_tl.o
 .text.hci_init
                0x08006d60       0x84 ./Middlewares/ST/BlueNRG-MS/hci/hci_tl_patterns/Basic/hci_tl.o
                0x08006d60                hci_init
 .text.hci_register_io_bus
                0x08006de4       0x40 ./Middlewares/ST/BlueNRG-MS/hci/hci_tl_patterns/Basic/hci_tl.o
                0x08006de4                hci_register_io_bus
 .text.hci_send_req
                0x08006e24      0x230 ./Middlewares/ST/BlueNRG-MS/hci/hci_tl_patterns/Basic/hci_tl.o
                0x08006e24                hci_send_req
 .text.hci_user_evt_proc
                0x08007054       0x58 ./Middlewares/ST/BlueNRG-MS/hci/hci_tl_patterns/Basic/hci_tl.o
                0x08007054                hci_user_evt_proc
 .text.hci_notify_asynch_evt
                0x080070ac       0x9c ./Middlewares/ST/BlueNRG-MS/hci/hci_tl_patterns/Basic/hci_tl.o
                0x080070ac                hci_notify_asynch_evt
 .text.list_init_head
                0x08007148       0x20 ./Middlewares/ST/BlueNRG-MS/utils/ble_list.o
                0x08007148                list_init_head
 .text.list_is_empty
                0x08007168       0x44 ./Middlewares/ST/BlueNRG-MS/utils/ble_list.o
                0x08007168                list_is_empty
 .text.list_insert_head
                0x080071ac       0x4c ./Middlewares/ST/BlueNRG-MS/utils/ble_list.o
                0x080071ac                list_insert_head
 .text.list_insert_tail
                0x080071f8       0x4c ./Middlewares/ST/BlueNRG-MS/utils/ble_list.o
                0x080071f8                list_insert_tail
 .text.list_remove_node
                0x08007244       0x42 ./Middlewares/ST/BlueNRG-MS/utils/ble_list.o
                0x08007244                list_remove_node
 .text.list_remove_head
                0x08007286       0x4e ./Middlewares/ST/BlueNRG-MS/utils/ble_list.o
                0x08007286                list_remove_head
 .text.list_remove_tail
                0x080072d4       0x4e ./Middlewares/ST/BlueNRG-MS/utils/ble_list.o
                0x080072d4                list_remove_tail
 .text.list_get_size
                0x08007322       0x50 ./Middlewares/ST/BlueNRG-MS/utils/ble_list.o
                0x08007322                list_get_size
 .text.__cvt    0x08007372       0xca C:/ST/STM32CubeIDE_1.16.1/STM32CubeIDE/plugins/com.st.stm32cube.ide.mcu.externaltools.gnu-tools-for-stm32.12.3.rel1.win32_1.0.200.202406191623/tools/bin/../lib/gcc/arm-none-eabi/12.3.1/../../../../arm-none-eabi/lib/thumb/v7e-m+fp/hard\libc_nano.a(libc_a-nano-vfprintf_float.o)
                0x08007372                __cvt
 .text.__exponent
                0x0800743c       0x74 C:/ST/STM32CubeIDE_1.16.1/STM32CubeIDE/plugins/com.st.stm32cube.ide.mcu.externaltools.gnu-tools-for-stm32.12.3.rel1.win32_1.0.200.202406191623/tools/bin/../lib/gcc/arm-none-eabi/12.3.1/../../../../arm-none-eabi/lib/thumb/v7e-m+fp/hard\libc_nano.a(libc_a-nano-vfprintf_float.o)
                0x0800743c                __exponent
 .text._printf_float
                0x080074b0      0x454 C:/ST/STM32CubeIDE_1.16.1/STM32CubeIDE/plugins/com.st.stm32cube.ide.mcu.externaltools.gnu-tools-for-stm32.12.3.rel1.win32_1.0.200.202406191623/tools/bin/../lib/gcc/arm-none-eabi/12.3.1/../../../../arm-none-eabi/lib/thumb/v7e-m+fp/hard\libc_nano.a(libc_a-nano-vfprintf_float.o)
                0x080074b0                _printf_float
 .text._printf_common
                0x08007904       0xda C:/ST/STM32CubeIDE_1.16.1/STM32CubeIDE/plugins/com.st.stm32cube.ide.mcu.externaltools.gnu-tools-for-stm32.12.3.rel1.win32_1.0.200.202406191623/tools/bin/../lib/gcc/arm-none-eabi/12.3.1/../../../../arm-none-eabi/lib/thumb/v7e-m+fp/hard\libc_nano.a(libc_a-nano-vfprintf_i.o)
                0x08007904                _printf_common
 *fill*         0x080079de        0x2 
 .text._printf_i
                0x080079e0      0x240 C:/ST/STM32CubeIDE_1.16.1/STM32CubeIDE/plugins/com.st.stm32cube.ide.mcu.externaltools.gnu-tools-for-stm32.12.3.rel1.win32_1.0.200.202406191623/tools/bin/../lib/gcc/arm-none-eabi/12.3.1/../../../../arm-none-eabi/lib/thumb/v7e-m+fp/hard\libc_nano.a(libc_a-nano-vfprintf_i.o)
                0x080079e0                _printf_i
 .text.__sflush_r
                0x08007c20      0x108 C:/ST/STM32CubeIDE_1.16.1/STM32CubeIDE/plugins/com.st.stm32cube.ide.mcu.externaltools.gnu-tools-for-stm32.12.3.rel1.win32_1.0.200.202406191623/tools/bin/../lib/gcc/arm-none-eabi/12.3.1/../../../../arm-none-eabi/lib/thumb/v7e-m+fp/hard\libc_nano.a(libc_a-fflush.o)
                0x08007c20                __sflush_r
 .text._fflush_r
                0x08007d28       0x50 C:/ST/STM32CubeIDE_1.16.1/STM32CubeIDE/plugins/com.st.stm32cube.ide.mcu.externaltools.gnu-tools-for-stm32.12.3.rel1.win32_1.0.200.202406191623/tools/bin/../lib/gcc/arm-none-eabi/12.3.1/../../../../arm-none-eabi/lib/thumb/v7e-m+fp/hard\libc_nano.a(libc_a-fflush.o)
                0x08007d28                _fflush_r
 .text.fflush   0x08007d78       0x28 C:/ST/STM32CubeIDE_1.16.1/STM32CubeIDE/plugins/com.st.stm32cube.ide.mcu.externaltools.gnu-tools-for-stm32.12.3.rel1.win32_1.0.200.202406191623/tools/bin/../lib/gcc/arm-none-eabi/12.3.1/../../../../arm-none-eabi/lib/thumb/v7e-m+fp/hard\libc_nano.a(libc_a-fflush.o)
                0x08007d78                fflush
 .text.std      0x08007da0       0x6c C:/ST/STM32CubeIDE_1.16.1/STM32CubeIDE/plugins/com.st.stm32cube.ide.mcu.externaltools.gnu-tools-for-stm32.12.3.rel1.win32_1.0.200.202406191623/tools/bin/../lib/gcc/arm-none-eabi/12.3.1/../../../../arm-none-eabi/lib/thumb/v7e-m+fp/hard\libc_nano.a(libc_a-findfp.o)
 .text.stdio_exit_handler
                0x08007e0c       0x18 C:/ST/STM32CubeIDE_1.16.1/STM32CubeIDE/plugins/com.st.stm32cube.ide.mcu.externaltools.gnu-tools-for-stm32.12.3.rel1.win32_1.0.200.202406191623/tools/bin/../lib/gcc/arm-none-eabi/12.3.1/../../../../arm-none-eabi/lib/thumb/v7e-m+fp/hard\libc_nano.a(libc_a-findfp.o)
 .text.cleanup_stdio
                0x08007e24       0x40 C:/ST/STM32CubeIDE_1.16.1/STM32CubeIDE/plugins/com.st.stm32cube.ide.mcu.externaltools.gnu-tools-for-stm32.12.3.rel1.win32_1.0.200.202406191623/tools/bin/../lib/gcc/arm-none-eabi/12.3.1/../../../../arm-none-eabi/lib/thumb/v7e-m+fp/hard\libc_nano.a(libc_a-findfp.o)
 .text.global_stdio_init.part.0
                0x08007e64       0x3c C:/ST/STM32CubeIDE_1.16.1/STM32CubeIDE/plugins/com.st.stm32cube.ide.mcu.externaltools.gnu-tools-for-stm32.12.3.rel1.win32_1.0.200.202406191623/tools/bin/../lib/gcc/arm-none-eabi/12.3.1/../../../../arm-none-eabi/lib/thumb/v7e-m+fp/hard\libc_nano.a(libc_a-findfp.o)
 .text.__sfp_lock_acquire
                0x08007ea0        0xc C:/ST/STM32CubeIDE_1.16.1/STM32CubeIDE/plugins/com.st.stm32cube.ide.mcu.externaltools.gnu-tools-for-stm32.12.3.rel1.win32_1.0.200.202406191623/tools/bin/../lib/gcc/arm-none-eabi/12.3.1/../../../../arm-none-eabi/lib/thumb/v7e-m+fp/hard\libc_nano.a(libc_a-findfp.o)
                0x08007ea0                __sfp_lock_acquire
 .text.__sfp_lock_release
                0x08007eac        0xc C:/ST/STM32CubeIDE_1.16.1/STM32CubeIDE/plugins/com.st.stm32cube.ide.mcu.externaltools.gnu-tools-for-stm32.12.3.rel1.win32_1.0.200.202406191623/tools/bin/../lib/gcc/arm-none-eabi/12.3.1/../../../../arm-none-eabi/lib/thumb/v7e-m+fp/hard\libc_nano.a(libc_a-findfp.o)
                0x08007eac                __sfp_lock_release
 .text.__sinit  0x08007eb8       0x30 C:/ST/STM32CubeIDE_1.16.1/STM32CubeIDE/plugins/com.st.stm32cube.ide.mcu.externaltools.gnu-tools-for-stm32.12.3.rel1.win32_1.0.200.202406191623/tools/bin/../lib/gcc/arm-none-eabi/12.3.1/../../../../arm-none-eabi/lib/thumb/v7e-m+fp/hard\libc_nano.a(libc_a-findfp.o)
                0x08007eb8                __sinit
 .text._fwalk_sglue
                0x08007ee8       0x3c C:/ST/STM32CubeIDE_1.16.1/STM32CubeIDE/plugins/com.st.stm32cube.ide.mcu.externaltools.gnu-tools-for-stm32.12.3.rel1.win32_1.0.200.202406191623/tools/bin/../lib/gcc/arm-none-eabi/12.3.1/../../../../arm-none-eabi/lib/thumb/v7e-m+fp/hard\libc_nano.a(libc_a-fwalk.o)
                0x08007ee8                _fwalk_sglue
 .text.printf   0x08007f24       0x24 C:/ST/STM32CubeIDE_1.16.1/STM32CubeIDE/plugins/com.st.stm32cube.ide.mcu.externaltools.gnu-tools-for-stm32.12.3.rel1.win32_1.0.200.202406191623/tools/bin/../lib/gcc/arm-none-eabi/12.3.1/../../../../arm-none-eabi/lib/thumb/v7e-m+fp/hard\libc_nano.a(libc_a-printf.o)
                0x08007f24                iprintf
                0x08007f24                printf
 .text.putchar  0x08007f48       0x10 C:/ST/STM32CubeIDE_1.16.1/STM32CubeIDE/plugins/com.st.stm32cube.ide.mcu.externaltools.gnu-tools-for-stm32.12.3.rel1.win32_1.0.200.202406191623/tools/bin/../lib/gcc/arm-none-eabi/12.3.1/../../../../arm-none-eabi/lib/thumb/v7e-m+fp/hard\libc_nano.a(libc_a-putchar.o)
                0x08007f48                putchar
 .text._puts_r  0x08007f58       0xaa C:/ST/STM32CubeIDE_1.16.1/STM32CubeIDE/plugins/com.st.stm32cube.ide.mcu.externaltools.gnu-tools-for-stm32.12.3.rel1.win32_1.0.200.202406191623/tools/bin/../lib/gcc/arm-none-eabi/12.3.1/../../../../arm-none-eabi/lib/thumb/v7e-m+fp/hard\libc_nano.a(libc_a-puts.o)
                0x08007f58                _puts_r
 *fill*         0x08008002        0x2 
 .text.puts     0x08008004       0x10 C:/ST/STM32CubeIDE_1.16.1/STM32CubeIDE/plugins/com.st.stm32cube.ide.mcu.externaltools.gnu-tools-for-stm32.12.3.rel1.win32_1.0.200.202406191623/tools/bin/../lib/gcc/arm-none-eabi/12.3.1/../../../../arm-none-eabi/lib/thumb/v7e-m+fp/hard\libc_nano.a(libc_a-puts.o)
                0x08008004                puts
 .text.sprintf  0x08008014       0x40 C:/ST/STM32CubeIDE_1.16.1/STM32CubeIDE/plugins/com.st.stm32cube.ide.mcu.externaltools.gnu-tools-for-stm32.12.3.rel1.win32_1.0.200.202406191623/tools/bin/../lib/gcc/arm-none-eabi/12.3.1/../../../../arm-none-eabi/lib/thumb/v7e-m+fp/hard\libc_nano.a(libc_a-sprintf.o)
                0x08008014                siprintf
                0x08008014                sprintf
 .text.__sread  0x08008054       0x22 C:/ST/STM32CubeIDE_1.16.1/STM32CubeIDE/plugins/com.st.stm32cube.ide.mcu.externaltools.gnu-tools-for-stm32.12.3.rel1.win32_1.0.200.202406191623/tools/bin/../lib/gcc/arm-none-eabi/12.3.1/../../../../arm-none-eabi/lib/thumb/v7e-m+fp/hard\libc_nano.a(libc_a-stdio.o)
                0x08008054                __sread
 .text.__swrite
                0x08008076       0x38 C:/ST/STM32CubeIDE_1.16.1/STM32CubeIDE/plugins/com.st.stm32cube.ide.mcu.externaltools.gnu-tools-for-stm32.12.3.rel1.win32_1.0.200.202406191623/tools/bin/../lib/gcc/arm-none-eabi/12.3.1/../../../../arm-none-eabi/lib/thumb/v7e-m+fp/hard\libc_nano.a(libc_a-stdio.o)
                0x08008076                __swrite
 .text.__sseek  0x080080ae       0x24 C:/ST/STM32CubeIDE_1.16.1/STM32CubeIDE/plugins/com.st.stm32cube.ide.mcu.externaltools.gnu-tools-for-stm32.12.3.rel1.win32_1.0.200.202406191623/tools/bin/../lib/gcc/arm-none-eabi/12.3.1/../../../../arm-none-eabi/lib/thumb/v7e-m+fp/hard\libc_nano.a(libc_a-stdio.o)
                0x080080ae                __sseek
 .text.__sclose
                0x080080d2        0x8 C:/ST/STM32CubeIDE_1.16.1/STM32CubeIDE/plugins/com.st.stm32cube.ide.mcu.externaltools.gnu-tools-for-stm32.12.3.rel1.win32_1.0.200.202406191623/tools/bin/../lib/gcc/arm-none-eabi/12.3.1/../../../../arm-none-eabi/lib/thumb/v7e-m+fp/hard\libc_nano.a(libc_a-stdio.o)
                0x080080d2                __sclose
 .text.__swbuf_r
                0x080080da       0x7c C:/ST/STM32CubeIDE_1.16.1/STM32CubeIDE/plugins/com.st.stm32cube.ide.mcu.externaltools.gnu-tools-for-stm32.12.3.rel1.win32_1.0.200.202406191623/tools/bin/../lib/gcc/arm-none-eabi/12.3.1/../../../../arm-none-eabi/lib/thumb/v7e-m+fp/hard\libc_nano.a(libc_a-wbuf.o)
                0x080080da                __swbuf_r
 *fill*         0x08008156        0x2 
 .text.__swsetup_r
                0x08008158       0xac C:/ST/STM32CubeIDE_1.16.1/STM32CubeIDE/plugins/com.st.stm32cube.ide.mcu.externaltools.gnu-tools-for-stm32.12.3.rel1.win32_1.0.200.202406191623/tools/bin/../lib/gcc/arm-none-eabi/12.3.1/../../../../arm-none-eabi/lib/thumb/v7e-m+fp/hard\libc_nano.a(libc_a-wsetup.o)
                0x08008158                __swsetup_r
 .text.memset   0x08008204       0x10 C:/ST/STM32CubeIDE_1.16.1/STM32CubeIDE/plugins/com.st.stm32cube.ide.mcu.externaltools.gnu-tools-for-stm32.12.3.rel1.win32_1.0.200.202406191623/tools/bin/../lib/gcc/arm-none-eabi/12.3.1/../../../../arm-none-eabi/lib/thumb/v7e-m+fp/hard\libc_nano.a(libc_a-memset.o)
                0x08008204                memset
 .text._localeconv_r
                0x08008214        0x8 C:/ST/STM32CubeIDE_1.16.1/STM32CubeIDE/plugins/com.st.stm32cube.ide.mcu.externaltools.gnu-tools-for-stm32.12.3.rel1.win32_1.0.200.202406191623/tools/bin/../lib/gcc/arm-none-eabi/12.3.1/../../../../arm-none-eabi/lib/thumb/v7e-m+fp/hard\libc_nano.a(libc_a-localeconv.o)
                0x08008214                _localeconv_r
 .text._close_r
                0x0800821c       0x20 C:/ST/STM32CubeIDE_1.16.1/STM32CubeIDE/plugins/com.st.stm32cube.ide.mcu.externaltools.gnu-tools-for-stm32.12.3.rel1.win32_1.0.200.202406191623/tools/bin/../lib/gcc/arm-none-eabi/12.3.1/../../../../arm-none-eabi/lib/thumb/v7e-m+fp/hard\libc_nano.a(libc_a-closer.o)
                0x0800821c                _close_r
 .text._lseek_r
                0x0800823c       0x24 C:/ST/STM32CubeIDE_1.16.1/STM32CubeIDE/plugins/com.st.stm32cube.ide.mcu.externaltools.gnu-tools-for-stm32.12.3.rel1.win32_1.0.200.202406191623/tools/bin/../lib/gcc/arm-none-eabi/12.3.1/../../../../arm-none-eabi/lib/thumb/v7e-m+fp/hard\libc_nano.a(libc_a-lseekr.o)
                0x0800823c                _lseek_r
 .text._read_r  0x08008260       0x24 C:/ST/STM32CubeIDE_1.16.1/STM32CubeIDE/plugins/com.st.stm32cube.ide.mcu.externaltools.gnu-tools-for-stm32.12.3.rel1.win32_1.0.200.202406191623/tools/bin/../lib/gcc/arm-none-eabi/12.3.1/../../../../arm-none-eabi/lib/thumb/v7e-m+fp/hard\libc_nano.a(libc_a-readr.o)
                0x08008260                _read_r
 .text._write_r
                0x08008284       0x24 C:/ST/STM32CubeIDE_1.16.1/STM32CubeIDE/plugins/com.st.stm32cube.ide.mcu.externaltools.gnu-tools-for-stm32.12.3.rel1.win32_1.0.200.202406191623/tools/bin/../lib/gcc/arm-none-eabi/12.3.1/../../../../arm-none-eabi/lib/thumb/v7e-m+fp/hard\libc_nano.a(libc_a-writer.o)
                0x08008284                _write_r
 .text.__errno  0x080082a8        0xc C:/ST/STM32CubeIDE_1.16.1/STM32CubeIDE/plugins/com.st.stm32cube.ide.mcu.externaltools.gnu-tools-for-stm32.12.3.rel1.win32_1.0.200.202406191623/tools/bin/../lib/gcc/arm-none-eabi/12.3.1/../../../../arm-none-eabi/lib/thumb/v7e-m+fp/hard\libc_nano.a(libc_a-errno.o)
                0x080082a8                __errno
 .text.__libc_init_array
                0x080082b4       0x48 C:/ST/STM32CubeIDE_1.16.1/STM32CubeIDE/plugins/com.st.stm32cube.ide.mcu.externaltools.gnu-tools-for-stm32.12.3.rel1.win32_1.0.200.202406191623/tools/bin/../lib/gcc/arm-none-eabi/12.3.1/../../../../arm-none-eabi/lib/thumb/v7e-m+fp/hard\libc_nano.a(libc_a-init.o)
                0x080082b4                __libc_init_array
 .text.__retarget_lock_init_recursive
                0x080082fc        0x2 C:/ST/STM32CubeIDE_1.16.1/STM32CubeIDE/plugins/com.st.stm32cube.ide.mcu.externaltools.gnu-tools-for-stm32.12.3.rel1.win32_1.0.200.202406191623/tools/bin/../lib/gcc/arm-none-eabi/12.3.1/../../../../arm-none-eabi/lib/thumb/v7e-m+fp/hard\libc_nano.a(libc_a-lock.o)
                0x080082fc                __retarget_lock_init_recursive
 .text.__retarget_lock_acquire_recursive
                0x080082fe        0x2 C:/ST/STM32CubeIDE_1.16.1/STM32CubeIDE/plugins/com.st.stm32cube.ide.mcu.externaltools.gnu-tools-for-stm32.12.3.rel1.win32_1.0.200.202406191623/tools/bin/../lib/gcc/arm-none-eabi/12.3.1/../../../../arm-none-eabi/lib/thumb/v7e-m+fp/hard\libc_nano.a(libc_a-lock.o)
                0x080082fe                __retarget_lock_acquire_recursive
 .text.__retarget_lock_release_recursive
                0x08008300        0x2 C:/ST/STM32CubeIDE_1.16.1/STM32CubeIDE/plugins/com.st.stm32cube.ide.mcu.externaltools.gnu-tools-for-stm32.12.3.rel1.win32_1.0.200.202406191623/tools/bin/../lib/gcc/arm-none-eabi/12.3.1/../../../../arm-none-eabi/lib/thumb/v7e-m+fp/hard\libc_nano.a(libc_a-lock.o)
                0x08008300                __retarget_lock_release_recursive
 .text.memcpy   0x08008302       0x1c C:/ST/STM32CubeIDE_1.16.1/STM32CubeIDE/plugins/com.st.stm32cube.ide.mcu.externaltools.gnu-tools-for-stm32.12.3.rel1.win32_1.0.200.202406191623/tools/bin/../lib/gcc/arm-none-eabi/12.3.1/../../../../arm-none-eabi/lib/thumb/v7e-m+fp/hard\libc_nano.a(libc_a-memcpy-stub.o)
                0x08008302                memcpy
 .text.quorem   0x0800831e      0x110 C:/ST/STM32CubeIDE_1.16.1/STM32CubeIDE/plugins/com.st.stm32cube.ide.mcu.externaltools.gnu-tools-for-stm32.12.3.rel1.win32_1.0.200.202406191623/tools/bin/../lib/gcc/arm-none-eabi/12.3.1/../../../../arm-none-eabi/lib/thumb/v7e-m+fp/hard\libc_nano.a(libc_a-dtoa.o)
 *fill*         0x0800842e        0x2 
 .text._dtoa_r  0x08008430      0xb88 C:/ST/STM32CubeIDE_1.16.1/STM32CubeIDE/plugins/com.st.stm32cube.ide.mcu.externaltools.gnu-tools-for-stm32.12.3.rel1.win32_1.0.200.202406191623/tools/bin/../lib/gcc/arm-none-eabi/12.3.1/../../../../arm-none-eabi/lib/thumb/v7e-m+fp/hard\libc_nano.a(libc_a-dtoa.o)
                0x08008430                _dtoa_r
 .text._free_r  0x08008fb8       0x94 C:/ST/STM32CubeIDE_1.16.1/STM32CubeIDE/plugins/com.st.stm32cube.ide.mcu.externaltools.gnu-tools-for-stm32.12.3.rel1.win32_1.0.200.202406191623/tools/bin/../lib/gcc/arm-none-eabi/12.3.1/../../../../arm-none-eabi/lib/thumb/v7e-m+fp/hard\libc_nano.a(libc_a-freer.o)
                0x08008fb8                _free_r
 .text.malloc   0x0800904c       0x10 C:/ST/STM32CubeIDE_1.16.1/STM32CubeIDE/plugins/com.st.stm32cube.ide.mcu.externaltools.gnu-tools-for-stm32.12.3.rel1.win32_1.0.200.202406191623/tools/bin/../lib/gcc/arm-none-eabi/12.3.1/../../../../arm-none-eabi/lib/thumb/v7e-m+fp/hard\libc_nano.a(libc_a-malloc.o)
                0x0800904c                malloc
 .text.sbrk_aligned
                0x0800905c       0x44 C:/ST/STM32CubeIDE_1.16.1/STM32CubeIDE/plugins/com.st.stm32cube.ide.mcu.externaltools.gnu-tools-for-stm32.12.3.rel1.win32_1.0.200.202406191623/tools/bin/../lib/gcc/arm-none-eabi/12.3.1/../../../../arm-none-eabi/lib/thumb/v7e-m+fp/hard\libc_nano.a(libc_a-mallocr.o)
 .text._malloc_r
                0x080090a0      0x100 C:/ST/STM32CubeIDE_1.16.1/STM32CubeIDE/plugins/com.st.stm32cube.ide.mcu.externaltools.gnu-tools-for-stm32.12.3.rel1.win32_1.0.200.202406191623/tools/bin/../lib/gcc/arm-none-eabi/12.3.1/../../../../arm-none-eabi/lib/thumb/v7e-m+fp/hard\libc_nano.a(libc_a-mallocr.o)
                0x080090a0                _malloc_r
 .text.__malloc_lock
                0x080091a0        0xc C:/ST/STM32CubeIDE_1.16.1/STM32CubeIDE/plugins/com.st.stm32cube.ide.mcu.externaltools.gnu-tools-for-stm32.12.3.rel1.win32_1.0.200.202406191623/tools/bin/../lib/gcc/arm-none-eabi/12.3.1/../../../../arm-none-eabi/lib/thumb/v7e-m+fp/hard\libc_nano.a(libc_a-mlock.o)
                0x080091a0                __malloc_lock
 .text.__malloc_unlock
                0x080091ac        0xc C:/ST/STM32CubeIDE_1.16.1/STM32CubeIDE/plugins/com.st.stm32cube.ide.mcu.externaltools.gnu-tools-for-stm32.12.3.rel1.win32_1.0.200.202406191623/tools/bin/../lib/gcc/arm-none-eabi/12.3.1/../../../../arm-none-eabi/lib/thumb/v7e-m+fp/hard\libc_nano.a(libc_a-mlock.o)
                0x080091ac                __malloc_unlock
 .text._Balloc  0x080091b8       0x80 C:/ST/STM32CubeIDE_1.16.1/STM32CubeIDE/plugins/com.st.stm32cube.ide.mcu.externaltools.gnu-tools-for-stm32.12.3.rel1.win32_1.0.200.202406191623/tools/bin/../lib/gcc/arm-none-eabi/12.3.1/../../../../arm-none-eabi/lib/thumb/v7e-m+fp/hard\libc_nano.a(libc_a-mprec.o)
                0x080091b8                _Balloc
 .text._Bfree   0x08009238       0x44 C:/ST/STM32CubeIDE_1.16.1/STM32CubeIDE/plugins/com.st.stm32cube.ide.mcu.externaltools.gnu-tools-for-stm32.12.3.rel1.win32_1.0.200.202406191623/tools/bin/../lib/gcc/arm-none-eabi/12.3.1/../../../../arm-none-eabi/lib/thumb/v7e-m+fp/hard\libc_nano.a(libc_a-mprec.o)
                0x08009238                _Bfree
 .text.__multadd
                0x0800927c       0x8c C:/ST/STM32CubeIDE_1.16.1/STM32CubeIDE/plugins/com.st.stm32cube.ide.mcu.externaltools.gnu-tools-for-stm32.12.3.rel1.win32_1.0.200.202406191623/tools/bin/../lib/gcc/arm-none-eabi/12.3.1/../../../../arm-none-eabi/lib/thumb/v7e-m+fp/hard\libc_nano.a(libc_a-mprec.o)
                0x0800927c                __multadd
 .text.__hi0bits
                0x08009308       0x3e C:/ST/STM32CubeIDE_1.16.1/STM32CubeIDE/plugins/com.st.stm32cube.ide.mcu.externaltools.gnu-tools-for-stm32.12.3.rel1.win32_1.0.200.202406191623/tools/bin/../lib/gcc/arm-none-eabi/12.3.1/../../../../arm-none-eabi/lib/thumb/v7e-m+fp/hard\libc_nano.a(libc_a-mprec.o)
                0x08009308                __hi0bits
 .text.__lo0bits
                0x08009346       0x5a C:/ST/STM32CubeIDE_1.16.1/STM32CubeIDE/plugins/com.st.stm32cube.ide.mcu.externaltools.gnu-tools-for-stm32.12.3.rel1.win32_1.0.200.202406191623/tools/bin/../lib/gcc/arm-none-eabi/12.3.1/../../../../arm-none-eabi/lib/thumb/v7e-m+fp/hard\libc_nano.a(libc_a-mprec.o)
                0x08009346                __lo0bits
 .text.__i2b    0x080093a0       0x2c C:/ST/STM32CubeIDE_1.16.1/STM32CubeIDE/plugins/com.st.stm32cube.ide.mcu.externaltools.gnu-tools-for-stm32.12.3.rel1.win32_1.0.200.202406191623/tools/bin/../lib/gcc/arm-none-eabi/12.3.1/../../../../arm-none-eabi/lib/thumb/v7e-m+fp/hard\libc_nano.a(libc_a-mprec.o)
                0x080093a0                __i2b
 .text.__multiply
                0x080093cc      0x154 C:/ST/STM32CubeIDE_1.16.1/STM32CubeIDE/plugins/com.st.stm32cube.ide.mcu.externaltools.gnu-tools-for-stm32.12.3.rel1.win32_1.0.200.202406191623/tools/bin/../lib/gcc/arm-none-eabi/12.3.1/../../../../arm-none-eabi/lib/thumb/v7e-m+fp/hard\libc_nano.a(libc_a-mprec.o)
                0x080093cc                __multiply
 .text.__pow5mult
                0x08009520       0xb4 C:/ST/STM32CubeIDE_1.16.1/STM32CubeIDE/plugins/com.st.stm32cube.ide.mcu.externaltools.gnu-tools-for-stm32.12.3.rel1.win32_1.0.200.202406191623/tools/bin/../lib/gcc/arm-none-eabi/12.3.1/../../../../arm-none-eabi/lib/thumb/v7e-m+fp/hard\libc_nano.a(libc_a-mprec.o)
                0x08009520                __pow5mult
 .text.__lshift
                0x080095d4       0xd8 C:/ST/STM32CubeIDE_1.16.1/STM32CubeIDE/plugins/com.st.stm32cube.ide.mcu.externaltools.gnu-tools-for-stm32.12.3.rel1.win32_1.0.200.202406191623/tools/bin/../lib/gcc/arm-none-eabi/12.3.1/../../../../arm-none-eabi/lib/thumb/v7e-m+fp/hard\libc_nano.a(libc_a-mprec.o)
                0x080095d4                __lshift
 .text.__mcmp   0x080096ac       0x36 C:/ST/STM32CubeIDE_1.16.1/STM32CubeIDE/plugins/com.st.stm32cube.ide.mcu.externaltools.gnu-tools-for-stm32.12.3.rel1.win32_1.0.200.202406191623/tools/bin/../lib/gcc/arm-none-eabi/12.3.1/../../../../arm-none-eabi/lib/thumb/v7e-m+fp/hard\libc_nano.a(libc_a-mprec.o)
                0x080096ac                __mcmp
 *fill*         0x080096e2        0x2 
 .text.__mdiff  0x080096e4      0x128 C:/ST/STM32CubeIDE_1.16.1/STM32CubeIDE/plugins/com.st.stm32cube.ide.mcu.externaltools.gnu-tools-for-stm32.12.3.rel1.win32_1.0.200.202406191623/tools/bin/../lib/gcc/arm-none-eabi/12.3.1/../../../../arm-none-eabi/lib/thumb/v7e-m+fp/hard\libc_nano.a(libc_a-mprec.o)
                0x080096e4                __mdiff
 .text.__d2b    0x0800980c       0xb0 C:/ST/STM32CubeIDE_1.16.1/STM32CubeIDE/plugins/com.st.stm32cube.ide.mcu.externaltools.gnu-tools-for-stm32.12.3.rel1.win32_1.0.200.202406191623/tools/bin/../lib/gcc/arm-none-eabi/12.3.1/../../../../arm-none-eabi/lib/thumb/v7e-m+fp/hard\libc_nano.a(libc_a-mprec.o)
                0x0800980c                __d2b
 .text.__ssputs_r
                0x080098bc       0xb6 C:/ST/STM32CubeIDE_1.16.1/STM32CubeIDE/plugins/com.st.stm32cube.ide.mcu.externaltools.gnu-tools-for-stm32.12.3.rel1.win32_1.0.200.202406191623/tools/bin/../lib/gcc/arm-none-eabi/12.3.1/../../../../arm-none-eabi/lib/thumb/v7e-m+fp/hard\libc_nano.a(libc_a-nano-svfprintf.o)
                0x080098bc                __ssputs_r
 *fill*         0x08009972        0x2 
 .text._svfprintf_r
                0x08009974      0x1f8 C:/ST/STM32CubeIDE_1.16.1/STM32CubeIDE/plugins/com.st.stm32cube.ide.mcu.externaltools.gnu-tools-for-stm32.12.3.rel1.win32_1.0.200.202406191623/tools/bin/../lib/gcc/arm-none-eabi/12.3.1/../../../../arm-none-eabi/lib/thumb/v7e-m+fp/hard\libc_nano.a(libc_a-nano-svfprintf.o)
                0x08009974                _svfiprintf_r
                0x08009974                _svfprintf_r
 .text.__sfputc_r
                0x08009b6c       0x2e C:/ST/STM32CubeIDE_1.16.1/STM32CubeIDE/plugins/com.st.stm32cube.ide.mcu.externaltools.gnu-tools-for-stm32.12.3.rel1.win32_1.0.200.202406191623/tools/bin/../lib/gcc/arm-none-eabi/12.3.1/../../../../arm-none-eabi/lib/thumb/v7e-m+fp/hard\libc_nano.a(libc_a-nano-vfprintf.o)
 .text.__sfputs_r
                0x08009b9a       0x24 C:/ST/STM32CubeIDE_1.16.1/STM32CubeIDE/plugins/com.st.stm32cube.ide.mcu.externaltools.gnu-tools-for-stm32.12.3.rel1.win32_1.0.200.202406191623/tools/bin/../lib/gcc/arm-none-eabi/12.3.1/../../../../arm-none-eabi/lib/thumb/v7e-m+fp/hard\libc_nano.a(libc_a-nano-vfprintf.o)
                0x08009b9a                __sfputs_r
 *fill*         0x08009bbe        0x2 
 .text._vfprintf_r
                0x08009bc0      0x230 C:/ST/STM32CubeIDE_1.16.1/STM32CubeIDE/plugins/com.st.stm32cube.ide.mcu.externaltools.gnu-tools-for-stm32.12.3.rel1.win32_1.0.200.202406191623/tools/bin/../lib/gcc/arm-none-eabi/12.3.1/../../../../arm-none-eabi/lib/thumb/v7e-m+fp/hard\libc_nano.a(libc_a-nano-vfprintf.o)
                0x08009bc0                _vfprintf_r
                0x08009bc0                _vfiprintf_r
 .text.__swhatbuf_r
                0x08009df0       0x4c C:/ST/STM32CubeIDE_1.16.1/STM32CubeIDE/plugins/com.st.stm32cube.ide.mcu.externaltools.gnu-tools-for-stm32.12.3.rel1.win32_1.0.200.202406191623/tools/bin/../lib/gcc/arm-none-eabi/12.3.1/../../../../arm-none-eabi/lib/thumb/v7e-m+fp/hard\libc_nano.a(libc_a-makebuf.o)
                0x08009df0                __swhatbuf_r
 .text.__smakebuf_r
                0x08009e3c       0x78 C:/ST/STM32CubeIDE_1.16.1/STM32CubeIDE/plugins/com.st.stm32cube.ide.mcu.externaltools.gnu-tools-for-stm32.12.3.rel1.win32_1.0.200.202406191623/tools/bin/../lib/gcc/arm-none-eabi/12.3.1/../../../../arm-none-eabi/lib/thumb/v7e-m+fp/hard\libc_nano.a(libc_a-makebuf.o)
                0x08009e3c                __smakebuf_r
 .text._putc_r  0x08009eb4       0x68 C:/ST/STM32CubeIDE_1.16.1/STM32CubeIDE/plugins/com.st.stm32cube.ide.mcu.externaltools.gnu-tools-for-stm32.12.3.rel1.win32_1.0.200.202406191623/tools/bin/../lib/gcc/arm-none-eabi/12.3.1/../../../../arm-none-eabi/lib/thumb/v7e-m+fp/hard\libc_nano.a(libc_a-putc.o)
                0x08009eb4                _putc_r
 .text.memmove  0x08009f1c       0x34 C:/ST/STM32CubeIDE_1.16.1/STM32CubeIDE/plugins/com.st.stm32cube.ide.mcu.externaltools.gnu-tools-for-stm32.12.3.rel1.win32_1.0.200.202406191623/tools/bin/../lib/gcc/arm-none-eabi/12.3.1/../../../../arm-none-eabi/lib/thumb/v7e-m+fp/hard\libc_nano.a(libc_a-memmove.o)
                0x08009f1c                memmove
 .text._fstat_r
                0x08009f50       0x24 C:/ST/STM32CubeIDE_1.16.1/STM32CubeIDE/plugins/com.st.stm32cube.ide.mcu.externaltools.gnu-tools-for-stm32.12.3.rel1.win32_1.0.200.202406191623/tools/bin/../lib/gcc/arm-none-eabi/12.3.1/../../../../arm-none-eabi/lib/thumb/v7e-m+fp/hard\libc_nano.a(libc_a-fstatr.o)
                0x08009f50                _fstat_r
 .text._isatty_r
                0x08009f74       0x20 C:/ST/STM32CubeIDE_1.16.1/STM32CubeIDE/plugins/com.st.stm32cube.ide.mcu.externaltools.gnu-tools-for-stm32.12.3.rel1.win32_1.0.200.202406191623/tools/bin/../lib/gcc/arm-none-eabi/12.3.1/../../../../arm-none-eabi/lib/thumb/v7e-m+fp/hard\libc_nano.a(libc_a-isattyr.o)
                0x08009f74                _isatty_r
 .text._sbrk_r  0x08009f94       0x20 C:/ST/STM32CubeIDE_1.16.1/STM32CubeIDE/plugins/com.st.stm32cube.ide.mcu.externaltools.gnu-tools-for-stm32.12.3.rel1.win32_1.0.200.202406191623/tools/bin/../lib/gcc/arm-none-eabi/12.3.1/../../../../arm-none-eabi/lib/thumb/v7e-m+fp/hard\libc_nano.a(libc_a-sbrkr.o)
                0x08009f94                _sbrk_r
 .text.__assert_func
                0x08009fb4       0x3c C:/ST/STM32CubeIDE_1.16.1/STM32CubeIDE/plugins/com.st.stm32cube.ide.mcu.externaltools.gnu-tools-for-stm32.12.3.rel1.win32_1.0.200.202406191623/tools/bin/../lib/gcc/arm-none-eabi/12.3.1/../../../../arm-none-eabi/lib/thumb/v7e-m+fp/hard\libc_nano.a(libc_a-assert.o)
                0x08009fb4                __assert_func
 .text._calloc_r
                0x08009ff0       0x28 C:/ST/STM32CubeIDE_1.16.1/STM32CubeIDE/plugins/com.st.stm32cube.ide.mcu.externaltools.gnu-tools-for-stm32.12.3.rel1.win32_1.0.200.202406191623/tools/bin/../lib/gcc/arm-none-eabi/12.3.1/../../../../arm-none-eabi/lib/thumb/v7e-m+fp/hard\libc_nano.a(libc_a-callocr.o)
                0x08009ff0                _calloc_r
 .text.__ascii_mbtowc
                0x0800a018       0x24 C:/ST/STM32CubeIDE_1.16.1/STM32CubeIDE/plugins/com.st.stm32cube.ide.mcu.externaltools.gnu-tools-for-stm32.12.3.rel1.win32_1.0.200.202406191623/tools/bin/../lib/gcc/arm-none-eabi/12.3.1/../../../../arm-none-eabi/lib/thumb/v7e-m+fp/hard\libc_nano.a(libc_a-mbtowc_r.o)
                0x0800a018                __ascii_mbtowc
 .text._realloc_r
                0x0800a03c       0x5c C:/ST/STM32CubeIDE_1.16.1/STM32CubeIDE/plugins/com.st.stm32cube.ide.mcu.externaltools.gnu-tools-for-stm32.12.3.rel1.win32_1.0.200.202406191623/tools/bin/../lib/gcc/arm-none-eabi/12.3.1/../../../../arm-none-eabi/lib/thumb/v7e-m+fp/hard\libc_nano.a(libc_a-reallocr.o)
                0x0800a03c                _realloc_r
 .text.__ascii_wctomb
                0x0800a098       0x1a C:/ST/STM32CubeIDE_1.16.1/STM32CubeIDE/plugins/com.st.stm32cube.ide.mcu.externaltools.gnu-tools-for-stm32.12.3.rel1.win32_1.0.200.202406191623/tools/bin/../lib/gcc/arm-none-eabi/12.3.1/../../../../arm-none-eabi/lib/thumb/v7e-m+fp/hard\libc_nano.a(libc_a-wctomb_r.o)
                0x0800a098                __ascii_wctomb
 *fill*         0x0800a0b2        0x2 
 .text.fprintf  0x0800a0b4       0x24 C:/ST/STM32CubeIDE_1.16.1/STM32CubeIDE/plugins/com.st.stm32cube.ide.mcu.externaltools.gnu-tools-for-stm32.12.3.rel1.win32_1.0.200.202406191623/tools/bin/../lib/gcc/arm-none-eabi/12.3.1/../../../../arm-none-eabi/lib/thumb/v7e-m+fp/hard\libc_nano.a(libc_a-fprintf.o)
                0x0800a0b4                fiprintf
                0x0800a0b4                fprintf
 .text.abort    0x0800a0d8        0xe C:/ST/STM32CubeIDE_1.16.1/STM32CubeIDE/plugins/com.st.stm32cube.ide.mcu.externaltools.gnu-tools-for-stm32.12.3.rel1.win32_1.0.200.202406191623/tools/bin/../lib/gcc/arm-none-eabi/12.3.1/../../../../arm-none-eabi/lib/thumb/v7e-m+fp/hard\libc_nano.a(libc_a-abort.o)
                0x0800a0d8                abort
 .text._malloc_usable_size_r
                0x0800a0e6       0x10 C:/ST/STM32CubeIDE_1.16.1/STM32CubeIDE/plugins/com.st.stm32cube.ide.mcu.externaltools.gnu-tools-for-stm32.12.3.rel1.win32_1.0.200.202406191623/tools/bin/../lib/gcc/arm-none-eabi/12.3.1/../../../../arm-none-eabi/lib/thumb/v7e-m+fp/hard\libc_nano.a(libc_a-msizer.o)
                0x0800a0e6                _malloc_usable_size_r
 .text._raise_r
                0x0800a0f6       0x50 C:/ST/STM32CubeIDE_1.16.1/STM32CubeIDE/plugins/com.st.stm32cube.ide.mcu.externaltools.gnu-tools-for-stm32.12.3.rel1.win32_1.0.200.202406191623/tools/bin/../lib/gcc/arm-none-eabi/12.3.1/../../../../arm-none-eabi/lib/thumb/v7e-m+fp/hard\libc_nano.a(libc_a-signal.o)
                0x0800a0f6                _raise_r
 *fill*         0x0800a146        0x2 
 .text.raise    0x0800a148       0x10 C:/ST/STM32CubeIDE_1.16.1/STM32CubeIDE/plugins/com.st.stm32cube.ide.mcu.externaltools.gnu-tools-for-stm32.12.3.rel1.win32_1.0.200.202406191623/tools/bin/../lib/gcc/arm-none-eabi/12.3.1/../../../../arm-none-eabi/lib/thumb/v7e-m+fp/hard\libc_nano.a(libc_a-signal.o)
                0x0800a148                raise
 .text._kill_r  0x0800a158       0x24 C:/ST/STM32CubeIDE_1.16.1/STM32CubeIDE/plugins/com.st.stm32cube.ide.mcu.externaltools.gnu-tools-for-stm32.12.3.rel1.win32_1.0.200.202406191623/tools/bin/../lib/gcc/arm-none-eabi/12.3.1/../../../../arm-none-eabi/lib/thumb/v7e-m+fp/hard\libc_nano.a(libc_a-signalr.o)
                0x0800a158                _kill_r
 .text._getpid_r
                0x0800a17c        0x4 C:/ST/STM32CubeIDE_1.16.1/STM32CubeIDE/plugins/com.st.stm32cube.ide.mcu.externaltools.gnu-tools-for-stm32.12.3.rel1.win32_1.0.200.202406191623/tools/bin/../lib/gcc/arm-none-eabi/12.3.1/../../../../arm-none-eabi/lib/thumb/v7e-m+fp/hard\libc_nano.a(libc_a-signalr.o)
                0x0800a17c                _getpid_r
 *(.glue_7)
 .glue_7        0x0800a180        0x0 linker stubs
 *(.glue_7t)
 .glue_7t       0x0800a180        0x0 linker stubs
 *(.eh_frame)
 .eh_frame      0x0800a180        0x0 C:/ST/STM32CubeIDE_1.16.1/STM32CubeIDE/plugins/com.st.stm32cube.ide.mcu.externaltools.gnu-tools-for-stm32.12.3.rel1.win32_1.0.200.202406191623/tools/bin/../lib/gcc/arm-none-eabi/12.3.1/thumb/v7e-m+fp/hard/crtbegin.o
 *(.init)
 .init          0x0800a180        0x4 C:/ST/STM32CubeIDE_1.16.1/STM32CubeIDE/plugins/com.st.stm32cube.ide.mcu.externaltools.gnu-tools-for-stm32.12.3.rel1.win32_1.0.200.202406191623/tools/bin/../lib/gcc/arm-none-eabi/12.3.1/thumb/v7e-m+fp/hard/crti.o
                0x0800a180                _init
 .init          0x0800a184        0x8 C:/ST/STM32CubeIDE_1.16.1/STM32CubeIDE/plugins/com.st.stm32cube.ide.mcu.externaltools.gnu-tools-for-stm32.12.3.rel1.win32_1.0.200.202406191623/tools/bin/../lib/gcc/arm-none-eabi/12.3.1/thumb/v7e-m+fp/hard/crtn.o
 *(.fini)
 .fini          0x0800a18c        0x4 C:/ST/STM32CubeIDE_1.16.1/STM32CubeIDE/plugins/com.st.stm32cube.ide.mcu.externaltools.gnu-tools-for-stm32.12.3.rel1.win32_1.0.200.202406191623/tools/bin/../lib/gcc/arm-none-eabi/12.3.1/thumb/v7e-m+fp/hard/crti.o
                0x0800a18c                _fini
 .fini          0x0800a190        0x8 C:/ST/STM32CubeIDE_1.16.1/STM32CubeIDE/plugins/com.st.stm32cube.ide.mcu.externaltools.gnu-tools-for-stm32.12.3.rel1.win32_1.0.200.202406191623/tools/bin/../lib/gcc/arm-none-eabi/12.3.1/thumb/v7e-m+fp/hard/crtn.o
                0x0800a198                        . = ALIGN (0x4)
                0x0800a198                        _etext = .

.vfp11_veneer   0x0800a198        0x0
 .vfp11_veneer  0x0800a198        0x0 linker stubs

.v4_bx          0x0800a198        0x0
 .v4_bx         0x0800a198        0x0 linker stubs

.iplt           0x0800a198        0x0
 .iplt          0x0800a198        0x0 C:/ST/STM32CubeIDE_1.16.1/STM32CubeIDE/plugins/com.st.stm32cube.ide.mcu.externaltools.gnu-tools-for-stm32.12.3.rel1.win32_1.0.200.202406191623/tools/bin/../lib/gcc/arm-none-eabi/12.3.1/thumb/v7e-m+fp/hard/crtbegin.o

.rodata         0x0800a198      0x590
                0x0800a198                        . = ALIGN (0x4)
 *(.rodata)
 .rodata        0x0800a198       0xd7 ./BlueNRG_MS/App/app_bluenrg_ms.o
 *fill*         0x0800a26f        0x1 
 .rodata        0x0800a270       0xa1 ./BlueNRG_MS/App/sample_service.o
 *fill*         0x0800a311        0x3 
 .rodata        0x0800a314        0xd ./BlueNRG_MS/Target/hci_tl_interface.o
 *fill*         0x0800a321        0x3 
 .rodata        0x0800a324       0x57 ./Core/Src/AS7421.o
 *fill*         0x0800a37b        0x1 
 .rodata        0x0800a37c        0xf ./Core/Src/main.o
 *(.rodata*)
 *fill*         0x0800a38b        0x1 
 .rodata.AHBPrescTable
                0x0800a38c       0x10 ./Core/Src/system_stm32f4xx.o
                0x0800a38c                AHBPrescTable
 .rodata.APBPrescTable
                0x0800a39c        0x8 ./Core/Src/system_stm32f4xx.o
                0x0800a39c                APBPrescTable
 .rodata.LedGpioInit.4
                0x0800a3a4        0x4 ./Drivers/BSP/STM32F4xx_Nucleo/stm32f4xx_nucleo.o
 .rodata.ButtonGpioInit.3
                0x0800a3a8        0x4 ./Drivers/BSP/STM32F4xx_Nucleo/stm32f4xx_nucleo.o
 .rodata.BUTTON_EXTI_LINE.2
                0x0800a3ac        0x4 ./Drivers/BSP/STM32F4xx_Nucleo/stm32f4xx_nucleo.o
 .rodata.ButtonCallback.1
                0x0800a3b0        0x4 ./Drivers/BSP/STM32F4xx_Nucleo/stm32f4xx_nucleo.o
 .rodata.BSP_BUTTON_PRIO.0
                0x0800a3b4        0x4 ./Drivers/BSP/STM32F4xx_Nucleo/stm32f4xx_nucleo.o
 .rodata._printf_float.str1.1
                0x0800a3b8       0x12 C:/ST/STM32CubeIDE_1.16.1/STM32CubeIDE/plugins/com.st.stm32cube.ide.mcu.externaltools.gnu-tools-for-stm32.12.3.rel1.win32_1.0.200.202406191623/tools/bin/../lib/gcc/arm-none-eabi/12.3.1/../../../../arm-none-eabi/lib/thumb/v7e-m+fp/hard\libc_nano.a(libc_a-nano-vfprintf_float.o)
 .rodata._printf_i.str1.1
                0x0800a3ca       0x22 C:/ST/STM32CubeIDE_1.16.1/STM32CubeIDE/plugins/com.st.stm32cube.ide.mcu.externaltools.gnu-tools-for-stm32.12.3.rel1.win32_1.0.200.202406191623/tools/bin/../lib/gcc/arm-none-eabi/12.3.1/../../../../arm-none-eabi/lib/thumb/v7e-m+fp/hard\libc_nano.a(libc_a-nano-vfprintf_i.o)
 .rodata._dtoa_r.str1.1
                0x0800a3ec       0x8d C:/ST/STM32CubeIDE_1.16.1/STM32CubeIDE/plugins/com.st.stm32cube.ide.mcu.externaltools.gnu-tools-for-stm32.12.3.rel1.win32_1.0.200.202406191623/tools/bin/../lib/gcc/arm-none-eabi/12.3.1/../../../../arm-none-eabi/lib/thumb/v7e-m+fp/hard\libc_nano.a(libc_a-dtoa.o)
                                 0x8f (size before relaxing)
 .rodata._Balloc.str1.1
                0x0800a479       0x59 C:/ST/STM32CubeIDE_1.16.1/STM32CubeIDE/plugins/com.st.stm32cube.ide.mcu.externaltools.gnu-tools-for-stm32.12.3.rel1.win32_1.0.200.202406191623/tools/bin/../lib/gcc/arm-none-eabi/12.3.1/../../../../arm-none-eabi/lib/thumb/v7e-m+fp/hard\libc_nano.a(libc_a-mprec.o)
                                 0x70 (size before relaxing)
 .rodata.__multadd.str1.1
                0x0800a4d2       0x11 C:/ST/STM32CubeIDE_1.16.1/STM32CubeIDE/plugins/com.st.stm32cube.ide.mcu.externaltools.gnu-tools-for-stm32.12.3.rel1.win32_1.0.200.202406191623/tools/bin/../lib/gcc/arm-none-eabi/12.3.1/../../../../arm-none-eabi/lib/thumb/v7e-m+fp/hard\libc_nano.a(libc_a-mprec.o)
 *fill*         0x0800a4d2        0x2 
 .rodata.p05.0  0x0800a4d4        0xc C:/ST/STM32CubeIDE_1.16.1/STM32CubeIDE/plugins/com.st.stm32cube.ide.mcu.externaltools.gnu-tools-for-stm32.12.3.rel1.win32_1.0.200.202406191623/tools/bin/../lib/gcc/arm-none-eabi/12.3.1/../../../../arm-none-eabi/lib/thumb/v7e-m+fp/hard\libc_nano.a(libc_a-mprec.o)
 .rodata.__mprec_bigtens
                0x0800a4e0       0x28 C:/ST/STM32CubeIDE_1.16.1/STM32CubeIDE/plugins/com.st.stm32cube.ide.mcu.externaltools.gnu-tools-for-stm32.12.3.rel1.win32_1.0.200.202406191623/tools/bin/../lib/gcc/arm-none-eabi/12.3.1/../../../../arm-none-eabi/lib/thumb/v7e-m+fp/hard\libc_nano.a(libc_a-mprec.o)
                0x0800a4e0                __mprec_bigtens
 .rodata.__mprec_tens
                0x0800a508       0xc8 C:/ST/STM32CubeIDE_1.16.1/STM32CubeIDE/plugins/com.st.stm32cube.ide.mcu.externaltools.gnu-tools-for-stm32.12.3.rel1.win32_1.0.200.202406191623/tools/bin/../lib/gcc/arm-none-eabi/12.3.1/../../../../arm-none-eabi/lib/thumb/v7e-m+fp/hard\libc_nano.a(libc_a-mprec.o)
                0x0800a508                __mprec_tens
 .rodata._svfprintf_r.str1.1
                0x0800a5d0       0x11 C:/ST/STM32CubeIDE_1.16.1/STM32CubeIDE/plugins/com.st.stm32cube.ide.mcu.externaltools.gnu-tools-for-stm32.12.3.rel1.win32_1.0.200.202406191623/tools/bin/../lib/gcc/arm-none-eabi/12.3.1/../../../../arm-none-eabi/lib/thumb/v7e-m+fp/hard\libc_nano.a(libc_a-nano-svfprintf.o)
 .rodata._vfprintf_r.str1.1
                0x0800a5e1       0x11 C:/ST/STM32CubeIDE_1.16.1/STM32CubeIDE/plugins/com.st.stm32cube.ide.mcu.externaltools.gnu-tools-for-stm32.12.3.rel1.win32_1.0.200.202406191623/tools/bin/../lib/gcc/arm-none-eabi/12.3.1/../../../../arm-none-eabi/lib/thumb/v7e-m+fp/hard\libc_nano.a(libc_a-nano-vfprintf.o)
 .rodata._setlocale_r.str1.1
                0x0800a5e1        0x8 C:/ST/STM32CubeIDE_1.16.1/STM32CubeIDE/plugins/com.st.stm32cube.ide.mcu.externaltools.gnu-tools-for-stm32.12.3.rel1.win32_1.0.200.202406191623/tools/bin/../lib/gcc/arm-none-eabi/12.3.1/../../../../arm-none-eabi/lib/thumb/v7e-m+fp/hard\libc_nano.a(libc_a-locale.o)
                                  0x9 (size before relaxing)
 .rodata.str1.1
                0x0800a5e9        0x2 C:/ST/STM32CubeIDE_1.16.1/STM32CubeIDE/plugins/com.st.stm32cube.ide.mcu.externaltools.gnu-tools-for-stm32.12.3.rel1.win32_1.0.200.202406191623/tools/bin/../lib/gcc/arm-none-eabi/12.3.1/../../../../arm-none-eabi/lib/thumb/v7e-m+fp/hard\libc_nano.a(libc_a-locale.o)
 .rodata.__assert_func.str1.1
                0x0800a5eb       0x3c C:/ST/STM32CubeIDE_1.16.1/STM32CubeIDE/plugins/com.st.stm32cube.ide.mcu.externaltools.gnu-tools-for-stm32.12.3.rel1.win32_1.0.200.202406191623/tools/bin/../lib/gcc/arm-none-eabi/12.3.1/../../../../arm-none-eabi/lib/thumb/v7e-m+fp/hard\libc_nano.a(libc_a-assert.o)
                                 0x3d (size before relaxing)
 .rodata._ctype_
                0x0800a627      0x101 C:/ST/STM32CubeIDE_1.16.1/STM32CubeIDE/plugins/com.st.stm32cube.ide.mcu.externaltools.gnu-tools-for-stm32.12.3.rel1.win32_1.0.200.202406191623/tools/bin/../lib/gcc/arm-none-eabi/12.3.1/../../../../arm-none-eabi/lib/thumb/v7e-m+fp/hard\libc_nano.a(libc_a-ctype_.o)
                0x0800a627                _ctype_
                0x0800a728                        . = ALIGN (0x4)

.ARM.extab      0x0800a728        0x0
                0x0800a728                        . = ALIGN (0x4)
 *(.ARM.extab* .gnu.linkonce.armextab.*)
                0x0800a728                        . = ALIGN (0x4)

.ARM            0x0800a728        0x8
                0x0800a728                        . = ALIGN (0x4)
                0x0800a728                        __exidx_start = .
 *(.ARM.exidx*)
 .ARM.exidx     0x0800a728        0x8 C:/ST/STM32CubeIDE_1.16.1/STM32CubeIDE/plugins/com.st.stm32cube.ide.mcu.externaltools.gnu-tools-for-stm32.12.3.rel1.win32_1.0.200.202406191623/tools/bin/../lib/gcc/arm-none-eabi/12.3.1/../../../../arm-none-eabi/lib/thumb/v7e-m+fp/hard\libc_nano.a(libc_a-memchr.o)
 .ARM.exidx     0x0800a730        0x0 C:/ST/STM32CubeIDE_1.16.1/STM32CubeIDE/plugins/com.st.stm32cube.ide.mcu.externaltools.gnu-tools-for-stm32.12.3.rel1.win32_1.0.200.202406191623/tools/bin/../lib/gcc/arm-none-eabi/12.3.1/../../../../arm-none-eabi/lib/thumb/v7e-m+fp/hard\libc_nano.a(libc_a-strlen.o)
                                  0x8 (size before relaxing)
 .ARM.exidx     0x0800a730        0x0 C:/ST/STM32CubeIDE_1.16.1/STM32CubeIDE/plugins/com.st.stm32cube.ide.mcu.externaltools.gnu-tools-for-stm32.12.3.rel1.win32_1.0.200.202406191623/tools/bin/../lib/gcc/arm-none-eabi/12.3.1/thumb/v7e-m+fp/hard\libgcc.a(_udivmoddi4.o)
                                  0x8 (size before relaxing)
                0x0800a730                        __exidx_end = .
                0x0800a730                        . = ALIGN (0x4)

.preinit_array  0x0800a730        0x0
                0x0800a730                        . = ALIGN (0x4)
                0x0800a730                        PROVIDE (__preinit_array_start = .)
 *(.preinit_array*)
                0x0800a730                        PROVIDE (__preinit_array_end = .)
                0x0800a730                        . = ALIGN (0x4)

.init_array     0x0800a730        0x4
                0x0800a730                        . = ALIGN (0x4)
                0x0800a730                        PROVIDE (__init_array_start = .)
 *(SORT_BY_NAME(.init_array.*))
 *(.init_array*)
 .init_array    0x0800a730        0x4 C:/ST/STM32CubeIDE_1.16.1/STM32CubeIDE/plugins/com.st.stm32cube.ide.mcu.externaltools.gnu-tools-for-stm32.12.3.rel1.win32_1.0.200.202406191623/tools/bin/../lib/gcc/arm-none-eabi/12.3.1/thumb/v7e-m+fp/hard/crtbegin.o
                0x0800a734                        PROVIDE (__init_array_end = .)
                0x0800a734                        . = ALIGN (0x4)

.fini_array     0x0800a734        0x4
                0x0800a734                        . = ALIGN (0x4)
                [!provide]                        PROVIDE (__fini_array_start = .)
 *(SORT_BY_NAME(.fini_array.*))
 *(.fini_array*)