../BlueNRG_MS/App/sample_service.c:86:12:Add_Sample_Service	96	static
../BlueNRG_MS/App/sample_service.c:125:6:Make_Connection	56	static
../BlueNRG_MS/App/sample_service.c:150:6:startReadTXCharHandle	40	static
../BlueNRG_MS/App/sample_service.c:167:6:startReadRXCharHandle	40	static
../BlueNRG_MS/App/sample_service.c:186:6:receiveData	24	static
../BlueNRG_MS/App/sample_service.c:203:6:sendData	24	static
../BlueNRG_MS/App/sample_service.c:218:6:enableNotification	16	static
../BlueNRG_MS/App/sample_service.c:238:6:Attribute_Modified_CB	16	static
../BlueNRG_MS/App/sample_service.c:254:6:GAP_ConnectionComplete_CB	24	static
../BlueNRG_MS/App/sample_service.c:271:6:GAP_DisconnectionComplete_CB	8	static
../BlueNRG_MS/App/sample_service.c:292:6:GATT_Notification_CB	16	static
../BlueNRG_MS/App/sample_service.c:306:6:user_notify	56	static
