../BlueNRG_MS/Target/hci_tl_interface.c:41:9:HCI_TL_SPI_Init	40	static
../BlueNRG_MS/Target/hci_tl_interface.c:77:9:HCI_TL_SPI_DeInit	8	static
../BlueNRG_MS/Target/hci_tl_interface.c:91:9:HCI_TL_SPI_Reset	8	static
../BlueNRG_MS/Target/hci_tl_interface.c:110:9:HCI_TL_SPI_Receive	40	static
../BlueNRG_MS/Target/hci_tl_interface.c:168:9:HCI_TL_SPI_Send	40	static
../BlueNRG_MS/Target/hci_tl_interface.c:224:16:IsDataAvailable	8	static
../BlueNRG_MS/Target/hci_tl_interface.c:236:6:hci_tl_lowlevel_init	40	static
../BlueNRG_MS/Target/hci_tl_interface.c:275:6:hci_tl_lowlevel_isr	8	static
