../Core/Src/AS7421.c:12:16:AS7421_readRegister	24	static
../Core/Src/AS7421.c:20:13:AS7421_readRegisters	16	static
../Core/Src/AS7421.c:26:13:AS7421_writeRegister	56	dynamic
../Core/Src/AS7421.c:36:13:AS7421_writeRegisters	16	static
../Core/Src/AS7421.c:47:17:byteSwap16	16	static
../Core/Src/AS7421.c:52:6:fpu_enable	4	static
../Core/Src/AS7421.c:62:6:isConnected	24	static
../Core/Src/AS7421.c:106:6:initialize	8	static
../Core/Src/AS7421.c:134:6:startup	16	static
../Core/Src/AS7421.c:156:6:performMeasurements	24	static
../Core/Src/AS7421.c:169:6:configueLEDWait	24	static
../Core/Src/AS7421.c:185:6:setInterLED	16	static
../Core/Src/AS7421.c:196:6:configureWaitCycle	24	static
../Core/Src/AS7421.c:212:6:setWaitTime	24	static
../Core/Src/AS7421.c:224:6:setLTF_CCOUNT	24	static
../Core/Src/AS7421.c:241:6:configureLEDAuto	24	static
../Core/Src/AS7421.c:259:6:setIntegrationTime	24	static
../Core/Src/AS7421.c:275:6:numMeasurements	16	static
../Core/Src/AS7421.c:286:6:setIntegrationMode	24	static
../Core/Src/AS7421.c:301:6:configureAutozero	32	static
../Core/Src/AS7421.c:330:6:powerup	16	static
../Core/Src/AS7421.c:343:6:reset	16	static
../Core/Src/AS7421.c:351:6:sleep	16	static
../Core/Src/AS7421.c:358:6:writeRAMData	16	static
../Core/Src/AS7421.c:410:6:zeroSMUX	24	static
../Core/Src/AS7421.c:425:6:setSMUX	16	static
../Core/Src/AS7421.c:432:6:setSMUX_A	16	static
../Core/Src/AS7421.c:438:6:setSMUX_B	16	static
../Core/Src/AS7421.c:444:6:setSMUX_C	16	static
../Core/Src/AS7421.c:450:6:setSMUX_D	16	static
../Core/Src/AS7421.c:456:6:configureSMUX	8	static
../Core/Src/AS7421.c:468:6:configureGain	24	static
../Core/Src/AS7421.c:493:6:configureLEDs	24	static
../Core/Src/AS7421.c:519:6:startMeasurements	24	static
../Core/Src/AS7421.c:538:6:stopMeasurements	16	static
../Core/Src/AS7421.c:554:6:measurementActive	16	static
../Core/Src/AS7421.c:562:6:measurementReady	16	static
../Core/Src/AS7421.c:578:6:getMeasurementStatus	24	static
../Core/Src/AS7421.c:591:10:recordChannelData	24	static
../Core/Src/AS7421.c:601:10:getChannel1	8	static
../Core/Src/AS7421.c:605:10:getChannel48	8	static
../Core/Src/AS7421.c:609:10:getChannel2	8	static
../Core/Src/AS7421.c:613:10:getChannel34	8	static
../Core/Src/AS7421.c:617:10:getChannel16	8	static
../Core/Src/AS7421.c:622:10:getChannel32	8	static
../Core/Src/AS7421.c:626:10:getChannel18	8	static
../Core/Src/AS7421.c:630:10:getChannel51	8	static
../Core/Src/AS7421.c:636:10:getChannel4	8	static
../Core/Src/AS7421.c:640:10:getChannel49	8	static
../Core/Src/AS7421.c:644:10:getChannel3	8	static
../Core/Src/AS7421.c:648:10:getChannel35	8	static
../Core/Src/AS7421.c:653:10:getChannel17	8	static
../Core/Src/AS7421.c:657:10:getChannel33	8	static
../Core/Src/AS7421.c:661:10:getChannel19	8	static
../Core/Src/AS7421.c:665:10:getChannel54	8	static
../Core/Src/AS7421.c:671:10:getChannel0	8	static
../Core/Src/AS7421.c:675:10:getChannel13	8	static
../Core/Src/AS7421.c:679:10:getChannel50	8	static
../Core/Src/AS7421.c:683:10:getChannel63	8	static
../Core/Src/AS7421.c:687:10:getChannel52	8	static
../Core/Src/AS7421.c:691:10:getChannel6	8	static
../Core/Src/AS7421.c:695:10:getChannel38	8	static
../Core/Src/AS7421.c:699:10:getChannel20	8	static
../Core/Src/AS7421.c:705:10:getChannel36	8	static
../Core/Src/AS7421.c:709:10:getChannel22	8	static
../Core/Src/AS7421.c:713:10:getChannel55	8	static
../Core/Src/AS7421.c:717:10:getChannel5	8	static
../Core/Src/AS7421.c:721:10:getChannel53	8	static
../Core/Src/AS7421.c:725:10:getChannel7	8	static
../Core/Src/AS7421.c:729:10:getChannel39	8	static
../Core/Src/AS7421.c:733:10:getChannel21	8	static
../Core/Src/AS7421.c:739:10:getChannel37	8	static
../Core/Src/AS7421.c:743:10:getChannel23	8	static
../Core/Src/AS7421.c:747:10:getChannel40	8	static
../Core/Src/AS7421.c:751:10:getChannel26	8	static
../Core/Src/AS7421.c:755:10:getChannel42	8	static
../Core/Src/AS7421.c:759:10:getChannel24	8	static
../Core/Src/AS7421.c:763:10:getChannel56	8	static
../Core/Src/AS7421.c:767:10:getChannel10	8	static
../Core/Src/AS7421.c:773:10:getChannel58	8	static
../Core/Src/AS7421.c:777:10:getChannel8	8	static
../Core/Src/AS7421.c:781:10:getChannel41	8	static
../Core/Src/AS7421.c:785:10:getChannel27	8	static
../Core/Src/AS7421.c:789:10:getChannel43	8	static
../Core/Src/AS7421.c:793:10:getChannel25	8	static
../Core/Src/AS7421.c:797:10:getChannel57	8	static
../Core/Src/AS7421.c:801:10:getChannel11	8	static
../Core/Src/AS7421.c:807:10:getChannel59	8	static
../Core/Src/AS7421.c:811:10:getChannel9	8	static
../Core/Src/AS7421.c:815:10:getChannel44	8	static
../Core/Src/AS7421.c:819:10:getChannel30	8	static
../Core/Src/AS7421.c:823:10:getChannel46	8	static
../Core/Src/AS7421.c:827:10:getChannel28	8	static
../Core/Src/AS7421.c:831:10:getChannel60	8	static
../Core/Src/AS7421.c:835:10:getChannel14	8	static
../Core/Src/AS7421.c:841:10:getChannel62	8	static
../Core/Src/AS7421.c:845:10:getChannel12	8	static
../Core/Src/AS7421.c:849:10:getChannel45	8	static
../Core/Src/AS7421.c:853:10:getChannel31	8	static
../Core/Src/AS7421.c:857:10:getChannel47	8	static
../Core/Src/AS7421.c:861:10:getChannel29	8	static
../Core/Src/AS7421.c:865:10:getChannel61	8	static
../Core/Src/AS7421.c:869:10:getChannel15	8	static
../Core/Src/AS7421.c:875:6:getAllSpectralData	24	static
../Core/Src/AS7421.c:1116:10:recordTemperatures	24	static
../Core/Src/AS7421.c:1125:10:getTemp_IntA	8	static
../Core/Src/AS7421.c:1129:10:getTemp_IntB	8	static
../Core/Src/AS7421.c:1133:10:getTemp_IntC	8	static
../Core/Src/AS7421.c:1137:10:getTemp_IntD	8	static
../Core/Src/AS7421.c:1142:6:getAllTemperatureData	24	static
